Component: ARM Compiler 5.06 update 6 (build 750) Tool: armlink [4d35ed]

==============================================================================

Section Cross References

    startup_stm32f103xb.o(STACK) refers (Special) to heapauxi.o(.text) for __use_two_region_memory
    startup_stm32f103xb.o(HEAP) refers (Special) to heapauxi.o(.text) for __use_two_region_memory
    startup_stm32f103xb.o(RESET) refers (Special) to heapauxi.o(.text) for __use_two_region_memory
    startup_stm32f103xb.o(RESET) refers to startup_stm32f103xb.o(STACK) for __initial_sp
    startup_stm32f103xb.o(RESET) refers to startup_stm32f103xb.o(.text) for Reset_Handler
    startup_stm32f103xb.o(RESET) refers to stm32f1xx_it.o(i.NMI_Handler) for NMI_Handler
    startup_stm32f103xb.o(RESET) refers to stm32f1xx_it.o(i.HardFault_Handler) for HardFault_Handler
    startup_stm32f103xb.o(RESET) refers to stm32f1xx_it.o(i.MemManage_Handler) for MemManage_Handler
    startup_stm32f103xb.o(RESET) refers to stm32f1xx_it.o(i.BusFault_Handler) for BusFault_Handler
    startup_stm32f103xb.o(RESET) refers to stm32f1xx_it.o(i.UsageFault_Handler) for UsageFault_Handler
    startup_stm32f103xb.o(RESET) refers to stm32f1xx_it.o(i.SVC_Handler) for SVC_Handler
    startup_stm32f103xb.o(RESET) refers to stm32f1xx_it.o(i.DebugMon_Handler) for DebugMon_Handler
    startup_stm32f103xb.o(RESET) refers to stm32f1xx_it.o(i.PendSV_Handler) for PendSV_Handler
    startup_stm32f103xb.o(RESET) refers to stm32f1xx_it.o(i.SysTick_Handler) for SysTick_Handler
    startup_stm32f103xb.o(RESET) refers to stm32f1xx_it.o(i.EXTI1_IRQHandler) for EXTI1_IRQHandler
    startup_stm32f103xb.o(RESET) refers to stm32f1xx_it.o(i.DMA1_Channel1_IRQHandler) for DMA1_Channel1_IRQHandler
    startup_stm32f103xb.o(RESET) refers to stm32f1xx_it.o(i.DMA1_Channel5_IRQHandler) for DMA1_Channel5_IRQHandler
    startup_stm32f103xb.o(RESET) refers to stm32f1xx_it.o(i.DMA1_Channel7_IRQHandler) for DMA1_Channel7_IRQHandler
    startup_stm32f103xb.o(RESET) refers to stm32f1xx_it.o(i.EXTI9_5_IRQHandler) for EXTI9_5_IRQHandler
    startup_stm32f103xb.o(RESET) refers to stm32f1xx_it.o(i.TIM1_UP_IRQHandler) for TIM1_UP_IRQHandler
    startup_stm32f103xb.o(RESET) refers to stm32f1xx_it.o(i.TIM3_IRQHandler) for TIM3_IRQHandler
    startup_stm32f103xb.o(RESET) refers to stm32f1xx_it.o(i.USART1_IRQHandler) for USART1_IRQHandler
    startup_stm32f103xb.o(RESET) refers to stm32f1xx_it.o(i.USART2_IRQHandler) for USART2_IRQHandler
    startup_stm32f103xb.o(RESET) refers to stm32f1xx_it.o(i.EXTI15_10_IRQHandler) for EXTI15_10_IRQHandler
    startup_stm32f103xb.o(.text) refers (Special) to heapauxi.o(.text) for __use_two_region_memory
    startup_stm32f103xb.o(.text) refers to system_stm32f1xx.o(i.SystemInit) for SystemInit
    startup_stm32f103xb.o(.text) refers to __main.o(!!!main) for __main
    startup_stm32f103xb.o(.text) refers to startup_stm32f103xb.o(HEAP) for Heap_Mem
    startup_stm32f103xb.o(.text) refers to startup_stm32f103xb.o(STACK) for Stack_Mem
    lora.o(i.FSK_transmit) refers to lora.o(i.LoRa_gotoMode) for LoRa_gotoMode
    lora.o(i.FSK_transmit) refers to lora.o(i.LoRa_read) for LoRa_read
    lora.o(i.FSK_transmit) refers to lora.o(i.LoRa_BurstWrite) for LoRa_BurstWrite
    lora.o(i.FSK_transmit) refers to lora.o(i.LoRa_write) for LoRa_write
    lora.o(i.LoRa_BurstWrite) refers to stm32f1xx_hal_gpio.o(i.HAL_GPIO_WritePin) for HAL_GPIO_WritePin
    lora.o(i.LoRa_BurstWrite) refers to stm32f1xx_hal_spi.o(i.HAL_SPI_Transmit) for HAL_SPI_Transmit
    lora.o(i.LoRa_BurstWrite) refers to stm32f1xx_hal_spi.o(i.HAL_SPI_GetState) for HAL_SPI_GetState
    lora.o(i.LoRa_Config) refers to lora.o(i.LoRa_gotoMode) for LoRa_gotoMode
    lora.o(i.LoRa_Config) refers to stm32f1xx_hal.o(i.HAL_Delay) for HAL_Delay
    lora.o(i.LoRa_Config) refers to lora.o(i.LoRa_read) for LoRa_read
    lora.o(i.LoRa_Config) refers to lora.o(i.LoRa_write) for LoRa_write
    lora.o(i.LoRa_Config) refers to lora.o(i.LoRa_setFrequency) for LoRa_setFrequency
    lora.o(i.LoRa_Config) refers to lora.o(i.LoRa_setPower) for LoRa_setPower
    lora.o(i.LoRa_Config) refers to lora.o(i.LoRa_setOCP) for LoRa_setOCP
    lora.o(i.LoRa_Config) refers to lora.o(i.LoRa_setTOMsb_setCRCon) for LoRa_setTOMsb_setCRCon
    lora.o(i.LoRa_Config) refers to lora.o(i.LoRa_setSpreadingFactor) for LoRa_setSpreadingFactor
    lora.o(i.LoRa_Config) refers to lora.o(i.LoRa_setAutoLDO) for LoRa_setAutoLDO
    lora.o(i.LoRa_getRSSI) refers to lora.o(i.LoRa_read) for LoRa_read
    lora.o(i.LoRa_gotoMode) refers to lora.o(i.LoRa_read) for LoRa_read
    lora.o(i.LoRa_gotoMode) refers to lora.o(i.LoRa_write) for LoRa_write
    lora.o(i.LoRa_read) refers to lora.o(i.LoRa_readReg) for LoRa_readReg
    lora.o(i.LoRa_readReg) refers to stm32f1xx_hal_gpio.o(i.HAL_GPIO_WritePin) for HAL_GPIO_WritePin
    lora.o(i.LoRa_readReg) refers to stm32f1xx_hal_spi.o(i.HAL_SPI_Transmit) for HAL_SPI_Transmit
[...]
    ..\Drivers\STM32F1xx_HAL_Driver\Src\stm32f1xx_hal_spi.c 0x00000000   Number         0  stm32f1xx_hal_spi.o ABSOLUTE
    ..\Drivers\STM32F1xx_HAL_Driver\Src\stm32f1xx_hal_tim.c 0x00000000   Number         0  stm32f1xx_hal_tim.o ABSOLUTE
    ..\Drivers\STM32F1xx_HAL_Driver\Src\stm32f1xx_hal_tim_ex.c 0x00000000   Number         0  stm32f1xx_hal_tim_ex.o ABSOLUTE
    ..\Drivers\STM32F1xx_HAL_Driver\Src\stm32f1xx_hal_uart.c 0x00000000   Number         0  stm32f1xx_hal_uart.o ABSOLUTE
    ..\\Core\\Src\\LoRa.c                    0x00000000   Number         0  lora.o ABSOLUTE
    dc.s                                     0x00000000   Number         0  dc.o ABSOLUTE
    startup_stm32f103xb.s                    0x00000000   Number         0  startup_stm32f103xb.o ABSOLUTE
    RESET                                    0x08000000   Section      236  startup_stm32f103xb.o(RESET)
    !!!main                                  0x080000ec   Section        8  __main.o(!!!main)
    !!!scatter                               0x080000f4   Section       52  __scatter.o(!!!scatter)
    !!handler_copy                           0x08000128   Section       26  __scatter_copy.o(!!handler_copy)
    !!handler_zi                             0x08000144   Section       28  __scatter_zi.o(!!handler_zi)
    .ARM.Collect$$_printf_percent$$00000000  0x08000160   Section        0  _printf_percent.o(.ARM.Collect$$_printf_percent$$00000000)
    .ARM.Collect$$_printf_percent$$00000009  0x08000160   Section        6  _printf_d.o(.ARM.Collect$$_printf_percent$$00000009)
    .ARM.Collect$$_printf_percent$$0000000A  0x08000166   Section        6  _printf_u.o(.ARM.Collect$$_printf_percent$$0000000A)
    .ARM.Collect$$_printf_percent$$00000017  0x0800016c   Section        4  _printf_percent_end.o(.ARM.Collect$$_printf_percent$$00000017)
    .ARM.Collect$$libinit$$00000000          0x08000170   Section        2  libinit.o(.ARM.Collect$$libinit$$00000000)
    .ARM.Collect$$libinit$$00000002          0x08000172   Section        0  libinit2.o(.ARM.Collect$$libinit$$00000002)
    .ARM.Collect$$libinit$$00000004          0x08000172   Section        0  libinit2.o(.ARM.Collect$$libinit$$00000004)
    .ARM.Collect$$libinit$$0000000A          0x08000172   Section        0  libinit2.o(.ARM.Collect$$libinit$$0000000A)
    .ARM.Collect$$libinit$$0000000C          0x08000172   Section        0  libinit2.o(.ARM.Collect$$libinit$$0000000C)
    .ARM.Collect$$libinit$$0000000E          0x08000172   Section        0  libinit2.o(.ARM.Collect$$libinit$$0000000E)
    .ARM.Collect$$libinit$$00000011          0x08000172   Section        0  libinit2.o(.ARM.Collect$$libinit$$00000011)
    .ARM.Collect$$libinit$$00000013          0x08000172   Section        0  libinit2.o(.ARM.Collect$$libinit$$00000013)
    .ARM.Collect$$libinit$$00000015          0x08000172   Section        0  libinit2.o(.ARM.Collect$$libinit$$00000015)
    .ARM.Collect$$libinit$$00000017          0x08000172   Section        0  libinit2.o(.ARM.Collect$$libinit$$00000017)
    .ARM.Collect$$libinit$$00000019          0x08000172   Section        0  libinit2.o(.ARM.Collect$$libinit$$00000019)
    .ARM.Collect$$libinit$$0000001B          0x08000172   Section        0  libinit2.o(.ARM.Collect$$libinit$$0000001B)
    .ARM.Collect$$libinit$$0000001D          0x08000172   Section        0  libinit2.o(.ARM.Collect$$libinit$$0000001D)
    .ARM.Collect$$libinit$$0000001F          0x08000172   Section        0  libinit2.o(.ARM.Collect$$libinit$$0000001F)
    .ARM.Collect$$libinit$$00000021          0x08000172   Section        0  libinit2.o(.ARM.Collect$$libinit$$00000021)
    .ARM.Collect$$libinit$$00000023          0x08000172   Section        0  libinit2.o(.ARM.Collect$$libinit$$00000023)
    .ARM.Collect$$libinit$$00000025          0x08000172   Section        0  libinit2.o(.ARM.Collect$$libinit$$00000025)
    .ARM.Collect$$libinit$$0000002C          0x08000172   Section        0  libinit2.o(.ARM.Collect$$libinit$$0000002C)
    .ARM.Collect$$libinit$$0000002E          0x08000172   Section        0  libinit2.o(.ARM.Collect$$libinit$$0000002E)
    .ARM.Collect$$libinit$$00000030          0x08000172   Section        0  libinit2.o(.ARM.Collect$$libinit$$00000030)
    .ARM.Collect$$libinit$$00000032          0x08000172   Section        0  libinit2.o(.ARM.Collect$$libinit$$00000032)
    .ARM.Collect$$libinit$$00000033          0x08000172   Section        2  libinit2.o(.ARM.Collect$$libinit$$00000033)
    .ARM.Collect$$libshutdown$$00000000      0x08000174   Section        2  libshutdown.o(.ARM.Collect$$libshutdown$$00000000)
    .ARM.Collect$$libshutdown$$00000002      0x08000176   Section        0  libshutdown2.o(.ARM.Collect$$libshutdown$$00000002)
    .ARM.Collect$$libshutdown$$00000004      0x08000176   Section        0  libshutdown2.o(.ARM.Collect$$libshutdown$$00000004)
    .ARM.Collect$$libshutdown$$00000007      0x08000176   Section        0  libshutdown2.o(.ARM.Collect$$libshutdown$$00000007)
    .ARM.Collect$$libshutdown$$0000000A      0x08000176   Section        0  libshutdown2.o(.ARM.Collect$$libshutdown$$0000000A)
    .ARM.Collect$$libshutdown$$0000000C      0x08000176   Section        0  libshutdown2.o(.ARM.Collect$$libshutdown$$0000000C)
    .ARM.Collect$$libshutdown$$0000000F      0x08000176   Section        0  libshutdown2.o(.ARM.Collect$$libshutdown$$0000000F)
    .ARM.Collect$$libshutdown$$00000010      0x08000176   Section        2  libshutdown2.o(.ARM.Collect$$libshutdown$$00000010)
    .ARM.Collect$$rtentry$$00000000          0x08000178   Section        0  __rtentry.o(.ARM.Collect$$rtentry$$00000000)
    .ARM.Collect$$rtentry$$00000002          0x08000178   Section        0  __rtentry2.o(.ARM.Collect$$rtentry$$00000002)
    .ARM.Collect$$rtentry$$00000004          0x08000178   Section        6  __rtentry4.o(.ARM.Collect$$rtentry$$00000004)
    .ARM.Collect$$rtentry$$00000009          0x0800017e   Section        0  __rtentry2.o(.ARM.Collect$$rtentry$$00000009)
    .ARM.Collect$$rtentry$$0000000A          0x0800017e   Section        4  __rtentry2.o(.ARM.Collect$$rtentry$$0000000A)
    .ARM.Collect$$rtentry$$0000000C          0x08000182   Section        0  __rtentry2.o(.ARM.Collect$$rtentry$$0000000C)
    .ARM.Collect$$rtentry$$0000000D          0x08000182   Section        8  __rtentry2.o(.ARM.Collect$$rtentry$$0000000D)
    .ARM.Collect$$rtexit$$00000000           0x0800018a   Section        2  rtexit.o(.ARM.Collect$$rtexit$$00000000)
    .ARM.Collect$$rtexit$$00000002           0x0800018c   Section        0  rtexit2.o(.ARM.Collect$$rtexit$$00000002)
    .ARM.Collect$$rtexit$$00000003           0x0800018c   Section        4  rtexit2.o(.ARM.Collect$$rtexit$$00000003)
    .ARM.Collect$$rtexit$$00000004           0x08000190   Section        6  rtexit2.o(.ARM.Collect$$rtexit$$00000004)
    .text                                    0x08000198   Section       64  startup_stm32f103xb.o(.text)
    .text                                    0x080001d8   Section        0  noretval__2sprintf.o(.text)
    .text                                    0x08000200   Section        0  __printf.o(.text)
    .text                                    0x08000268   Section        0  _printf_dec.o(.text)
    .text                                    0x080002e0   Section        0  strlen.o(.text)
    .text                                    0x0800031e   Section      100  rt_memcpy_w.o(.text)
    .text                                    0x08000382   Section       78  rt_memclr_w.o(.text)
    .text                                    0x080003d0   Section        0  heapauxi.o(.text)
    .text                                    0x080003d6   Section        0  _printf_intcommon.o(.text)
    .text                                    0x08000488   Section        0  _printf_char_common.o(.text)
    _printf_input_char                       0x08000489   Thumb Code    10  _printf_char_common.o(.text)
    .text                                    0x080004b8   Section        0  _sputc.o(.text)
    .text                                    0x080004c2   Section       74  sys_stackheap_outer.o(.text)
    .text                                    0x0800050c   Section        0  exit.o(.text)
    .text                                    0x08000520   Section        8  libspace.o(.text)
    .text                                    0x08000528   Section        0  sys_exit.o(.text)
    .text                                    0x08000534   Section        2  use_no_semi.o(.text)
    .text                                    0x08000536   Section        0  indicate_semi.o(.text)
    i.ADC_ConversionStop_Disable             0x08000538   Section        0  stm32f1xx_hal_adc.o(i.ADC_ConversionStop_Disable)
    i.ADC_DMAConvCplt                        0x0800058e   Section        0  stm32f1xx_hal_adc.o(i.ADC_DMAConvCplt)
    i.ADC_DMAError                           0x080005dc   Section        0  stm32f1xx_hal_adc.o(i.ADC_DMAError)
    i.ADC_DMAHalfConvCplt                    0x080005f6   Section        0  stm32f1xx_hal_adc.o(i.ADC_DMAHalfConvCplt)
    i.ADC_Enable                             0x08000600   Section        0  stm32f1xx_hal_adc.o(i.ADC_Enable)
    i.BusFault_Handler                       0x0800067c   Section        0  stm32f1xx_it.o(i.BusFault_Handler)
    i.DMA1_Channel1_IRQHandler               0x08000680   Section        0  stm32f1xx_it.o(i.DMA1_Channel1_IRQHandler)
    i.DMA1_Channel5_IRQHandler               0x0800068c   Section        0  stm32f1xx_it.o(i.DMA1_Channel5_IRQHandler)
    i.DMA1_Channel7_IRQHandler               0x08000698   Section        0  stm32f1xx_it.o(i.DMA1_Channel7_IRQHandler)
    i.DMA_SetConfig                          0x080006a4   Section        0  stm32f1xx_hal_dma.o(i.DMA_SetConfig)
    DMA_SetConfig                            0x080006a5   Thumb Code    42  stm32f1xx_hal_dma.o(i.DMA_SetConfig)
    i.DebugMon_Handler                       0x080006ce   Section        0  stm32f1xx_it.o(i.DebugMon_Handler)
    i.EXTI15_10_IRQHandler                   0x080006d0   Section        0  stm32f1xx_it.o(i.EXTI15_10_IRQHandler)
    i.EXTI1_IRQHandler                       0x080006d8   Section        0  stm32f1xx_it.o(i.EXTI1_IRQHandler)
    i.EXTI9_5_IRQHandler                     0x080006de   Section        0  stm32f1xx_it.o(i.EXTI9_5_IRQHandler)
    i.Error_Handler                          0x080006e4   Section        0  main.o(i.Error_Handler)
    i.GetTimeUs                              0x080006e8   Section        0  main.o(i.GetTimeUs)
    i.HAL_ADC_ConfigChannel                  0x08000700   Section        0  stm32f1xx_hal_adc.o(i.HAL_ADC_ConfigChannel)
    i.HAL_ADC_ConvCpltCallback               0x080007fc   Section        0  stm32f1xx_hal_adc.o(i.HAL_ADC_ConvCpltCallback)
    i.HAL_ADC_ConvHalfCpltCallback           0x080007fe   Section        0  stm32f1xx_hal_adc.o(i.HAL_ADC_ConvHalfCpltCallback)
    i.HAL_ADC_ErrorCallback                  0x08000800   Section        0  stm32f1xx_hal_adc.o(i.HAL_ADC_ErrorCallback)
    i.HAL_ADC_Init                           0x08000804   Section        0  stm32f1xx_hal_adc.o(i.HAL_ADC_Init)
    i.HAL_ADC_MspInit                        0x08000920   Section        0  stm32f1xx_hal_msp.o(i.HAL_ADC_MspInit)
    i.HAL_ADC_Start_DMA                      0x080009b0   Section        0  stm32f1xx_hal_adc.o(i.HAL_ADC_Start_DMA)
    i.HAL_DMA_Abort                          0x08000abc   Section        0  stm32f1xx_hal_dma.o(i.HAL_DMA_Abort)
    i.HAL_DMA_Abort_IT                       0x08000b04   Section        0  stm32f1xx_hal_dma.o(i.HAL_DMA_Abort_IT)
    i.HAL_DMA_IRQHandler                     0x08000b9c   Section        0  stm32f1xx_hal_dma.o(i.HAL_DMA_IRQHandler)
    i.HAL_DMA_Init                           0x08000cf0   Section        0  stm32f1xx_hal_dma.o(i.HAL_DMA_Init)
    i.HAL_DMA_Start_IT                       0x08000d4c   Section        0  stm32f1xx_hal_dma.o(i.HAL_DMA_Start_IT)
    i.HAL_Delay                              0x08000dbc   Section        0  stm32f1xx_hal.o(i.HAL_Delay)
    i.HAL_GPIO_EXTI_Callback                 0x08000de0   Section        0  main.o(i.HAL_GPIO_EXTI_Callback)
    i.HAL_GPIO_EXTI_IRQHandler               0x08000de4   Section        0  stm32f1xx_hal_gpio.o(i.HAL_GPIO_EXTI_IRQHandler)
    i.HAL_GPIO_Init                          0x08000dfc   Section        0  stm32f1xx_hal_gpio.o(i.HAL_GPIO_Init)
    i.HAL_GPIO_TogglePin                     0x08000fdc   Section        0  stm32f1xx_hal_gpio.o(i.HAL_GPIO_TogglePin)
    i.HAL_GPIO_WritePin                      0x08000fec   Section        0  stm32f1xx_hal_gpio.o(i.HAL_GPIO_WritePin)
    i.HAL_GetTick                            0x08000ff8   Section        0  stm32f1xx_hal.o(i.HAL_GetTick)
    i.HAL_IncTick                            0x08001004   Section        0  stm32f1xx_hal.o(i.HAL_IncTick)
    i.HAL_Init                               0x08001014   Section        0  stm32f1xx_hal.o(i.HAL_Init)
    i.HAL_InitTick                           0x08001038   Section        0  stm32f1xx_hal.o(i.HAL_InitTick)
    i.HAL_MspInit                            0x08001078   Section        0  stm32f1xx_hal_msp.o(i.HAL_MspInit)
    i.HAL_NVIC_EnableIRQ                     0x080010b4   Section        0  stm32f1xx_hal_cortex.o(i.HAL_NVIC_EnableIRQ)
    i.HAL_NVIC_SetPriority                   0x080010d0   Section        0  stm32f1xx_hal_cortex.o(i.HAL_NVIC_SetPriority)
    i.HAL_NVIC_SetPriorityGrouping           0x08001110   Section        0  stm32f1xx_hal_cortex.o(i.HAL_NVIC_SetPriorityGrouping)
    i.HAL_RCCEx_PeriphCLKConfig              0x08001134   Section        0  stm32f1xx_hal_rcc_ex.o(i.HAL_RCCEx_PeriphCLKConfig)
    i.HAL_RCC_ClockConfig                    0x08001220   Section        0  stm32f1xx_hal_rcc.o(i.HAL_RCC_ClockConfig)
    i.HAL_RCC_GetPCLK1Freq                   0x0800134c   Section        0  stm32f1xx_hal_rcc.o(i.HAL_RCC_GetPCLK1Freq)
    i.HAL_RCC_GetPCLK2Freq                   0x0800136c   Section        0  stm32f1xx_hal_rcc.o(i.HAL_RCC_GetPCLK2Freq)
    i.HAL_RCC_GetSysClockFreq                0x0800138c   Section        0  stm32f1xx_hal_rcc.o(i.HAL_RCC_GetSysClockFreq)
    i.HAL_RCC_OscConfig                      0x080013d8   Section        0  stm32f1xx_hal_rcc.o(i.HAL_RCC_OscConfig)
    i.HAL_SPI_GetState                       0x080016f8   Section        0  stm32f1xx_hal_spi.o(i.HAL_SPI_GetState)
    i.HAL_SPI_Init                           0x080016fe   Section        0  stm32f1xx_hal_spi.o(i.HAL_SPI_Init)
    i.HAL_SPI_MspInit                        0x080017b0   Section        0  stm32f1xx_hal_msp.o(i.HAL_SPI_MspInit)
    i.HAL_SPI_Receive                        0x08001820   Section        0  stm32f1xx_hal_spi.o(i.HAL_SPI_Receive)
    i.HAL_SPI_Transmit                       0x08001974   Section        0  stm32f1xx_hal_spi.o(i.HAL_SPI_Transmit)
    i.HAL_SPI_TransmitReceive                0x08001ada   Section        0  stm32f1xx_hal_spi.o(i.HAL_SPI_TransmitReceive)
    i.HAL_SYSTICK_Config                     0x08001cca   Section        0  stm32f1xx_hal_cortex.o(i.HAL_SYSTICK_Config)
    i.HAL_TIMEx_BreakCallback                0x08001cf2   Section        0  stm32f1xx_hal_tim_ex.o(i.HAL_TIMEx_BreakCallback)
    i.HAL_TIMEx_CommutCallback               0x08001cf4   Section        0  stm32f1xx_hal_tim_ex.o(i.HAL_TIMEx_CommutCallback)
    i.HAL_TIMEx_MasterConfigSynchronization  0x08001cf8   Section        0  stm32f1xx_hal_tim_ex.o(i.HAL_TIMEx_MasterConfigSynchronization)
    i.HAL_TIM_Base_Init                      0x08001d60   Section        0  stm32f1xx_hal_tim.o(i.HAL_TIM_Base_Init)
    i.HAL_TIM_Base_MspInit                   0x08001dbc   Section        0  stm32f1xx_hal_msp.o(i.HAL_TIM_Base_MspInit)
    i.HAL_TIM_Base_Start_IT                  0x08001e20   Section        0  stm32f1xx_hal_tim.o(i.HAL_TIM_Base_Start_IT)
    i.HAL_TIM_ConfigClockSource              0x08001e78   Section        0  stm32f1xx_hal_tim.o(i.HAL_TIM_ConfigClockSource)
    i.HAL_TIM_IC_CaptureCallback             0x08001f54   Section        0  stm32f1xx_hal_tim.o(i.HAL_TIM_IC_CaptureCallback)
    i.HAL_TIM_IRQHandler                     0x08001f56   Section        0  stm32f1xx_hal_tim.o(i.HAL_TIM_IRQHandler)
    i.HAL_TIM_OC_DelayElapsedCallback        0x08002086   Section        0  stm32f1xx_hal_tim.o(i.HAL_TIM_OC_DelayElapsedCallback)
    i.HAL_TIM_PWM_PulseFinishedCallback      0x08002088   Section        0  stm32f1xx_hal_tim.o(i.HAL_TIM_PWM_PulseFinishedCallback)
    i.HAL_TIM_PeriodElapsedCallback          0x0800208c   Section        0  main.o(i.HAL_TIM_PeriodElapsedCallback)
    i.HAL_TIM_TriggerCallback                0x080020c0   Section        0  stm32f1xx_hal_tim.o(i.HAL_TIM_TriggerCallback)
    i.HAL_UARTEx_RxEventCallback             0x080020c2   Section        0  stm32f1xx_hal_uart.o(i.HAL_UARTEx_RxEventCallback)
    i.HAL_UART_ErrorCallback                 0x080020c4   Section        0  stm32f1xx_hal_uart.o(i.HAL_UART_ErrorCallback)
    i.HAL_UART_IRQHandler                    0x080020c8   Section        0  stm32f1xx_hal_uart.o(i.HAL_UART_IRQHandler)
    i.HAL_UART_Init                          0x08002334   Section        0  stm32f1xx_hal_uart.o(i.HAL_UART_Init)
    i.HAL_UART_MspInit                       0x08002398   Section        0  stm32f1xx_hal_msp.o(i.HAL_UART_MspInit)
    i.HAL_UART_RxCpltCallback                0x080024cc   Section        0  stm32f1xx_hal_uart.o(i.HAL_UART_RxCpltCallback)
    i.HAL_UART_Transmit_DMA                  0x080024d0   Section        0  stm32f1xx_hal_uart.o(i.HAL_UART_Transmit_DMA)
    i.HAL_UART_TxCpltCallback                0x08002548   Section        0  stm32f1xx_hal_uart.o(i.HAL_UART_TxCpltCallback)
    i.HAL_UART_TxHalfCpltCallback            0x0800254a   Section        0  stm32f1xx_hal_uart.o(i.HAL_UART_TxHalfCpltCallback)
    i.HardFault_Handler                      0x0800254c   Section        0  stm32f1xx_it.o(i.HardFault_Handler)
    i.LoRa_BurstWrite                        0x0800254e   Section        0  lora.o(i.LoRa_BurstWrite)
    i.LoRa_Config                            0x080025a4   Section        0  lora.o(i.LoRa_Config)
    i.LoRa_gotoMode                          0x08002688   Section        0  lora.o(i.LoRa_gotoMode)
    i.LoRa_read                              0x0800270e   Section        0  lora.o(i.LoRa_read)
    i.LoRa_readReg                           0x0800272c   Section        0  lora.o(i.LoRa_readReg)
    i.LoRa_reset                             0x08002784   Section        0  lora.o(i.LoRa_reset)
    i.LoRa_setAutoLDO                        0x080027ac   Section        0  lora.o(i.LoRa_setAutoLDO)
    i.LoRa_setFrequency                      0x080027f8   Section        0  lora.o(i.LoRa_setFrequency)
    i.LoRa_setLowDaraRateOptimization        0x08002838   Section        0  lora.o(i.LoRa_setLowDaraRateOptimization)
    i.LoRa_setOCP                            0x08002862   Section        0  lora.o(i.LoRa_setOCP)
    i.LoRa_setPower                          0x080028a0   Section        0  lora.o(i.LoRa_setPower)
    i.LoRa_setSpreadingFactor                0x080028b4   Section        0  lora.o(i.LoRa_setSpreadingFactor)
    i.LoRa_setTOMsb_setCRCon                 0x080028f4   Section        0  lora.o(i.LoRa_setTOMsb_setCRCon)
    i.LoRa_startReceiving                    0x08002914   Section        0  lora.o(i.LoRa_startReceiving)
    i.LoRa_transmit                          0x0800291a   Section        0  lora.o(i.LoRa_transmit)
    i.LoRa_write                             0x08002992   Section        0  lora.o(i.LoRa_write)
    i.LoRa_writeReg                          0x080029b0   Section        0  lora.o(i.LoRa_writeReg)
    i.Lora_Init                              0x08002a08   Section        0  lora.o(i.Lora_Init)
    i.MA_Init                                0x08002a4c   Section        0  main.o(i.MA_Init)
    i.MA_Update                              0x08002a66   Section        0  main.o(i.MA_Update)
    i.MX_ADC1_Init                           0x08002a98   Section        0  main.o(i.MX_ADC1_Init)
    MX_ADC1_Init                             0x08002a99   Thumb Code    70  main.o(i.MX_ADC1_Init)
    i.MX_GPIO_Init                           0x08002ae8   Section        0  main.o(i.MX_GPIO_Init)
    MX_GPIO_Init                             0x08002ae9   Thumb Code   278  main.o(i.MX_GPIO_Init)
    i.MX_SPI1_Init                           0x08002c18   Section        0  main.o(i.MX_SPI1_Init)
    MX_SPI1_Init                             0x08002c19   Thumb Code    58  main.o(i.MX_SPI1_Init)
    i.MX_TIM1_Init                           0x08002c5c   Section        0  main.o(i.MX_TIM1_Init)
    MX_TIM1_Init                             0x08002c5d   Thumb Code    96  main.o(i.MX_TIM1_Init)
    i.MX_TIM3_Init                           0x08002cc4   Section        0  main.o(i.MX_TIM3_Init)
    MX_TIM3_Init                             0x08002cc5   Thumb Code    94  main.o(i.MX_TIM3_Init)
    i.MemManage_Handler                      0x08002d2c   Section        0  stm32f1xx_it.o(i.MemManage_Handler)
    i.NMI_Handler                            0x08002d2e   Section        0  stm32f1xx_it.o(i.NMI_Handler)
    i.PendSV_Handler                         0x08002d30   Section        0  stm32f1xx_it.o(i.PendSV_Handler)
    i.SPI_EndRxTransaction                   0x08002d32   Section        0  stm32f1xx_hal_spi.o(i.SPI_EndRxTransaction)
    SPI_EndRxTransaction                     0x08002d33   Thumb Code    92  stm32f1xx_hal_spi.o(i.SPI_EndRxTransaction)
    i.SPI_EndRxTxTransaction                 0x08002d8e   Section        0  stm32f1xx_hal_spi.o(i.SPI_EndRxTxTransaction)
    SPI_EndRxTxTransaction                   0x08002d8f   Thumb Code    52  stm32f1xx_hal_spi.o(i.SPI_EndRxTxTransaction)
    i.SPI_WaitFlagStateUntilTimeout          0x08002dc4   Section        0  stm32f1xx_hal_spi.o(i.SPI_WaitFlagStateUntilTimeout)
    SPI_WaitFlagStateUntilTimeout            0x08002dc5   Thumb Code   180  stm32f1xx_hal_spi.o(i.SPI_WaitFlagStateUntilTimeout)
    i.SVC_Handler                            0x08002e7c   Section        0  stm32f1xx_it.o(i.SVC_Handler)
    i.SysTick_Handler                        0x08002e7e   Section        0  stm32f1xx_it.o(i.SysTick_Handler)
    i.SystemClock_Config                     0x08002e82   Section        0  main.o(i.SystemClock_Config)
    i.SystemInit                             0x08002efa   Section        0  system_stm32f1xx.o(i.SystemInit)
    i.TIM1_UP_IRQHandler                     0x08002efc   Section        0  stm32f1xx_it.o(i.TIM1_UP_IRQHandler)
    i.TIM3_IRQHandler                        0x08002f08   Section        0  stm32f1xx_it.o(i.TIM3_IRQHandler)
    i.TIM_Base_SetConfig                     0x08002f14   Section        0  stm32f1xx_hal_tim.o(i.TIM_Base_SetConfig)
    i.TIM_ETR_SetConfig                      0x08002f8c   Section        0  stm32f1xx_hal_tim.o(i.TIM_ETR_SetConfig)
    i.TIM_ITRx_SetConfig                     0x08002fa0   Section        0  stm32f1xx_hal_tim.o(i.TIM_ITRx_SetConfig)
    TIM_ITRx_SetConfig                       0x08002fa1   Thumb Code    16  stm32f1xx_hal_tim.o(i.TIM_ITRx_SetConfig)
    i.TIM_TI1_ConfigInputStage               0x08002fb0   Section        0  stm32f1xx_hal_tim.o(i.TIM_TI1_ConfigInputStage)
    TIM_TI1_ConfigInputStage                 0x08002fb1   Thumb Code    34  stm32f1xx_hal_tim.o(i.TIM_TI1_ConfigInputStage)
    i.TIM_TI2_ConfigInputStage               0x08002fd2   Section        0  stm32f1xx_hal_tim.o(i.TIM_TI2_ConfigInputStage)
    TIM_TI2_ConfigInputStage                 0x08002fd3   Thumb Code    36  stm32f1xx_hal_tim.o(i.TIM_TI2_ConfigInputStage)
    i.UART_DMAAbortOnError                   0x08002ff6   Section        0  stm32f1xx_hal_uart.o(i.UART_DMAAbortOnError)
    UART_DMAAbortOnError                     0x08002ff7   Thumb Code    16  stm32f1xx_hal_uart.o(i.UART_DMAAbortOnError)
    i.UART_DMAError                          0x08003006   Section        0  stm32f1xx_hal_uart.o(i.UART_DMAError)
    UART_DMAError                            0x08003007   Thumb Code    74  stm32f1xx_hal_uart.o(i.UART_DMAError)
    i.UART_DMATransmitCplt                   0x08003050   Section        0  stm32f1xx_hal_uart.o(i.UART_DMATransmitCplt)
    UART_DMATransmitCplt                     0x08003051   Thumb Code    66  stm32f1xx_hal_uart.o(i.UART_DMATransmitCplt)
    i.UART_DMATxHalfCplt                     0x08003092   Section        0  stm32f1xx_hal_uart.o(i.UART_DMATxHalfCplt)
    UART_DMATxHalfCplt                       0x08003093   Thumb Code    10  stm32f1xx_hal_uart.o(i.UART_DMATxHalfCplt)
    i.UART_EndRxTransfer                     0x0800309c   Section        0  stm32f1xx_hal_uart.o(i.UART_EndRxTransfer)
    UART_EndRxTransfer                       0x0800309d   Thumb Code    78  stm32f1xx_hal_uart.o(i.UART_EndRxTransfer)
    i.UART_EndTxTransfer                     0x080030ea   Section        0  stm32f1xx_hal_uart.o(i.UART_EndTxTransfer)
    UART_EndTxTransfer                       0x080030eb   Thumb Code    28  stm32f1xx_hal_uart.o(i.UART_EndTxTransfer)
    i.UART_Receive_IT                        0x08003106   Section        0  stm32f1xx_hal_uart.o(i.UART_Receive_IT)
    UART_Receive_IT                          0x08003107   Thumb Code   194  stm32f1xx_hal_uart.o(i.UART_Receive_IT)
    i.UART_SetConfig                         0x080031c8   Section        0  stm32f1xx_hal_uart.o(i.UART_SetConfig)
    UART_SetConfig                           0x080031c9   Thumb Code   178  stm32f1xx_hal_uart.o(i.UART_SetConfig)
    i.USART1_IRQHandler                      0x08003280   Section        0  stm32f1xx_it.o(i.USART1_IRQHandler)
    i.USART2_IRQHandler                      0x0800328c   Section        0  stm32f1xx_it.o(i.USART2_IRQHandler)
    i.UsageFault_Handler                     0x08003298   Section        0  stm32f1xx_it.o(i.UsageFault_Handler)
    i.__NVIC_SetPriority                     0x0800329a   Section        0  stm32f1xx_hal_cortex.o(i.__NVIC_SetPriority)
    __NVIC_SetPriority                       0x0800329b   Thumb Code    32  stm32f1xx_hal_cortex.o(i.__NVIC_SetPriority)
    i.main                                   0x080032bc   Section        0  main.o(i.main)
    x$fpl$ddiv                               0x080035fc   Section      688  ddiv.o(x$fpl$ddiv)
    ddiv_entry                               0x08003603   Thumb Code     0  ddiv.o(x$fpl$ddiv)
    x$fpl$dfix                               0x080038ac   Section       94  dfix.o(x$fpl$dfix)
    x$fpl$dflt                               0x0800390a   Section       46  dflt_clz.o(x$fpl$dflt)
    x$fpl$dnaninf                            0x08003938   Section      156  dnaninf.o(x$fpl$dnaninf)
    x$fpl$dretinf                            0x080039d4   Section       12  dretinf.o(x$fpl$dretinf)
    .constdata                               0x080039e0   Section       80  lora.o(.constdata)
    x$fpl$usenofp                            0x080039e0   Section        0  usenofp.o(x$fpl$usenofp)
    .constdata                               0x08003a30   Section       18  stm32f1xx_hal_rcc.o(.constdata)
    aPredivFactorTable                       0x08003a30   Data           2  stm32f1xx_hal_rcc.o(.constdata)
    aPLLMULFactorTable                       0x08003a32   Data          16  stm32f1xx_hal_rcc.o(.constdata)
    .constdata                               0x08003a42   Section       16  system_stm32f1xx.o(.constdata)
    .constdata                               0x08003a52   Section        8  system_stm32f1xx.o(.constdata)
    .data                                    0x20000000   Section       64  main.o(.data)
    .data                                    0x20000040   Section       12  stm32f1xx_hal.o(.data)
    .data                                    0x2000004c   Section        4  system_stm32f1xx.o(.data)
    .bss                                     0x20000050   Section      588  main.o(.bss)
    .bss                                     0x2000029c   Section       68  main.o(.bss)
    .bss                                     0x200002e0   Section       68  main.o(.bss)
    .bss                                     0x20000324   Section       68  main.o(.bss)
    .bss                                     0x20000368   Section       96  libspace.o(.bss)
    HEAP                                     0x200003c8   Section      512  startup_stm32f103xb.o(HEAP)
    Heap_Mem                                 0x200003c8   Data         512  startup_stm32f103xb.o(HEAP)
    STACK                                    0x200005c8   Section     1024  startup_stm32f103xb.o(STACK)
    Stack_Mem                                0x200005c8   Data        1024  startup_stm32f103xb.o(STACK)
    __initial_sp                             0x200009c8   Data           0  startup_stm32f103xb.o(STACK)

    Global Symbols

    Symbol Name                              Value     Ov Type        Size  Object(Section)

    BuildAttributes$$THM_ISAv4$P$D$K$B$S$PE$A:L22UL41UL21$X:L11$S22US41US21$IEEE1$IW$USESV6$~STKCKD$USESV7$~SHL$OSPACE$ROPI$EBA8$UX$STANDARDLIB$REQ8$PRES8$EABIv2 0x00000000   Number         0  anon$$obj.o ABSOLUTE
    __ARM_use_no_argv                        0x00000000   Number         0  main.o ABSOLUTE
    __ARM_exceptions_init                     - Undefined Weak Reference
    __alloca_initialize                       - Undefined Weak Reference
    __arm_preinit_                            - Undefined Weak Reference
    __cpp_initialize__aeabi_                  - Undefined Weak Reference
    __cxa_finalize                            - Undefined Weak Reference
    __rt_locale                               - Undefined Weak Reference
    __sigvec_lookup                           - Undefined Weak Reference
    _atexit_init                              - Undefined Weak Reference
    _call_atexit_fns                          - Undefined Weak Reference
    _clock_init                               - Undefined Weak Reference
    _fp_trap_init                             - Undefined Weak Reference
    _fp_trap_shutdown                         - Undefined Weak Reference
    _get_lc_collate                           - Undefined Weak Reference
    _get_lc_ctype                             - Undefined Weak Reference
    _get_lc_monetary                          - Undefined Weak Reference
    _get_lc_numeric                           - Undefined Weak Reference
    _get_lc_time                              - Undefined Weak Reference
    _getenv_init                              - Undefined Weak Reference
    _handle_redirection                       - Undefined Weak Reference
    _init_alloc                               - Undefined Weak Reference
    _init_user_alloc                          - Undefined Weak Reference
    _initio                                   - Undefined Weak Reference
    _printf_post_padding                      - Undefined Weak Reference
    _printf_pre_padding                       - Undefined Weak Reference
    _printf_truncate_signed                   - Undefined Weak Reference
    _printf_truncate_unsigned                 - Undefined Weak Reference
    _rand_init                                - Undefined Weak Reference
    _signal_finish                            - Undefined Weak Reference
    _signal_init                              - Undefined Weak Reference
    _terminate_alloc                          - Undefined Weak Reference
    _terminate_user_alloc                     - Undefined Weak Reference
    _terminateio                              - Undefined Weak Reference
    __Vectors_Size                           0x000000ec   Number         0  startup_stm32f103xb.o ABSOLUTE
    __Vectors                                0x08000000   Data           4  startup_stm32f103xb.o(RESET)
    __Vectors_End                            0x080000ec   Data           0  startup_stm32f103xb.o(RESET)
    __main                                   0x080000ed   Thumb Code     8  __main.o(!!!main)
    __scatterload                            0x080000f5   Thumb Code     0  __scatter.o(!!!scatter)
    __scatterload_rt2                        0x080000f5   Thumb Code    44  __scatter.o(!!!scatter)
    __scatterload_rt2_thumb_only             0x080000f5   Thumb Code     0  __scatter.o(!!!scatter)
    __scatterload_null                       0x08000103   Thumb Code     0  __scatter.o(!!!scatter)
    __scatterload_copy                       0x08000129   Thumb Code    26  __scatter_copy.o(!!handler_copy)
    __scatterload_zeroinit                   0x08000145   Thumb Code    28  __scatter_zi.o(!!handler_zi)
    _printf_d                                0x08000161   Thumb Code     0  _printf_d.o(.ARM.Collect$$_printf_percent$$00000009)
    _printf_percent                          0x08000161   Thumb Code     0  _printf_percent.o(.ARM.Collect$$_printf_percent$$00000000)
    _printf_u                                0x08000167   Thumb Code     0  _printf_u.o(.ARM.Collect$$_printf_percent$$0000000A)
    _printf_percent_end                      0x0800016d   Thumb Code     0  _printf_percent_end.o(.ARM.Collect$$_printf_percent$$00000017)
    __rt_lib_init                            0x08000171   Thumb Code     0  libinit.o(.ARM.Collect$$libinit$$00000000)
    __rt_lib_init_alloca_1                   0x08000173   Thumb Code     0  libinit2.o(.ARM.Collect$$libinit$$0000002E)
    __rt_lib_init_argv_1                     0x08000173   Thumb Code     0  libinit2.o(.ARM.Collect$$libinit$$0000002C)
    __rt_lib_init_atexit_1                   0x08000173   Thumb Code     0  libinit2.o(.ARM.Collect$$libinit$$0000001B)
    __rt_lib_init_clock_1                    0x08000173   Thumb Code     0  libinit2.o(.ARM.Collect$$libinit$$00000021)
    __rt_lib_init_cpp_1                      0x08000173   Thumb Code     0  libinit2.o(.ARM.Collect$$libinit$$00000032)
    __rt_lib_init_exceptions_1               0x08000173   Thumb Code     0  libinit2.o(.ARM.Collect$$libinit$$00000030)
    __rt_lib_init_fp_1                       0x08000173   Thumb Code     0  libinit2.o(.ARM.Collect$$libinit$$00000002)
    __rt_lib_init_fp_trap_1                  0x08000173   Thumb Code     0  libinit2.o(.ARM.Collect$$libinit$$0000001F)
    __rt_lib_init_getenv_1                   0x08000173   Thumb Code     0  libinit2.o(.ARM.Collect$$libinit$$00000023)
    __rt_lib_init_heap_1                     0x08000173   Thumb Code     0  libinit2.o(.ARM.Collect$$libinit$$0000000A)
    __rt_lib_init_lc_collate_1               0x08000173   Thumb Code     0  libinit2.o(.ARM.Collect$$libinit$$00000011)
    __rt_lib_init_lc_ctype_1                 0x08000173   Thumb Code     0  libinit2.o(.ARM.Collect$$libinit$$00000013)
    __rt_lib_init_lc_monetary_1              0x08000173   Thumb Code     0  libinit2.o(.ARM.Collect$$libinit$$00000015)
    __rt_lib_init_lc_numeric_1               0x08000173   Thumb Code     0  libinit2.o(.ARM.Collect$$libinit$$00000017)
    __rt_lib_init_lc_time_1                  0x08000173   Thumb Code     0  libinit2.o(.ARM.Collect$$libinit$$00000019)
    __rt_lib_init_preinit_1                  0x08000173   Thumb Code     0  libinit2.o(.ARM.Collect$$libinit$$00000004)
    __rt_lib_init_rand_1                     0x08000173   Thumb Code     0  libinit2.o(.ARM.Collect$$libinit$$0000000E)
    __rt_lib_init_return                     0x08000173   Thumb Code     0  libinit2.o(.ARM.Collect$$libinit$$00000033)
    __rt_lib_init_signal_1                   0x08000173   Thumb Code     0  libinit2.o(.ARM.Collect$$libinit$$0000001D)
    __rt_lib_init_stdio_1                    0x08000173   Thumb Code     0  libinit2.o(.ARM.Collect$$libinit$$00000025)
    __rt_lib_init_user_alloc_1               0x08000173   Thumb Code     0  libinit2.o(.ARM.Collect$$libinit$$0000000C)
    __rt_lib_shutdown                        0x08000175   Thumb Code     0  libshutdown.o(.ARM.Collect$$libshutdown$$00000000)
    __rt_lib_shutdown_cpp_1                  0x08000177   Thumb Code     0  libshutdown2.o(.ARM.Collect$$libshutdown$$00000002)
    __rt_lib_shutdown_fp_trap_1              0x08000177   Thumb Code     0  libshutdown2.o(.ARM.Collect$$libshutdown$$00000007)
    __rt_lib_shutdown_heap_1                 0x08000177   Thumb Code     0  libshutdown2.o(.ARM.Collect$$libshutdown$$0000000F)
    __rt_lib_shutdown_return                 0x08000177   Thumb Code     0  libshutdown2.o(.ARM.Collect$$libshutdown$$00000010)
    __rt_lib_shutdown_signal_1               0x08000177   Thumb Code     0  libshutdown2.o(.ARM.Collect$$libshutdown$$0000000A)
    __rt_lib_shutdown_stdio_1                0x08000177   Thumb Code     0  libshutdown2.o(.ARM.Collect$$libshutdown$$00000004)
    __rt_lib_shutdown_user_alloc_1           0x08000177   Thumb Code     0  libshutdown2.o(.ARM.Collect$$libshutdown$$0000000C)
    __rt_entry                               0x08000179   Thumb Code     0  __rtentry.o(.ARM.Collect$$rtentry$$00000000)
    __rt_entry_presh_1                       0x08000179   Thumb Code     0  __rtentry2.o(.ARM.Collect$$rtentry$$00000002)
    __rt_entry_sh                            0x08000179   Thumb Code     0  __rtentry4.o(.ARM.Collect$$rtentry$$00000004)
    __rt_entry_li                            0x0800017f   Thumb Code     0  __rtentry2.o(.ARM.Collect$$rtentry$$0000000A)
    __rt_entry_postsh_1                      0x0800017f   Thumb Code     0  __rtentry2.o(.ARM.Collect$$rtentry$$00000009)
    __rt_entry_main                          0x08000183   Thumb Code     0  __rtentry2.o(.ARM.Collect$$rtentry$$0000000D)
    __rt_entry_postli_1                      0x08000183   Thumb Code     0  __rtentry2.o(.ARM.Collect$$rtentry$$0000000C)
    __rt_exit                                0x0800018b   Thumb Code     0  rtexit.o(.ARM.Collect$$rtexit$$00000000)
    __rt_exit_ls                             0x0800018d   Thumb Code     0  rtexit2.o(.ARM.Collect$$rtexit$$00000003)
    __rt_exit_prels_1                        0x0800018d   Thumb Code     0  rtexit2.o(.ARM.Collect$$rtexit$$00000002)
    __rt_exit_exit                           0x08000191   Thumb Code     0  rtexit2.o(.ARM.Collect$$rtexit$$00000004)
    Reset_Handler                            0x08000199   Thumb Code     8  startup_stm32f103xb.o(.text)
    ADC1_2_IRQHandler                        0x080001b3   Thumb Code     0  startup_stm32f103xb.o(.text)
    CAN1_RX1_IRQHandler                      0x080001b3   Thumb Code     0  startup_stm32f103xb.o(.text)
    CAN1_SCE_IRQHandler                      0x080001b3   Thumb Code     0  startup_stm32f103xb.o(.text)
    DMA1_Channel2_IRQHandler                 0x080001b3   Thumb Code     0  startup_stm32f103xb.o(.text)
    DMA1_Channel3_IRQHandler                 0x080001b3   Thumb Code     0  startup_stm32f103xb.o(.text)
    DMA1_Channel4_IRQHandler                 0x080001b3   Thumb Code     0  startup_stm32f103xb.o(.text)
    DMA1_Channel6_IRQHandler                 0x080001b3   Thumb Code     0  startup_stm32f103xb.o(.text)
    EXTI0_IRQHandler                         0x080001b3   Thumb Code     0  startup_stm32f103xb.o(.text)
    EXTI2_IRQHandler                         0x080001b3   Thumb Code     0  startup_stm32f103xb.o(.text)
    EXTI3_IRQHandler                         0x080001b3   Thumb Code     0  startup_stm32f103xb.o(.text)
    EXTI4_IRQHandler                         0x080001b3   Thumb Code     0  startup_stm32f103xb.o(.text)
    FLASH_IRQHandler                         0x080001b3   Thumb Code     0  startup_stm32f103xb.o(.text)
    I2C1_ER_IRQHandler                       0x080001b3   Thumb Code     0  startup_stm32f103xb.o(.text)
    I2C1_EV_IRQHandler                       0x080001b3   Thumb Code     0  startup_stm32f103xb.o(.text)
    I2C2_ER_IRQHandler                       0x080001b3   Thumb Code     0  startup_stm32f103xb.o(.text)
    I2C2_EV_IRQHandler                       0x080001b3   Thumb Code     0  startup_stm32f103xb.o(.text)
    PVD_IRQHandler                           0x080001b3   Thumb Code     0  startup_stm32f103xb.o(.text)
    RCC_IRQHandler                           0x080001b3   Thumb Code     0  startup_stm32f103xb.o(.text)
    RTC_Alarm_IRQHandler                     0x080001b3   Thumb Code     0  startup_stm32f103xb.o(.text)
    RTC_IRQHandler                           0x080001b3   Thumb Code     0  startup_stm32f103xb.o(.text)
    SPI1_IRQHandler                          0x080001b3   Thumb Code     0  startup_stm32f103xb.o(.text)
    SPI2_IRQHandler                          0x080001b3   Thumb Code     0  startup_stm32f103xb.o(.text)
    TAMPER_IRQHandler                        0x080001b3   Thumb Code     0  startup_stm32f103xb.o(.text)
    TIM1_BRK_IRQHandler                      0x080001b3   Thumb Code     0  startup_stm32f103xb.o(.text)
    TIM1_CC_IRQHandler                       0x080001b3   Thumb Code     0  startup_stm32f103xb.o(.text)
    TIM1_TRG_COM_IRQHandler                  0x080001b3   Thumb Code     0  startup_stm32f103xb.o(.text)
    TIM2_IRQHandler                          0x080001b3   Thumb Code     0  startup_stm32f103xb.o(.text)
    TIM4_IRQHandler                          0x080001b3   Thumb Code     0  startup_stm32f103xb.o(.text)
    USART3_IRQHandler                        0x080001b3   Thumb Code     0  startup_stm32f103xb.o(.text)
    USBWakeUp_IRQHandler                     0x080001b3   Thumb Code     0  startup_stm32f103xb.o(.text)
    USB_HP_CAN1_TX_IRQHandler                0x080001b3   Thumb Code     0  startup_stm32f103xb.o(.text)
    USB_LP_CAN1_RX0_IRQHandler               0x080001b3   Thumb Code     0  startup_stm32f103xb.o(.text)
    WWDG_IRQHandler                          0x080001b3   Thumb Code     0  startup_stm32f103xb.o(.text)
    __user_initial_stackheap                 0x080001b5   Thumb Code     0  startup_stm32f103xb.o(.text)
    __2sprintf                               0x080001d9   Thumb Code    34  noretval__2sprintf.o(.text)
    __printf                                 0x08000201   Thumb Code   104  __printf.o(.text)
    _printf_int_dec                          0x08000269   Thumb Code   104  _printf_dec.o(.text)
    strlen                                   0x080002e1   Thumb Code    62  strlen.o(.text)
    __aeabi_memcpy4                          0x0800031f   Thumb Code     0  rt_memcpy_w.o(.text)
    __aeabi_memcpy8                          0x0800031f   Thumb Code     0  rt_memcpy_w.o(.text)
    __rt_memcpy_w                            0x0800031f   Thumb Code   100  rt_memcpy_w.o(.text)
    _memcpy_lastbytes_aligned                0x08000367   Thumb Code     0  rt_memcpy_w.o(.text)
    __aeabi_memclr4                          0x08000383   Thumb Code     0  rt_memclr_w.o(.text)
    __aeabi_memclr8                          0x08000383   Thumb Code     0  rt_memclr_w.o(.text)
    __rt_memclr_w                            0x08000383   Thumb Code    78  rt_memclr_w.o(.text)
    _memset_w                                0x08000387   Thumb Code     0  rt_memclr_w.o(.text)
    __use_two_region_memory                  0x080003d1   Thumb Code     2  heapauxi.o(.text)
    __rt_heap_escrow$2region                 0x080003d3   Thumb Code     2  heapauxi.o(.text)
    __rt_heap_expand$2region                 0x080003d5   Thumb Code     2  heapauxi.o(.text)
    _printf_int_common                       0x080003d7   Thumb Code   178  _printf_intcommon.o(.text)
    _printf_char_common                      0x08000493   Thumb Code    32  _printf_char_common.o(.text)
    _sputc                                   0x080004b9   Thumb Code    10  _sputc.o(.text)
    __user_setup_stackheap                   0x080004c3   Thumb Code    74  sys_stackheap_outer.o(.text)
    exit                                     0x0800050d   Thumb Code    18  exit.o(.text)
    __user_libspace                          0x08000521   Thumb Code     8  libspace.o(.text)
    __user_perproc_libspace                  0x08000521   Thumb Code     0  libspace.o(.text)
    __user_perthread_libspace                0x08000521   Thumb Code     0  libspace.o(.text)
    _sys_exit                                0x08000529   Thumb Code     8  sys_exit.o(.text)
    __I$use$semihosting                      0x08000535   Thumb Code     0  use_no_semi.o(.text)
    __use_no_semihosting_swi                 0x08000535   Thumb Code     2  use_no_semi.o(.text)
    __semihosting_library_function           0x08000537   Thumb Code     0  indicate_semi.o(.text)
    ADC_ConversionStop_Disable               0x08000539   Thumb Code    86  stm32f1xx_hal_adc.o(i.ADC_ConversionStop_Disable)
    ADC_DMAConvCplt                          0x0800058f   Thumb Code    78  stm32f1xx_hal_adc.o(i.ADC_DMAConvCplt)
    ADC_DMAError                             0x080005dd   Thumb Code    26  stm32f1xx_hal_adc.o(i.ADC_DMAError)
    ADC_DMAHalfConvCplt                      0x080005f7   Thumb Code    10  stm32f1xx_hal_adc.o(i.ADC_DMAHalfConvCplt)
    ADC_Enable                               0x08000601   Thumb Code   114  stm32f1xx_hal_adc.o(i.ADC_Enable)
    BusFault_Handler                         0x0800067d   Thumb Code     2  stm32f1xx_it.o(i.BusFault_Handler)
    DMA1_Channel1_IRQHandler                 0x08000681   Thumb Code     6  stm32f1xx_it.o(i.DMA1_Channel1_IRQHandler)
    DMA1_Channel5_IRQHandler                 0x0800068d   Thumb Code     6  stm32f1xx_it.o(i.DMA1_Channel5_IRQHandler)
    DMA1_Channel7_IRQHandler                 0x08000699   Thumb Code     6  stm32f1xx_it.o(i.DMA1_Channel7_IRQHandler)
    DebugMon_Handler                         0x080006cf   Thumb Code     2  stm32f1xx_it.o(i.DebugMon_Handler)
    EXTI15_10_IRQHandler                     0x080006d1   Thumb Code     8  stm32f1xx_it.o(i.EXTI15_10_IRQHandler)
    EXTI1_IRQHandler                         0x080006d9   Thumb Code     6  stm32f1xx_it.o(i.EXTI1_IRQHandler)
    EXTI9_5_IRQHandler                       0x080006df   Thumb Code     6  stm32f1xx_it.o(i.EXTI9_5_IRQHandler)
    Error_Handler                            0x080006e5   Thumb Code     4  main.o(i.Error_Handler)
    GetTimeUs                                0x080006e9   Thumb Code    16  main.o(i.GetTimeUs)
    HAL_ADC_ConfigChannel                    0x08000701   Thumb Code   240  stm32f1xx_hal_adc.o(i.HAL_ADC_ConfigChannel)
    HAL_ADC_ConvCpltCallback                 0x080007fd   Thumb Code     2  stm32f1xx_hal_adc.o(i.HAL_ADC_ConvCpltCallback)
    HAL_ADC_ConvHalfCpltCallback             0x080007ff   Thumb Code     2  stm32f1xx_hal_adc.o(i.HAL_ADC_ConvHalfCpltCallback)
    HAL_ADC_ErrorCallback                    0x08000801   Thumb Code     2  stm32f1xx_hal_adc.o(i.HAL_ADC_ErrorCallback)
    HAL_ADC_Init                             0x08000805   Thumb Code   272  stm32f1xx_hal_adc.o(i.HAL_ADC_Init)
    HAL_ADC_MspInit                          0x08000921   Thumb Code   122  stm32f1xx_hal_msp.o(i.HAL_ADC_MspInit)
    HAL_ADC_Start_DMA                        0x080009b1   Thumb Code   246  stm32f1xx_hal_adc.o(i.HAL_ADC_Start_DMA)
    HAL_DMA_Abort                            0x08000abd   Thumb Code    70  stm32f1xx_hal_dma.o(i.HAL_DMA_Abort)
    HAL_DMA_Abort_IT                         0x08000b05   Thumb Code   148  stm32f1xx_hal_dma.o(i.HAL_DMA_Abort_IT)
    HAL_DMA_IRQHandler                       0x08000b9d   Thumb Code   316  stm32f1xx_hal_dma.o(i.HAL_DMA_IRQHandler)
    HAL_DMA_Init                             0x08000cf1   Thumb Code    84  stm32f1xx_hal_dma.o(i.HAL_DMA_Init)
    HAL_DMA_Start_IT                         0x08000d4d   Thumb Code   112  stm32f1xx_hal_dma.o(i.HAL_DMA_Start_IT)
    HAL_Delay                                0x08000dbd   Thumb Code    32  stm32f1xx_hal.o(i.HAL_Delay)
    HAL_GPIO_EXTI_Callback                   0x08000de1   Thumb Code     2  main.o(i.HAL_GPIO_EXTI_Callback)
    HAL_GPIO_EXTI_IRQHandler                 0x08000de5   Thumb Code    18  stm32f1xx_hal_gpio.o(i.HAL_GPIO_EXTI_IRQHandler)
    HAL_GPIO_Init                            0x08000dfd   Thumb Code   446  stm32f1xx_hal_gpio.o(i.HAL_GPIO_Init)
    HAL_GPIO_TogglePin                       0x08000fdd   Thumb Code    16  stm32f1xx_hal_gpio.o(i.HAL_GPIO_TogglePin)
    HAL_GPIO_WritePin                        0x08000fed   Thumb Code    10  stm32f1xx_hal_gpio.o(i.HAL_GPIO_WritePin)
    HAL_GetTick                              0x08000ff9   Thumb Code     6  stm32f1xx_hal.o(i.HAL_GetTick)
    HAL_IncTick                              0x08001005   Thumb Code    12  stm32f1xx_hal.o(i.HAL_IncTick)
    HAL_Init                                 0x08001015   Thumb Code    32  stm32f1xx_hal.o(i.HAL_Init)
    HAL_InitTick                             0x08001039   Thumb Code    54  stm32f1xx_hal.o(i.HAL_InitTick)
    HAL_MspInit                              0x08001079   Thumb Code    52  stm32f1xx_hal_msp.o(i.HAL_MspInit)
    HAL_NVIC_EnableIRQ                       0x080010b5   Thumb Code    26  stm32f1xx_hal_cortex.o(i.HAL_NVIC_EnableIRQ)
    HAL_NVIC_SetPriority                     0x080010d1   Thumb Code    60  stm32f1xx_hal_cortex.o(i.HAL_NVIC_SetPriority)
    HAL_NVIC_SetPriorityGrouping             0x08001111   Thumb Code    26  stm32f1xx_hal_cortex.o(i.HAL_NVIC_SetPriorityGrouping)
    HAL_RCCEx_PeriphCLKConfig                0x08001135   Thumb Code   224  stm32f1xx_hal_rcc_ex.o(i.HAL_RCCEx_PeriphCLKConfig)
    HAL_RCC_ClockConfig                      0x08001221   Thumb Code   280  stm32f1xx_hal_rcc.o(i.HAL_RCC_ClockConfig)
    HAL_RCC_GetPCLK1Freq                     0x0800134d   Thumb Code    20  stm32f1xx_hal_rcc.o(i.HAL_RCC_GetPCLK1Freq)
    HAL_RCC_GetPCLK2Freq                     0x0800136d   Thumb Code    20  stm32f1xx_hal_rcc.o(i.HAL_RCC_GetPCLK2Freq)
    HAL_RCC_GetSysClockFreq                  0x0800138d   Thumb Code    58  stm32f1xx_hal_rcc.o(i.HAL_RCC_GetSysClockFreq)
    HAL_RCC_OscConfig                        0x080013d9   Thumb Code   778  stm32f1xx_hal_rcc.o(i.HAL_RCC_OscConfig)
    HAL_SPI_GetState                         0x080016f9   Thumb Code     6  stm32f1xx_hal_spi.o(i.HAL_SPI_GetState)
    HAL_SPI_Init                             0x080016ff   Thumb Code   178  stm32f1xx_hal_spi.o(i.HAL_SPI_Init)
    HAL_SPI_MspInit                          0x080017b1   Thumb Code    98  stm32f1xx_hal_msp.o(i.HAL_SPI_MspInit)
    HAL_SPI_Receive                          0x08001821   Thumb Code   340  stm32f1xx_hal_spi.o(i.HAL_SPI_Receive)
    HAL_SPI_Transmit                         0x08001975   Thumb Code   358  stm32f1xx_hal_spi.o(i.HAL_SPI_Transmit)
    HAL_SPI_TransmitReceive                  0x08001adb   Thumb Code   496  stm32f1xx_hal_spi.o(i.HAL_SPI_TransmitReceive)
    HAL_SYSTICK_Config                       0x08001ccb   Thumb Code    40  stm32f1xx_hal_cortex.o(i.HAL_SYSTICK_Config)
    HAL_TIMEx_BreakCallback                  0x08001cf3   Thumb Code     2  stm32f1xx_hal_tim_ex.o(i.HAL_TIMEx_BreakCallback)
    HAL_TIMEx_CommutCallback                 0x08001cf5   Thumb Code     2  stm32f1xx_hal_tim_ex.o(i.HAL_TIMEx_CommutCallback)
    HAL_TIMEx_MasterConfigSynchronization    0x08001cf9   Thumb Code    92  stm32f1xx_hal_tim_ex.o(i.HAL_TIMEx_MasterConfigSynchronization)
    HAL_TIM_Base_Init                        0x08001d61   Thumb Code    90  stm32f1xx_hal_tim.o(i.HAL_TIM_Base_Init)
    HAL_TIM_Base_MspInit                     0x08001dbd   Thumb Code    86  stm32f1xx_hal_msp.o(i.HAL_TIM_Base_MspInit)
    HAL_TIM_Base_Start_IT                    0x08001e21   Thumb Code    76  stm32f1xx_hal_tim.o(i.HAL_TIM_Base_Start_IT)
    HAL_TIM_ConfigClockSource                0x08001e79   Thumb Code   220  stm32f1xx_hal_tim.o(i.HAL_TIM_ConfigClockSource)
    HAL_TIM_IC_CaptureCallback               0x08001f55   Thumb Code     2  stm32f1xx_hal_tim.o(i.HAL_TIM_IC_CaptureCallback)
    HAL_TIM_IRQHandler                       0x08001f57   Thumb Code   304  stm32f1xx_hal_tim.o(i.HAL_TIM_IRQHandler)
    HAL_TIM_OC_DelayElapsedCallback          0x08002087   Thumb Code     2  stm32f1xx_hal_tim.o(i.HAL_TIM_OC_DelayElapsedCallback)
    HAL_TIM_PWM_PulseFinishedCallback        0x08002089   Thumb Code     2  stm32f1xx_hal_tim.o(i.HAL_TIM_PWM_PulseFinishedCallback)
    HAL_TIM_PeriodElapsedCallback            0x0800208d   Thumb Code    38  main.o(i.HAL_TIM_PeriodElapsedCallback)
    HAL_TIM_TriggerCallback                  0x080020c1   Thumb Code     2  stm32f1xx_hal_tim.o(i.HAL_TIM_TriggerCallback)
    HAL_UARTEx_RxEventCallback               0x080020c3   Thumb Code     2  stm32f1xx_hal_uart.o(i.HAL_UARTEx_RxEventCallback)
    HAL_UART_ErrorCallback                   0x080020c5   Thumb Code     2  stm32f1xx_hal_uart.o(i.HAL_UART_ErrorCallback)
    HAL_UART_IRQHandler                      0x080020c9   Thumb Code   616  stm32f1xx_hal_uart.o(i.HAL_UART_IRQHandler)
    HAL_UART_Init                            0x08002335   Thumb Code   100  stm32f1xx_hal_uart.o(i.HAL_UART_Init)
    HAL_UART_MspInit                         0x08002399   Thumb Code   280  stm32f1xx_hal_msp.o(i.HAL_UART_MspInit)
    HAL_UART_RxCpltCallback                  0x080024cd   Thumb Code     2  stm32f1xx_hal_uart.o(i.HAL_UART_RxCpltCallback)
    HAL_UART_Transmit_DMA                    0x080024d1   Thumb Code   106  stm32f1xx_hal_uart.o(i.HAL_UART_Transmit_DMA)
    HAL_UART_TxCpltCallback                  0x08002549   Thumb Code     2  stm32f1xx_hal_uart.o(i.HAL_UART_TxCpltCallback)
    HAL_UART_TxHalfCpltCallback              0x0800254b   Thumb Code     2  stm32f1xx_hal_uart.o(i.HAL_UART_TxHalfCpltCallback)
    HardFault_Handler                        0x0800254d   Thumb Code     2  stm32f1xx_it.o(i.HardFault_Handler)
    LoRa_BurstWrite                          0x0800254f   Thumb Code    86  lora.o(i.LoRa_BurstWrite)
    LoRa_Config                              0x080025a5   Thumb Code   228  lora.o(i.LoRa_Config)
    LoRa_gotoMode                            0x08002689   Thumb Code   134  lora.o(i.LoRa_gotoMode)
    LoRa_read                                0x0800270f   Thumb Code    30  lora.o(i.LoRa_read)
    LoRa_readReg                             0x0800272d   Thumb Code    88  lora.o(i.LoRa_readReg)
    LoRa_reset                               0x08002785   Thumb Code    40  lora.o(i.LoRa_reset)
    LoRa_setAutoLDO                          0x080027ad   Thumb Code    70  lora.o(i.LoRa_setAutoLDO)
    LoRa_setFrequency                        0x080027f9   Thumb Code    64  lora.o(i.LoRa_setFrequency)
    LoRa_setLowDaraRateOptimization          0x08002839   Thumb Code    42  lora.o(i.LoRa_setLowDaraRateOptimization)
    LoRa_setOCP                              0x08002863   Thumb Code    62  lora.o(i.LoRa_setOCP)
    LoRa_setPower                            0x080028a1   Thumb Code    20  lora.o(i.LoRa_setPower)
    LoRa_setSpreadingFactor                  0x080028b5   Thumb Code    64  lora.o(i.LoRa_setSpreadingFactor)
    LoRa_setTOMsb_setCRCon                   0x080028f5   Thumb Code    32  lora.o(i.LoRa_setTOMsb_setCRCon)
    LoRa_startReceiving                      0x08002915   Thumb Code     6  lora.o(i.LoRa_startReceiving)
    LoRa_transmit                            0x0800291b   Thumb Code   120  lora.o(i.LoRa_transmit)
    LoRa_write                               0x08002993   Thumb Code    30  lora.o(i.LoRa_write)
    LoRa_writeReg                            0x080029b1   Thumb Code    88  lora.o(i.LoRa_writeReg)
    Lora_Init                                0x08002a09   Thumb Code    58  lora.o(i.Lora_Init)
    MA_Init                                  0x08002a4d   Thumb Code    26  main.o(i.MA_Init)
    MA_Update                                0x08002a67   Thumb Code    50  main.o(i.MA_Update)
    MemManage_Handler                        0x08002d2d   Thumb Code     2  stm32f1xx_it.o(i.MemManage_Handler)
    NMI_Handler                              0x08002d2f   Thumb Code     2  stm32f1xx_it.o(i.NMI_Handler)
    PendSV_Handler                           0x08002d31   Thumb Code     2  stm32f1xx_it.o(i.PendSV_Handler)
    SVC_Handler                              0x08002e7d   Thumb Code     2  stm32f1xx_it.o(i.SVC_Handler)
    SysTick_Handler                          0x08002e7f   Thumb Code     4  stm32f1xx_it.o(i.SysTick_Handler)
    SystemClock_Config                       0x08002e83   Thumb Code   120  main.o(i.SystemClock_Config)
    SystemInit                               0x08002efb   Thumb Code     2  system_stm32f1xx.o(i.SystemInit)
    TIM1_UP_IRQHandler                       0x08002efd   Thumb Code     6  stm32f1xx_it.o(i.TIM1_UP_IRQHandler)
    TIM3_IRQHandler                          0x08002f09   Thumb Code     6  stm32f1xx_it.o(i.TIM3_IRQHandler)
    TIM_Base_SetConfig                       0x08002f15   Thumb Code   108  stm32f1xx_hal_tim.o(i.TIM_Base_SetConfig)
    TIM_ETR_SetConfig                        0x08002f8d   Thumb Code    20  stm32f1xx_hal_tim.o(i.TIM_ETR_SetConfig)
    USART1_IRQHandler                        0x08003281   Thumb Code     6  stm32f1xx_it.o(i.USART1_IRQHandler)
    USART2_IRQHandler                        0x0800328d   Thumb Code     6  stm32f1xx_it.o(i.USART2_IRQHandler)
    UsageFault_Handler                       0x08003299   Thumb Code     2  stm32f1xx_it.o(i.UsageFault_Handler)
    main                                     0x080032bd   Thumb Code   776  main.o(i.main)
    __aeabi_ddiv                             0x080035fd   Thumb Code     0  ddiv.o(x$fpl$ddiv)
    _ddiv                                    0x080035fd   Thumb Code   552  ddiv.o(x$fpl$ddiv)
    __aeabi_d2iz                             0x080038ad   Thumb Code     0  dfix.o(x$fpl$dfix)
    _dfix                                    0x080038ad   Thumb Code    94  dfix.o(x$fpl$dfix)
    __aeabi_i2d                              0x0800390b   Thumb Code     0  dflt_clz.o(x$fpl$dflt)
    _dflt                                    0x0800390b   Thumb Code    46  dflt_clz.o(x$fpl$dflt)
    __fpl_dnaninf                            0x08003939   Thumb Code   156  dnaninf.o(x$fpl$dnaninf)
    __fpl_dretinf                            0x080039d5   Thumb Code    12  dretinf.o(x$fpl$dretinf)
    __I$use$fp                               0x080039e0   Number         0  usenofp.o(x$fpl$usenofp)
    AHBPrescTable                            0x08003a42   Data          16  system_stm32f1xx.o(.constdata)
    APBPrescTable                            0x08003a52   Data           8  system_stm32f1xx.o(.constdata)
    Region$$Table$$Base                      0x08003a5c   Number         0  anon$$obj.o(Region$$Table)
    Region$$Table$$Limit                     0x08003a7c   Number         0  anon$$obj.o(Region$$Table)
    send_ok                                  0x20000000   Data           1  main.o(.data)
    cnt                                      0x20000001   Data           1  main.o(.data)
    flag_cnt_50us                            0x20000002   Data           1  main.o(.data)
    flag_enable_zc                           0x20000003   Data           1  main.o(.data)
    trigger_send_lora                        0x20000004   Data           1  main.o(.data)
    flag_tx_log                              0x20000005   Data           1  main.o(.data)
    flag_get_zero                            0x20000006   Data           1  main.o(.data)
    config_lora                              0x20000008   Data           2  main.o(.data)
    sendOK                                   0x2000000a   Data           2  main.o(.data)
    adc_raw_pA                               0x2000000c   Data           2  main.o(.data)
    adc_filtered_pA                          0x2000000e   Data           2  main.o(.data)
    pA_cur                                   0x20000010   Data           2  main.o(.data)
    pA_prev                                  0x20000012   Data           2  main.o(.data)
    offset_ZpA                               0x20000014   Data           2  main.o(.data)
    tick                                     0x20000018   Data           4  main.o(.data)
    cnt_timetick                             0x2000001c   Data           4  main.o(.data)
    cycle                                    0x20000020   Data           4  main.o(.data)
    interval_zc                              0x20000024   Data           4  main.o(.data)
    ovf_tim3                                 0x20000028   Data           4  main.o(.data)
    stt                                      0x2000002c   Data           4  main.o(.data)
    last_zc                                  0x20000030   Data           8  main.o(.data)
    now_zc                                   0x20000038   Data           8  main.o(.data)
    uwTickFreq                               0x20000040   Data           1  stm32f1xx_hal.o(.data)
    uwTickPrio                               0x20000044   Data           4  stm32f1xx_hal.o(.data)
    uwTick                                   0x20000048   Data           4  stm32f1xx_hal.o(.data)
    SystemCoreClock                          0x2000004c   Data           4  system_stm32f1xx.o(.data)
    hadc1                                    0x20000050   Data          48  main.o(.bss)
    hspi1                                    0x20000080   Data          88  main.o(.bss)
    htim1                                    0x200000d8   Data          72  main.o(.bss)
    htim3                                    0x20000120   Data          72  main.o(.bss)
    huart1                                   0x20000168   Data          72  main.o(.bss)
    huart2                                   0x200001b0   Data          72  main.o(.bss)
    vLoRa                                    0x200001f8   Data          52  main.o(.bss)
    TX_Lora_buff                             0x2000022c   Data          12  main.o(.bss)
    uart_tx_log                              0x20000238   Data         100  main.o(.bss)
    hdma_adc1                                0x2000029c   Data          68  main.o(.bss)
    hdma_usart1_rx                           0x200002e0   Data          68  main.o(.bss)
    hdma_usart2_tx                           0x20000324   Data          68  main.o(.bss)
    __libspace_start                         0x20000368   Data          96  libspace.o(.bss)
    __temporary_stack_top$libspace           0x200003c8   Data           0  libspace.o(.bss)



==============================================================================

Memory Map of the image

  Image Entry point : 0x080000ed

  Load Region LR_IROM1 (Base: 0x08000000, Size: 0x00003acc, Max: 0x00010000, ABSOLUTE)

    Execution Region ER_IROM1 (Exec base: 0x08000000, Load base: 0x08000000, Size: 0x00003a7c, Max: 0x00010000, ABSOLUTE)

    Exec Addr    Load Addr    Size         Type   Attr      Idx    E Section Name        Object

    0x08000000   0x08000000   0x000000ec   Data   RO            3    RESET               startup_stm32f103xb.o
    0x080000ec   0x080000ec   0x00000008   Code   RO         3620  * !!!main             c_w.l(__main.o)
    0x080000f4   0x080000f4   0x00000034   Code   RO         3805    !!!scatter          c_w.l(__scatter.o)
    0x08000128   0x08000128   0x0000001a   Code   RO         3807    !!handler_copy      c_w.l(__scatter_copy.o)
    0x08000142   0x08000142   0x00000002   PAD
    0x08000144   0x08000144   0x0000001c   Code   RO         3809    !!handler_zi        c_w.l(__scatter_zi.o)
    0x08000160   0x08000160   0x00000000   Code   RO         3611    .ARM.Collect$$_printf_percent$$00000000  c_w.l(_printf_percent.o)
    0x08000160   0x08000160   0x00000006   Code   RO         3609    .ARM.Collect$$_printf_percent$$00000009  c_w.l(_printf_d.o)
    0x08000166   0x08000166   0x00000006   Code   RO         3610    .ARM.Collect$$_printf_percent$$0000000A  c_w.l(_printf_u.o)
    0x0800016c   0x0800016c   0x00000004   Code   RO         3643    .ARM.Collect$$_printf_percent$$00000017  c_w.l(_printf_percent_end.o)
    0x08000170   0x08000170   0x00000002   Code   RO         3675    .ARM.Collect$$libinit$$00000000  c_w.l(libinit.o)
    0x08000172   0x08000172   0x00000000   Code   RO         3682    .ARM.Collect$$libinit$$00000002  c_w.l(libinit2.o)
    0x08000172   0x08000172   0x00000000   Code   RO         3684    .ARM.Collect$$libinit$$00000004  c_w.l(libinit2.o)
    0x08000172   0x08000172   0x00000000   Code   RO         3687    .ARM.Collect$$libinit$$0000000A  c_w.l(libinit2.o)
    0x08000172   0x08000172   0x00000000   Code   RO         3689    .ARM.Collect$$libinit$$0000000C  c_w.l(libinit2.o)
    0x08000172   0x08000172   0x00000000   Code   RO         3691    .ARM.Collect$$libinit$$0000000E  c_w.l(libinit2.o)
    0x08000172   0x08000172   0x00000000   Code   RO         3694    .ARM.Collect$$libinit$$00000011  c_w.l(libinit2.o)
    0x08000172   0x08000172   0x00000000   Code   RO         3696    .ARM.Collect$$libinit$$00000013  c_w.l(libinit2.o)
    0x08000172   0x08000172   0x00000000   Code   RO         3698    .ARM.Collect$$libinit$$00000015  c_w.l(libinit2.o)
    0x08000172   0x08000172   0x00000000   Code   RO         3700    .ARM.Collect$$libinit$$00000017  c_w.l(libinit2.o)
    0x08000172   0x08000172   0x00000000   Code   RO         3702    .ARM.Collect$$libinit$$00000019  c_w.l(libinit2.o)
    0x08000172   0x08000172   0x00000000   Code   RO         3704    .ARM.Collect$$libinit$$0000001B  c_w.l(libinit2.o)
    0x08000172   0x08000172   0x00000000   Code   RO         3706    .ARM.Collect$$libinit$$0000001D  c_w.l(libinit2.o)
    0x08000172   0x08000172   0x00000000   Code   RO         3708    .ARM.Collect$$libinit$$0000001F  c_w.l(libinit2.o)
    0x08000172   0x08000172   0x00000000   Code   RO         3710    .ARM.Collect$$libinit$$00000021  c_w.l(libinit2.o)
    0x08000172   0x08000172   0x00000000   Code   RO         3712    .ARM.Collect$$libinit$$00000023  c_w.l(libinit2.o)
    0x08000172   0x08000172   0x00000000   Code   RO         3714    .ARM.Collect$$libinit$$00000025  c_w.l(libinit2.o)
    0x08000172   0x08000172   0x00000000   Code   RO         3718    .ARM.Collect$$libinit$$0000002C  c_w.l(libinit2.o)
    0x08000172   0x08000172   0x00000000   Code   RO         3720    .ARM.Collect$$libinit$$0000002E  c_w.l(libinit2.o)
    0x08000172   0x08000172   0x00000000   Code   RO         3722    .ARM.Collect$$libinit$$00000030  c_w.l(libinit2.o)
    0x08000172   0x08000172   0x00000000   Code   RO         3724    .ARM.Collect$$libinit$$00000032  c_w.l(libinit2.o)
    0x08000172   0x08000172   0x00000002   Code   RO         3725    .ARM.Collect$$libinit$$00000033  c_w.l(libinit2.o)
    0x08000174   0x08000174   0x00000002   Code   RO         3745    .ARM.Collect$$libshutdown$$00000000  c_w.l(libshutdown.o)
    0x08000176   0x08000176   0x00000000   Code   RO         3758    .ARM.Collect$$libshutdown$$00000002  c_w.l(libshutdown2.o)
    0x08000176   0x08000176   0x00000000   Code   RO         3760    .ARM.Collect$$libshutdown$$00000004  c_w.l(libshutdown2.o)
    0x08000176   0x08000176   0x00000000   Code   RO         3763    .ARM.Collect$$libshutdown$$00000007  c_w.l(libshutdown2.o)
    0x08000176   0x08000176   0x00000000   Code   RO         3766    .ARM.Collect$$libshutdown$$0000000A  c_w.l(libshutdown2.o)
    0x08000176   0x08000176   0x00000000   Code   RO         3768    .ARM.Collect$$libshutdown$$0000000C  c_w.l(libshutdown2.o)
    0x08000176   0x08000176   0x00000000   Code   RO         3771    .ARM.Collect$$libshutdown$$0000000F  c_w.l(libshutdown2.o)
    0x08000176   0x08000176   0x00000002   Code   RO         3772    .ARM.Collect$$libshutdown$$00000010  c_w.l(libshutdown2.o)
    0x08000178   0x08000178   0x00000000   Code   RO         3636    .ARM.Collect$$rtentry$$00000000  c_w.l(__rtentry.o)
    0x08000178   0x08000178   0x00000000   Code   RO         3650    .ARM.Collect$$rtentry$$00000002  c_w.l(__rtentry2.o)
    0x08000178   0x08000178   0x00000006   Code   RO         3662    .ARM.Collect$$rtentry$$00000004  c_w.l(__rtentry4.o)
    0x0800017e   0x0800017e   0x00000000   Code   RO         3652    .ARM.Collect$$rtentry$$00000009  c_w.l(__rtentry2.o)
    0x0800017e   0x0800017e   0x00000004   Code   RO         3653    .ARM.Collect$$rtentry$$0000000A  c_w.l(__rtentry2.o)
    0x08000182   0x08000182   0x00000000   Code   RO         3655    .ARM.Collect$$rtentry$$0000000C  c_w.l(__rtentry2.o)
    0x08000182   0x08000182   0x00000008   Code   RO         3656    .ARM.Collect$$rtentry$$0000000D  c_w.l(__rtentry2.o)
    0x0800018a   0x0800018a   0x00000002   Code   RO         3679    .ARM.Collect$$rtexit$$00000000  c_w.l(rtexit.o)
    0x0800018c   0x0800018c   0x00000000   Code   RO         3727    .ARM.Collect$$rtexit$$00000002  c_w.l(rtexit2.o)
    0x0800018c   0x0800018c   0x00000004   Code   RO         3728    .ARM.Collect$$rtexit$$00000003  c_w.l(rtexit2.o)
    0x08000190   0x08000190   0x00000006   Code   RO         3729    .ARM.Collect$$rtexit$$00000004  c_w.l(rtexit2.o)
    0x08000196   0x08000196   0x00000002   PAD
    0x08000198   0x08000198   0x00000040   Code   RO            4    .text               startup_stm32f103xb.o
    0x080001d8   0x080001d8   0x00000028   Code   RO         3583    .text               c_w.l(noretval__2sprintf.o)
    0x08000200   0x08000200   0x00000068   Code   RO         3585    .text               c_w.l(__printf.o)
    0x08000268   0x08000268   0x00000078   Code   RO         3587    .text               c_w.l(_printf_dec.o)
    0x080002e0   0x080002e0   0x0000003e   Code   RO         3612    .text               c_w.l(strlen.o)
    0x0800031e   0x0800031e   0x00000064   Code   RO         3614    .text               c_w.l(rt_memcpy_w.o)
    0x08000382   0x08000382   0x0000004e   Code   RO         3616    .text               c_w.l(rt_memclr_w.o)
    0x080003d0   0x080003d0   0x00000006   Code   RO         3618    .text               c_w.l(heapauxi.o)
    0x080003d6   0x080003d6   0x000000b2   Code   RO         3637    .text               c_w.l(_printf_intcommon.o)
    0x08000488   0x08000488   0x00000030   Code   RO         3639    .text               c_w.l(_printf_char_common.o)
    0x080004b8   0x080004b8   0x0000000a   Code   RO         3641    .text               c_w.l(_sputc.o)
    0x080004c2   0x080004c2   0x0000004a   Code   RO         3666    .text               c_w.l(sys_stackheap_outer.o)
    0x0800050c   0x0800050c   0x00000012   Code   RO         3668    .text               c_w.l(exit.o)
    0x0800051e   0x0800051e   0x00000002   PAD
    0x08000520   0x08000520   0x00000008   Code   RO         3676    .text               c_w.l(libspace.o)
    0x08000528   0x08000528   0x0000000c   Code   RO         3737    .text               c_w.l(sys_exit.o)
    0x08000534   0x08000534   0x00000002   Code   RO         3748    .text               c_w.l(use_no_semi.o)
    0x08000536   0x08000536   0x00000000   Code   RO         3750    .text               c_w.l(indicate_semi.o)
    0x08000536   0x08000536   0x00000002   PAD
    0x08000538   0x08000538   0x00000056   Code   RO          631    i.ADC_ConversionStop_Disable  stm32f1xx_hal_adc.o
    0x0800058e   0x0800058e   0x0000004e   Code   RO          632    i.ADC_DMAConvCplt   stm32f1xx_hal_adc.o
    0x080005dc   0x080005dc   0x0000001a   Code   RO          633    i.ADC_DMAError      stm32f1xx_hal_adc.o
    0x080005f6   0x080005f6   0x0000000a   Code   RO          634    i.ADC_DMAHalfConvCplt  stm32f1xx_hal_adc.o
    0x08000600   0x08000600   0x0000007c   Code   RO          635    i.ADC_Enable        stm32f1xx_hal_adc.o
    0x0800067c   0x0800067c   0x00000002   Code   RO          386    i.BusFault_Handler  stm32f1xx_it.o
    0x0800067e   0x0800067e   0x00000002   PAD
    0x08000680   0x08000680   0x0000000c   Code   RO          387    i.DMA1_Channel1_IRQHandler  stm32f1xx_it.o
    0x0800068c   0x0800068c   0x0000000c   Code   RO          388    i.DMA1_Channel5_IRQHandler  stm32f1xx_it.o
    0x08000698   0x08000698   0x0000000c   Code   RO          389    i.DMA1_Channel7_IRQHandler  stm32f1xx_it.o
    0x080006a4   0x080006a4   0x0000002a   Code   RO         1287    i.DMA_SetConfig     stm32f1xx_hal_dma.o
    0x080006ce   0x080006ce   0x00000002   Code   RO          390    i.DebugMon_Handler  stm32f1xx_it.o
    0x080006d0   0x080006d0   0x00000008   Code   RO          391    i.EXTI15_10_IRQHandler  stm32f1xx_it.o
    0x080006d8   0x080006d8   0x00000006   Code   RO          392    i.EXTI1_IRQHandler  stm32f1xx_it.o
    0x080006de   0x080006de   0x00000006   Code   RO          393    i.EXTI9_5_IRQHandler  stm32f1xx_it.o
    0x080006e4   0x080006e4   0x00000004   Code   RO          266    i.Error_Handler     main.o
    0x080006e8   0x080006e8   0x00000018   Code   RO          267    i.GetTimeUs         main.o
    0x08000700   0x08000700   0x000000fc   Code   RO          637    i.HAL_ADC_ConfigChannel  stm32f1xx_hal_adc.o
    0x080007fc   0x080007fc   0x00000002   Code   RO          638    i.HAL_ADC_ConvCpltCallback  stm32f1xx_hal_adc.o
    0x080007fe   0x080007fe   0x00000002   Code   RO          639    i.HAL_ADC_ConvHalfCpltCallback  stm32f1xx_hal_adc.o
    0x08000800   0x08000800   0x00000002   Code   RO          641    i.HAL_ADC_ErrorCallback  stm32f1xx_hal_adc.o
    0x08000802   0x08000802   0x00000002   PAD
    0x08000804   0x08000804   0x0000011c   Code   RO          646    i.HAL_ADC_Init      stm32f1xx_hal_adc.o
    0x08000920   0x08000920   0x00000090   Code   RO          523    i.HAL_ADC_MspInit   stm32f1xx_hal_msp.o
    0x080009b0   0x080009b0   0x0000010c   Code   RO          653    i.HAL_ADC_Start_DMA  stm32f1xx_hal_adc.o
    0x08000abc   0x08000abc   0x00000046   Code   RO         1288    i.HAL_DMA_Abort     stm32f1xx_hal_dma.o
    0x08000b02   0x08000b02   0x00000002   PAD
    0x08000b04   0x08000b04   0x00000098   Code   RO         1289    i.HAL_DMA_Abort_IT  stm32f1xx_hal_dma.o
    0x08000b9c   0x08000b9c   0x00000154   Code   RO         1293    i.HAL_DMA_IRQHandler  stm32f1xx_hal_dma.o
    0x08000cf0   0x08000cf0   0x0000005c   Code   RO         1294    i.HAL_DMA_Init      stm32f1xx_hal_dma.o
    0x08000d4c   0x08000d4c   0x00000070   Code   RO         1298    i.HAL_DMA_Start_IT  stm32f1xx_hal_dma.o
    0x08000dbc   0x08000dbc   0x00000024   Code   RO          914    i.HAL_Delay         stm32f1xx_hal.o
    0x08000de0   0x08000de0   0x00000002   Code   RO          268    i.HAL_GPIO_EXTI_Callback  main.o
    0x08000de2   0x08000de2   0x00000002   PAD
    0x08000de4   0x08000de4   0x00000018   Code   RO         1223    i.HAL_GPIO_EXTI_IRQHandler  stm32f1xx_hal_gpio.o
    0x08000dfc   0x08000dfc   0x000001e0   Code   RO         1224    i.HAL_GPIO_Init     stm32f1xx_hal_gpio.o
    0x08000fdc   0x08000fdc   0x00000010   Code   RO         1227    i.HAL_GPIO_TogglePin  stm32f1xx_hal_gpio.o
    0x08000fec   0x08000fec   0x0000000a   Code   RO         1228    i.HAL_GPIO_WritePin  stm32f1xx_hal_gpio.o
    0x08000ff6   0x08000ff6   0x00000002   PAD
    0x08000ff8   0x08000ff8   0x0000000c   Code   RO          918    i.HAL_GetTick       stm32f1xx_hal.o
    0x08001004   0x08001004   0x00000010   Code   RO          924    i.HAL_IncTick       stm32f1xx_hal.o
    0x08001014   0x08001014   0x00000024   Code   RO          925    i.HAL_Init          stm32f1xx_hal.o
    0x08001038   0x08001038   0x00000040   Code   RO          926    i.HAL_InitTick      stm32f1xx_hal.o
    0x08001078   0x08001078   0x0000003c   Code   RO          524    i.HAL_MspInit       stm32f1xx_hal_msp.o
    0x080010b4   0x080010b4   0x0000001a   Code   RO         1384    i.HAL_NVIC_EnableIRQ  stm32f1xx_hal_cortex.o
    0x080010ce   0x080010ce   0x00000002   PAD
    0x080010d0   0x080010d0   0x00000040   Code   RO         1390    i.HAL_NVIC_SetPriority  stm32f1xx_hal_cortex.o
    0x08001110   0x08001110   0x00000024   Code   RO         1391    i.HAL_NVIC_SetPriorityGrouping  stm32f1xx_hal_cortex.o
    0x08001134   0x08001134   0x000000ec   Code   RO         1186    i.HAL_RCCEx_PeriphCLKConfig  stm32f1xx_hal_rcc_ex.o
    0x08001220   0x08001220   0x0000012c   Code   RO         1082    i.HAL_RCC_ClockConfig  stm32f1xx_hal_rcc.o
    0x0800134c   0x0800134c   0x00000020   Code   RO         1089    i.HAL_RCC_GetPCLK1Freq  stm32f1xx_hal_rcc.o
    0x0800136c   0x0800136c   0x00000020   Code   RO         1090    i.HAL_RCC_GetPCLK2Freq  stm32f1xx_hal_rcc.o
    0x0800138c   0x0800138c   0x0000004c   Code   RO         1091    i.HAL_RCC_GetSysClockFreq  stm32f1xx_hal_rcc.o
    0x080013d8   0x080013d8   0x00000320   Code   RO         1094    i.HAL_RCC_OscConfig  stm32f1xx_hal_rcc.o
    0x080016f8   0x080016f8   0x00000006   Code   RO         1893    i.HAL_SPI_GetState  stm32f1xx_hal_spi.o
    0x080016fe   0x080016fe   0x000000b2   Code   RO         1895    i.HAL_SPI_Init      stm32f1xx_hal_spi.o
    0x080017b0   0x080017b0   0x00000070   Code   RO          526    i.HAL_SPI_MspInit   stm32f1xx_hal_msp.o
    0x08001820   0x08001820   0x00000154   Code   RO         1898    i.HAL_SPI_Receive   stm32f1xx_hal_spi.o
    0x08001974   0x08001974   0x00000166   Code   RO         1903    i.HAL_SPI_Transmit  stm32f1xx_hal_spi.o
    0x08001ada   0x08001ada   0x000001f0   Code   RO         1904    i.HAL_SPI_TransmitReceive  stm32f1xx_hal_spi.o
    0x08001cca   0x08001cca   0x00000028   Code   RO         1395    i.HAL_SYSTICK_Config  stm32f1xx_hal_cortex.o
    0x08001cf2   0x08001cf2   0x00000002   Code   RO         2912    i.HAL_TIMEx_BreakCallback  stm32f1xx_hal_tim_ex.o
    0x08001cf4   0x08001cf4   0x00000002   Code   RO         2913    i.HAL_TIMEx_CommutCallback  stm32f1xx_hal_tim_ex.o
    0x08001cf6   0x08001cf6   0x00000002   PAD
    0x08001cf8   0x08001cf8   0x00000068   Code   RO         2931    i.HAL_TIMEx_MasterConfigSynchronization  stm32f1xx_hal_tim_ex.o
    0x08001d60   0x08001d60   0x0000005a   Code   RO         2208    i.HAL_TIM_Base_Init  stm32f1xx_hal_tim.o
    0x08001dba   0x08001dba   0x00000002   PAD
    0x08001dbc   0x08001dbc   0x00000064   Code   RO          528    i.HAL_TIM_Base_MspInit  stm32f1xx_hal_msp.o
    0x08001e20   0x08001e20   0x00000058   Code   RO         2213    i.HAL_TIM_Base_Start_IT  stm32f1xx_hal_tim.o
    0x08001e78   0x08001e78   0x000000dc   Code   RO         2217    i.HAL_TIM_ConfigClockSource  stm32f1xx_hal_tim.o
    0x08001f54   0x08001f54   0x00000002   Code   RO         2242    i.HAL_TIM_IC_CaptureCallback  stm32f1xx_hal_tim.o
    0x08001f56   0x08001f56   0x00000130   Code   RO         2256    i.HAL_TIM_IRQHandler  stm32f1xx_hal_tim.o
    0x08002086   0x08002086   0x00000002   Code   RO         2259    i.HAL_TIM_OC_DelayElapsedCallback  stm32f1xx_hal_tim.o
    0x08002088   0x08002088   0x00000002   Code   RO         2286    i.HAL_TIM_PWM_PulseFinishedCallback  stm32f1xx_hal_tim.o
    0x0800208a   0x0800208a   0x00000002   PAD
    0x0800208c   0x0800208c   0x00000034   Code   RO          269    i.HAL_TIM_PeriodElapsedCallback  main.o
    0x080020c0   0x080020c0   0x00000002   Code   RO         2299    i.HAL_TIM_TriggerCallback  stm32f1xx_hal_tim.o
    0x080020c2   0x080020c2   0x00000002   Code   RO         3191    i.HAL_UARTEx_RxEventCallback  stm32f1xx_hal_uart.o
    0x080020c4   0x080020c4   0x00000002   Code   RO         3205    i.HAL_UART_ErrorCallback  stm32f1xx_hal_uart.o
    0x080020c6   0x080020c6   0x00000002   PAD
    0x080020c8   0x080020c8   0x0000026c   Code   RO         3208    i.HAL_UART_IRQHandler  stm32f1xx_hal_uart.o
    0x08002334   0x08002334   0x00000064   Code   RO         3209    i.HAL_UART_Init     stm32f1xx_hal_uart.o
    0x08002398   0x08002398   0x00000134   Code   RO          530    i.HAL_UART_MspInit  stm32f1xx_hal_msp.o
    0x080024cc   0x080024cc   0x00000002   Code   RO         3215    i.HAL_UART_RxCpltCallback  stm32f1xx_hal_uart.o
    0x080024ce   0x080024ce   0x00000002   PAD
    0x080024d0   0x080024d0   0x00000078   Code   RO         3218    i.HAL_UART_Transmit_DMA  stm32f1xx_hal_uart.o
    0x08002548   0x08002548   0x00000002   Code   RO         3220    i.HAL_UART_TxCpltCallback  stm32f1xx_hal_uart.o
    0x0800254a   0x0800254a   0x00000002   Code   RO         3221    i.HAL_UART_TxHalfCpltCallback  stm32f1xx_hal_uart.o
    0x0800254c   0x0800254c   0x00000002   Code   RO          394    i.HardFault_Handler  stm32f1xx_it.o
    0x0800254e   0x0800254e   0x00000056   Code   RO           14    i.LoRa_BurstWrite   lora.o
    0x080025a4   0x080025a4   0x000000e4   Code   RO           15    i.LoRa_Config       lora.o
    0x08002688   0x08002688   0x00000086   Code   RO           17    i.LoRa_gotoMode     lora.o
    0x0800270e   0x0800270e   0x0000001e   Code   RO           19    i.LoRa_read         lora.o
    0x0800272c   0x0800272c   0x00000058   Code   RO           20    i.LoRa_readReg      lora.o
    0x08002784   0x08002784   0x00000028   Code   RO           22    i.LoRa_reset        lora.o
    0x080027ac   0x080027ac   0x0000004c   Code   RO           23    i.LoRa_setAutoLDO   lora.o
    0x080027f8   0x080027f8   0x00000040   Code   RO           24    i.LoRa_setFrequency  lora.o
    0x08002838   0x08002838   0x0000002a   Code   RO           25    i.LoRa_setLowDaraRateOptimization  lora.o
    0x08002862   0x08002862   0x0000003e   Code   RO           26    i.LoRa_setOCP       lora.o
    0x080028a0   0x080028a0   0x00000014   Code   RO           27    i.LoRa_setPower     lora.o
    0x080028b4   0x080028b4   0x00000040   Code   RO           28    i.LoRa_setSpreadingFactor  lora.o
    0x080028f4   0x080028f4   0x00000020   Code   RO           30    i.LoRa_setTOMsb_setCRCon  lora.o
    0x08002914   0x08002914   0x00000006   Code   RO           31    i.LoRa_startReceiving  lora.o
    0x0800291a   0x0800291a   0x00000078   Code   RO           32    i.LoRa_transmit     lora.o
    0x08002992   0x08002992   0x0000001e   Code   RO           33    i.LoRa_write        lora.o
    0x080029b0   0x080029b0   0x00000058   Code   RO           34    i.LoRa_writeReg     lora.o
    0x08002a08   0x08002a08   0x00000044   Code   RO           35    i.Lora_Init         lora.o
    0x08002a4c   0x08002a4c   0x0000001a   Code   RO          270    i.MA_Init           main.o
    0x08002a66   0x08002a66   0x00000032   Code   RO          271    i.MA_Update         main.o
    0x08002a98   0x08002a98   0x00000050   Code   RO          272    i.MX_ADC1_Init      main.o
    0x08002ae8   0x08002ae8   0x00000130   Code   RO          273    i.MX_GPIO_Init      main.o
    0x08002c18   0x08002c18   0x00000044   Code   RO          274    i.MX_SPI1_Init      main.o
    0x08002c5c   0x08002c5c   0x00000068   Code   RO          275    i.MX_TIM1_Init      main.o
    0x08002cc4   0x08002cc4   0x00000068   Code   RO          276    i.MX_TIM3_Init      main.o
    0x08002d2c   0x08002d2c   0x00000002   Code   RO          395    i.MemManage_Handler  stm32f1xx_it.o
    0x08002d2e   0x08002d2e   0x00000002   Code   RO          396    i.NMI_Handler       stm32f1xx_it.o
    0x08002d30   0x08002d30   0x00000002   Code   RO          397    i.PendSV_Handler    stm32f1xx_it.o
    0x08002d32   0x08002d32   0x0000005c   Code   RO         1932    i.SPI_EndRxTransaction  stm32f1xx_hal_spi.o
    0x08002d8e   0x08002d8e   0x00000034   Code   RO         1933    i.SPI_EndRxTxTransaction  stm32f1xx_hal_spi.o
    0x08002dc2   0x08002dc2   0x00000002   PAD
    0x08002dc4   0x08002dc4   0x000000b8   Code   RO         1938    i.SPI_WaitFlagStateUntilTimeout  stm32f1xx_hal_spi.o
    0x08002e7c   0x08002e7c   0x00000002   Code   RO          398    i.SVC_Handler       stm32f1xx_it.o
    0x08002e7e   0x08002e7e   0x00000004   Code   RO          399    i.SysTick_Handler   stm32f1xx_it.o
    0x08002e82   0x08002e82   0x00000078   Code   RO          277    i.SystemClock_Config  main.o
    0x08002efa   0x08002efa   0x00000002   Code   RO         3543    i.SystemInit        system_stm32f1xx.o
    0x08002efc   0x08002efc   0x0000000c   Code   RO          400    i.TIM1_UP_IRQHandler  stm32f1xx_it.o
    0x08002f08   0x08002f08   0x0000000c   Code   RO          401    i.TIM3_IRQHandler   stm32f1xx_it.o
    0x08002f14   0x08002f14   0x00000078   Code   RO         2301    i.TIM_Base_SetConfig  stm32f1xx_hal_tim.o
    0x08002f8c   0x08002f8c   0x00000014   Code   RO         2312    i.TIM_ETR_SetConfig  stm32f1xx_hal_tim.o
    0x08002fa0   0x08002fa0   0x00000010   Code   RO         2313    i.TIM_ITRx_SetConfig  stm32f1xx_hal_tim.o
    0x08002fb0   0x08002fb0   0x00000022   Code   RO         2319    i.TIM_TI1_ConfigInputStage  stm32f1xx_hal_tim.o
    0x08002fd2   0x08002fd2   0x00000024   Code   RO         2321    i.TIM_TI2_ConfigInputStage  stm32f1xx_hal_tim.o
    0x08002ff6   0x08002ff6   0x00000010   Code   RO         3222    i.UART_DMAAbortOnError  stm32f1xx_hal_uart.o
    0x08003006   0x08003006   0x0000004a   Code   RO         3223    i.UART_DMAError     stm32f1xx_hal_uart.o
    0x08003050   0x08003050   0x00000042   Code   RO         3228    i.UART_DMATransmitCplt  stm32f1xx_hal_uart.o
    0x08003092   0x08003092   0x0000000a   Code   RO         3230    i.UART_DMATxHalfCplt  stm32f1xx_hal_uart.o
    0x0800309c   0x0800309c   0x0000004e   Code   RO         3232    i.UART_EndRxTransfer  stm32f1xx_hal_uart.o
    0x080030ea   0x080030ea   0x0000001c   Code   RO         3233    i.UART_EndTxTransfer  stm32f1xx_hal_uart.o
    0x08003106   0x08003106   0x000000c2   Code   RO         3234    i.UART_Receive_IT   stm32f1xx_hal_uart.o
    0x080031c8   0x080031c8   0x000000b8   Code   RO         3235    i.UART_SetConfig    stm32f1xx_hal_uart.o
    0x08003280   0x08003280   0x0000000c   Code   RO          402    i.USART1_IRQHandler  stm32f1xx_it.o
    0x0800328c   0x0800328c   0x0000000c   Code   RO          403    i.USART2_IRQHandler  stm32f1xx_it.o
    0x08003298   0x08003298   0x00000002   Code   RO          404    i.UsageFault_Handler  stm32f1xx_it.o
    0x0800329a   0x0800329a   0x00000020   Code   RO         1397    i.__NVIC_SetPriority  stm32f1xx_hal_cortex.o
    0x080032ba   0x080032ba   0x00000002   PAD
    0x080032bc   0x080032bc   0x00000340   Code   RO          278    i.main              main.o
    0x080035fc   0x080035fc   0x000002b0   Code   RO         3623    x$fpl$ddiv          fz_ws.l(ddiv.o)
    0x080038ac   0x080038ac   0x0000005e   Code   RO         3626    x$fpl$dfix          fz_ws.l(dfix.o)
    0x0800390a   0x0800390a   0x0000002e   Code   RO         3631    x$fpl$dflt          fz_ws.l(dflt_clz.o)
    0x08003938   0x08003938   0x0000009c   Code   RO         3644    x$fpl$dnaninf       fz_ws.l(dnaninf.o)
    0x080039d4   0x080039d4   0x0000000c   Code   RO         3646    x$fpl$dretinf       fz_ws.l(dretinf.o)
    0x080039e0   0x080039e0   0x00000000   Code   RO         3648    x$fpl$usenofp       fz_ws.l(usenofp.o)
    0x080039e0   0x080039e0   0x00000050   Data   RO           36    .constdata          lora.o
    0x08003a30   0x08003a30   0x00000012   Data   RO         1095    .constdata          stm32f1xx_hal_rcc.o
    0x08003a42   0x08003a42   0x00000010   Data   RO         3544    .constdata          system_stm32f1xx.o
    0x08003a52   0x08003a52   0x00000008   Data   RO         3545    .constdata          system_stm32f1xx.o
    0x08003a5a   0x08003a5a   0x00000002   PAD
    0x08003a5c   0x08003a5c   0x00000020   Data   RO         3803    Region$$Table       anon$$obj.o


    Execution Region RW_IRAM1 (Exec base: 0x20000000, Load base: 0x08003a7c, Size: 0x000009c8, Max: 0x00005000, ABSOLUTE)

    Exec Addr    Load Addr    Size         Type   Attr      Idx    E Section Name        Object

    0x20000000   0x08003a7c   0x00000040   Data   RW          285    .data               main.o
    0x20000040   0x08003abc   0x0000000c   Data   RW          932    .data               stm32f1xx_hal.o
    0x2000004c   0x08003ac8   0x00000004   Data   RW         3546    .data               system_stm32f1xx.o
    0x20000050        -       0x0000024c   Zero   RW          279    .bss                main.o
    0x2000029c        -       0x00000044   Zero   RW          280    .bss                main.o
    0x200002e0        -       0x00000044   Zero   RW          281    .bss                main.o
    0x20000324        -       0x00000044   Zero   RW          282    .bss                main.o
    0x20000368        -       0x00000060   Zero   RW         3677    .bss                c_w.l(libspace.o)
    0x200003c8        -       0x00000200   Zero   RW            2    HEAP                startup_stm32f103xb.o
    0x200005c8        -       0x00000400   Zero   RW            1    STACK               startup_stm32f103xb.o


==============================================================================

Image component sizes


      Code (inc. data)   RO Data    RW Data    ZI Data      Debug   Object Name

      1278         16         80          0          0     461860   lora.o
      1770        142          0         64        792      11773   main.o
        64         26        236          0       1536        848   startup_stm32f103xb.o
       164         28          0         12          0       6209   stm32f1xx_hal.o
      1134         56          0          0          0       8986   stm32f1xx_hal_adc.o
       198         14          0          0          0      29163   stm32f1xx_hal_cortex.o
       808         36          0          0          0       5254   stm32f1xx_hal_dma.o
       530         40          0          0          0       4280   stm32f1xx_hal_gpio.o
       724         86          0          0          0       4254   stm32f1xx_hal_msp.o
      1240         84         18          0          0       5340   stm32f1xx_hal_rcc.o
       236         12          0          0          0       1460   stm32f1xx_hal_rcc_ex.o
      1706          4          0          0          0       8953   stm32f1xx_hal_spi.o
       936         24          0          0          0      10381   stm32f1xx_hal_tim.o
       108         12          0          0          0       2553   stm32f1xx_hal_tim_ex.o
      1500         24          0          0          0      12270   stm32f1xx_hal_uart.o
       124         42          0          0          0       8985   stm32f1xx_it.o
         2          0         24          4          0       1227   system_stm32f1xx.o

    ----------------------------------------------------------------------
     12548        646        392         80       2328     583796   Object Totals
         0          0         32          0          0          0   (incl. Generated)
        26          0          2          0          0          0   (incl. Padding)

    ----------------------------------------------------------------------

      Code (inc. data)   RO Data    RW Data    ZI Data      Debug   Library Member Name

         8          0          0          0          0         68   __main.o
       104          0          0          0          0         84   __printf.o
         0          0          0          0          0          0   __rtentry.o
        12          0          0          0          0          0   __rtentry2.o
         6          0          0          0          0          0   __rtentry4.o
        52          8          0          0          0          0   __scatter.o
        26          0          0          0          0          0   __scatter_copy.o
        28          0          0          0          0          0   __scatter_zi.o
        48          6          0          0          0         96   _printf_char_common.o
         6          0          0          0          0          0   _printf_d.o
       120         16          0          0          0         92   _printf_dec.o
       178          0          0          0          0         88   _printf_intcommon.o
         0          0          0          0          0          0   _printf_percent.o
         4          0          0          0          0          0   _printf_percent_end.o
         6          0          0          0          0          0   _printf_u.o
        10          0          0          0          0         68   _sputc.o
        18          0          0          0          0         80   exit.o
         6          0          0          0          0        152   heapauxi.o
         0          0          0          0          0          0   indicate_semi.o
         2          0          0          0          0          0   libinit.o
         2          0          0          0          0          0   libinit2.o
         2          0          0          0          0          0   libshutdown.o
         2          0          0          0          0          0   libshutdown2.o
         8          4          0          0         96         68   libspace.o
        40          6          0          0          0         84   noretval__2sprintf.o
        78          0          0          0          0         80   rt_memclr_w.o
       100          0          0          0          0         80   rt_memcpy_w.o
         2          0          0          0          0          0   rtexit.o
        10          0          0          0          0          0   rtexit2.o
        62          0          0          0          0         76   strlen.o
        12          4          0          0          0         68   sys_exit.o
        74          0          0          0          0         80   sys_stackheap_outer.o
         2          0          0          0          0         68   use_no_semi.o
       688        140          0          0          0        208   ddiv.o
        94          4          0          0          0         92   dfix.o
        46          0          0          0          0         68   dflt_clz.o
       156          4          0          0          0         92   dnaninf.o
        12          0          0          0          0         68   dretinf.o
         0          0          0          0          0          0   usenofp.o

    ----------------------------------------------------------------------
      2032        192          0          0         96       1860   Library Totals
         8          0          0          0          0          0   (incl. Padding)

    ----------------------------------------------------------------------

      Code (inc. data)   RO Data    RW Data    ZI Data      Debug   Library Name

      1028         44          0          0         96       1332   c_w.l
       996        148          0          0          0        528   fz_ws.l

    ----------------------------------------------------------------------
      2032        192          0          0         96       1860   Library Totals

    ----------------------------------------------------------------------

==============================================================================


      Code (inc. data)   RO Data    RW Data    ZI Data      Debug   

     14580        838        392         80       2424     578164   Grand Totals
     14580        838        392         80       2424     578164   ELF Image Totals
     14580        838        392         80          0          0   ROM Totals

==============================================================================

    Total RO  Size (Code + RO Data)                14972 (  14.62kB)
    Total RW  Size (RW Data + ZI Data)              2504 (   2.45kB)
    Total ROM Size (Code + RO Data + RW Data)      15052 (  14.70kB)

==============================================================================

