Component: ARM Compiler 5.06 update 6 (build 750) Tool: armlink [4d35ed]

==============================================================================

Section Cross References

    startup_stm32f103xb.o(STACK) refers (Special) to heapauxi.o(.text) for __use_two_region_memory
    startup_stm32f103xb.o(HEAP) refers (Special) to heapauxi.o(.text) for __use_two_region_memory
    startup_stm32f103xb.o(RESET) refers (Special) to heapauxi.o(.text) for __use_two_region_memory
    startup_stm32f103xb.o(RESET) refers to startup_stm32f103xb.o(STACK) for __initial_sp
    startup_stm32f103xb.o(RESET) refers to startup_stm32f103xb.o(.text) for Reset_Handler
    startup_stm32f103xb.o(RESET) refers to stm32f1xx_it.o(i.NMI_Handler) for NMI_Handler
    startup_stm32f103xb.o(RESET) refers to stm32f1xx_it.o(i.HardFault_Handler) for HardFault_Handler
    startup_stm32f103xb.o(RESET) refers to stm32f1xx_it.o(i.MemManage_Handler) for MemManage_Handler
    startup_stm32f103xb.o(RESET) refers to stm32f1xx_it.o(i.BusFault_Handler) for BusFault_Handler
    startup_stm32f103xb.o(RESET) refers to stm32f1xx_it.o(i.UsageFault_Handler) for UsageFault_Handler
    startup_stm32f103xb.o(RESET) refers to stm32f1xx_it.o(i.SVC_Handler) for SVC_Handler
    startup_stm32f103xb.o(RESET) refers to stm32f1xx_it.o(i.DebugMon_Handler) for DebugMon_Handler
    startup_stm32f103xb.o(RESET) refers to stm32f1xx_it.o(i.PendSV_Handler) for PendSV_Handler
    startup_stm32f103xb.o(RESET) refers to stm32f1xx_it.o(i.SysTick_Handler) for SysTick_Handler
    startup_stm32f103xb.o(RESET) refers to stm32f1xx_it.o(i.EXTI1_IRQHandler) for EXTI1_IRQHandler
    startup_stm32f103xb.o(RESET) refers to stm32f1xx_it.o(i.DMA1_Channel1_IRQHandler) for DMA1_Channel1_IRQHandler
    startup_stm32f103xb.o(RESET) refers to stm32f1xx_it.o(i.DMA1_Channel4_IRQHandler) for DMA1_Channel4_IRQHandler
    startup_stm32f103xb.o(RESET) refers to stm32f1xx_it.o(i.TIM1_UP_IRQHandler) for TIM1_UP_IRQHandler
    startup_stm32f103xb.o(RESET) refers to stm32f1xx_it.o(i.TIM3_IRQHandler) for TIM3_IRQHandler
    startup_stm32f103xb.o(RESET) refers to stm32f1xx_it.o(i.USART1_IRQHandler) for USART1_IRQHandler
    startup_stm32f103xb.o(.text) refers (Special) to heapauxi.o(.text) for __use_two_region_memory
    startup_stm32f103xb.o(.text) refers to system_stm32f1xx.o(i.SystemInit) for SystemInit
    startup_stm32f103xb.o(.text) refers to __main.o(!!!main) for __main
    startup_stm32f103xb.o(.text) refers to startup_stm32f103xb.o(HEAP) for Heap_Mem
    startup_stm32f103xb.o(.text) refers to startup_stm32f103xb.o(STACK) for Stack_Mem
    lora.o(i.FSK_transmit) refers to lora.o(i.LoRa_gotoMode) for LoRa_gotoMode
    lora.o(i.FSK_transmit) refers to lora.o(i.LoRa_read) for LoRa_read
    lora.o(i.FSK_transmit) refers to lora.o(i.LoRa_BurstWrite) for LoRa_BurstWrite
    lora.o(i.FSK_transmit) refers to lora.o(i.LoRa_write) for LoRa_write
    lora.o(i.LoRa_BurstWrite) refers to stm32f1xx_hal_gpio.o(i.HAL_GPIO_WritePin) for HAL_GPIO_WritePin
    lora.o(i.LoRa_BurstWrite) refers to stm32f1xx_hal_spi.o(i.HAL_SPI_Transmit) for HAL_SPI_Transmit
    lora.o(i.LoRa_BurstWrite) refers to stm32f1xx_hal_spi.o(i.HAL_SPI_GetState) for HAL_SPI_GetState
    lora.o(i.LoRa_Config) refers to lora.o(i.LoRa_gotoMode) for LoRa_gotoMode
    lora.o(i.LoRa_Config) refers to stm32f1xx_hal.o(i.HAL_Delay) for HAL_Delay
    lora.o(i.LoRa_Config) refers to lora.o(i.LoRa_read) for LoRa_read
    lora.o(i.LoRa_Config) refers to lora.o(i.LoRa_write) for LoRa_write
    lora.o(i.LoRa_Config) refers to lora.o(i.LoRa_setFrequency) for LoRa_setFrequency
    lora.o(i.LoRa_Config) refers to lora.o(i.LoRa_setPower) for LoRa_setPower
    lora.o(i.LoRa_Config) refers to lora.o(i.LoRa_setOCP) for LoRa_setOCP
    lora.o(i.LoRa_Config) refers to lora.o(i.LoRa_setTOMsb_setCRCon) for LoRa_setTOMsb_setCRCon
    lora.o(i.LoRa_Config) refers to lora.o(i.LoRa_setSpreadingFactor) for LoRa_setSpreadingFactor
    lora.o(i.LoRa_Config) refers to lora.o(i.LoRa_setAutoLDO) for LoRa_setAutoLDO
    lora.o(i.LoRa_getRSSI) refers to lora.o(i.LoRa_read) for LoRa_read
    lora.o(i.LoRa_gotoMode) refers to lora.o(i.LoRa_read) for LoRa_read
    lora.o(i.LoRa_gotoMode) refers to lora.o(i.LoRa_write) for LoRa_write
    lora.o(i.LoRa_read) refers to lora.o(i.LoRa_readReg) for LoRa_readReg
    lora.o(i.LoRa_readReg) refers to stm32f1xx_hal_gpio.o(i.HAL_GPIO_WritePin) for HAL_GPIO_WritePin
    lora.o(i.LoRa_readReg) refers to stm32f1xx_hal_spi.o(i.HAL_SPI_Transmit) for HAL_SPI_Transmit
    lora.o(i.LoRa_readReg) refers to stm32f1xx_hal_spi.o(i.HAL_SPI_GetState) for HAL_SPI_GetState
    lora.o(i.LoRa_readReg) refers to stm32f1xx_hal_spi.o(i.HAL_SPI_Receive) for HAL_SPI_Receive
    lora.o(i.LoRa_receive) refers to lora.o(i.LoRa_gotoMode) for LoRa_gotoMode
    lora.o(i.LoRa_receive) refers to lora.o(i.LoRa_read) for LoRa_read
    lora.o(i.LoRa_receive) refers to lora.o(i.LoRa_write) for LoRa_write
[...]
    .ARM.Collect$$libinit$$00000002          0x0800016c   Section        0  libinit2.o(.ARM.Collect$$libinit$$00000002)
    .ARM.Collect$$libinit$$00000004          0x0800016c   Section        0  libinit2.o(.ARM.Collect$$libinit$$00000004)
    .ARM.Collect$$libinit$$0000000A          0x0800016c   Section        0  libinit2.o(.ARM.Collect$$libinit$$0000000A)
    .ARM.Collect$$libinit$$0000000C          0x0800016c   Section        0  libinit2.o(.ARM.Collect$$libinit$$0000000C)
    .ARM.Collect$$libinit$$0000000E          0x0800016c   Section        0  libinit2.o(.ARM.Collect$$libinit$$0000000E)
    .ARM.Collect$$libinit$$00000011          0x0800016c   Section        0  libinit2.o(.ARM.Collect$$libinit$$00000011)
    .ARM.Collect$$libinit$$00000013          0x0800016c   Section        0  libinit2.o(.ARM.Collect$$libinit$$00000013)
    .ARM.Collect$$libinit$$00000015          0x0800016c   Section        0  libinit2.o(.ARM.Collect$$libinit$$00000015)
    .ARM.Collect$$libinit$$00000017          0x0800016c   Section        0  libinit2.o(.ARM.Collect$$libinit$$00000017)
    .ARM.Collect$$libinit$$00000019          0x0800016c   Section        0  libinit2.o(.ARM.Collect$$libinit$$00000019)
    .ARM.Collect$$libinit$$0000001B          0x0800016c   Section        0  libinit2.o(.ARM.Collect$$libinit$$0000001B)
    .ARM.Collect$$libinit$$0000001D          0x0800016c   Section        0  libinit2.o(.ARM.Collect$$libinit$$0000001D)
    .ARM.Collect$$libinit$$0000001F          0x0800016c   Section        0  libinit2.o(.ARM.Collect$$libinit$$0000001F)
    .ARM.Collect$$libinit$$00000021          0x0800016c   Section        0  libinit2.o(.ARM.Collect$$libinit$$00000021)
    .ARM.Collect$$libinit$$00000023          0x0800016c   Section        0  libinit2.o(.ARM.Collect$$libinit$$00000023)
    .ARM.Collect$$libinit$$00000025          0x0800016c   Section        0  libinit2.o(.ARM.Collect$$libinit$$00000025)
    .ARM.Collect$$libinit$$0000002C          0x0800016c   Section        0  libinit2.o(.ARM.Collect$$libinit$$0000002C)
    .ARM.Collect$$libinit$$0000002E          0x0800016c   Section        0  libinit2.o(.ARM.Collect$$libinit$$0000002E)
    .ARM.Collect$$libinit$$00000030          0x0800016c   Section        0  libinit2.o(.ARM.Collect$$libinit$$00000030)
    .ARM.Collect$$libinit$$00000032          0x0800016c   Section        0  libinit2.o(.ARM.Collect$$libinit$$00000032)
    .ARM.Collect$$libinit$$00000033          0x0800016c   Section        2  libinit2.o(.ARM.Collect$$libinit$$00000033)
    .ARM.Collect$$libshutdown$$00000000      0x0800016e   Section        2  libshutdown.o(.ARM.Collect$$libshutdown$$00000000)
    .ARM.Collect$$libshutdown$$00000002      0x08000170   Section        0  libshutdown2.o(.ARM.Collect$$libshutdown$$00000002)
    .ARM.Collect$$libshutdown$$00000004      0x08000170   Section        0  libshutdown2.o(.ARM.Collect$$libshutdown$$00000004)
    .ARM.Collect$$libshutdown$$00000007      0x08000170   Section        0  libshutdown2.o(.ARM.Collect$$libshutdown$$00000007)
    .ARM.Collect$$libshutdown$$0000000A      0x08000170   Section        0  libshutdown2.o(.ARM.Collect$$libshutdown$$0000000A)
    .ARM.Collect$$libshutdown$$0000000C      0x08000170   Section        0  libshutdown2.o(.ARM.Collect$$libshutdown$$0000000C)
    .ARM.Collect$$libshutdown$$0000000F      0x08000170   Section        0  libshutdown2.o(.ARM.Collect$$libshutdown$$0000000F)
    .ARM.Collect$$libshutdown$$00000010      0x08000170   Section        2  libshutdown2.o(.ARM.Collect$$libshutdown$$00000010)
    .ARM.Collect$$rtentry$$00000000          0x08000172   Section        0  __rtentry.o(.ARM.Collect$$rtentry$$00000000)
    .ARM.Collect$$rtentry$$00000002          0x08000172   Section        0  __rtentry2.o(.ARM.Collect$$rtentry$$00000002)
    .ARM.Collect$$rtentry$$00000004          0x08000172   Section        6  __rtentry4.o(.ARM.Collect$$rtentry$$00000004)
    .ARM.Collect$$rtentry$$00000009          0x08000178   Section        0  __rtentry2.o(.ARM.Collect$$rtentry$$00000009)
    .ARM.Collect$$rtentry$$0000000A          0x08000178   Section        4  __rtentry2.o(.ARM.Collect$$rtentry$$0000000A)
    .ARM.Collect$$rtentry$$0000000C          0x0800017c   Section        0  __rtentry2.o(.ARM.Collect$$rtentry$$0000000C)
    .ARM.Collect$$rtentry$$0000000D          0x0800017c   Section        8  __rtentry2.o(.ARM.Collect$$rtentry$$0000000D)
    .ARM.Collect$$rtexit$$00000000           0x08000184   Section        2  rtexit.o(.ARM.Collect$$rtexit$$00000000)
    .ARM.Collect$$rtexit$$00000002           0x08000186   Section        0  rtexit2.o(.ARM.Collect$$rtexit$$00000002)
    .ARM.Collect$$rtexit$$00000003           0x08000186   Section        4  rtexit2.o(.ARM.Collect$$rtexit$$00000003)
    .ARM.Collect$$rtexit$$00000004           0x0800018a   Section        6  rtexit2.o(.ARM.Collect$$rtexit$$00000004)
    .text                                    0x08000190   Section       64  startup_stm32f103xb.o(.text)
    .text                                    0x080001d0   Section      238  lludivv7m.o(.text)
    .text                                    0x080002c0   Section        0  noretval__2sprintf.o(.text)
    .text                                    0x080002e8   Section        0  __printf.o(.text)
    .text                                    0x08000350   Section        0  _printf_dec.o(.text)
    .text                                    0x080003c8   Section        0  strlen.o(.text)
    .text                                    0x08000406   Section      100  rt_memcpy_w.o(.text)
    .text                                    0x0800046a   Section       78  rt_memclr_w.o(.text)
    .text                                    0x080004b8   Section        0  heapauxi.o(.text)
    .text                                    0x080004be   Section        0  _printf_intcommon.o(.text)
    .text                                    0x08000570   Section        0  _printf_char_common.o(.text)
    _printf_input_char                       0x08000571   Thumb Code    10  _printf_char_common.o(.text)
    .text                                    0x080005a0   Section        0  _sputc.o(.text)
    .text                                    0x080005aa   Section       74  sys_stackheap_outer.o(.text)
    .text                                    0x080005f4   Section        0  exit.o(.text)
    .text                                    0x08000608   Section        8  libspace.o(.text)
    .text                                    0x08000610   Section        0  sys_exit.o(.text)
    .text                                    0x0800061c   Section        2  use_no_semi.o(.text)
    .text                                    0x0800061e   Section        0  indicate_semi.o(.text)
    i.ADC_ConversionStop_Disable             0x08000620   Section        0  stm32f1xx_hal_adc.o(i.ADC_ConversionStop_Disable)
    i.ADC_DMAConvCplt                        0x08000676   Section        0  stm32f1xx_hal_adc.o(i.ADC_DMAConvCplt)
    i.ADC_DMAError                           0x080006c4   Section        0  stm32f1xx_hal_adc.o(i.ADC_DMAError)
    i.ADC_DMAHalfConvCplt                    0x080006de   Section        0  stm32f1xx_hal_adc.o(i.ADC_DMAHalfConvCplt)
    i.ADC_Enable                             0x080006e8   Section        0  stm32f1xx_hal_adc.o(i.ADC_Enable)
    i.BusFault_Handler                       0x08000764   Section        0  stm32f1xx_it.o(i.BusFault_Handler)
    i.DMA1_Channel1_IRQHandler               0x08000768   Section        0  stm32f1xx_it.o(i.DMA1_Channel1_IRQHandler)
    i.DMA1_Channel4_IRQHandler               0x08000774   Section        0  stm32f1xx_it.o(i.DMA1_Channel4_IRQHandler)
    i.DMA_SetConfig                          0x08000780   Section        0  stm32f1xx_hal_dma.o(i.DMA_SetConfig)
    DMA_SetConfig                            0x08000781   Thumb Code    42  stm32f1xx_hal_dma.o(i.DMA_SetConfig)
    i.DebugMon_Handler                       0x080007aa   Section        0  stm32f1xx_it.o(i.DebugMon_Handler)
    i.EXTI1_IRQHandler                       0x080007ac   Section        0  stm32f1xx_it.o(i.EXTI1_IRQHandler)
    i.Error_Handler                          0x080007b2   Section        0  main.o(i.Error_Handler)
    i.GetTimeUs                              0x080007b8   Section        0  main.o(i.GetTimeUs)
    i.HAL_ADC_ConfigChannel                  0x080007dc   Section        0  stm32f1xx_hal_adc.o(i.HAL_ADC_ConfigChannel)
    i.HAL_ADC_ConvCpltCallback               0x080008d8   Section        0  stm32f1xx_hal_adc.o(i.HAL_ADC_ConvCpltCallback)
    i.HAL_ADC_ConvHalfCpltCallback           0x080008da   Section        0  stm32f1xx_hal_adc.o(i.HAL_ADC_ConvHalfCpltCallback)
    i.HAL_ADC_ErrorCallback                  0x080008dc   Section        0  stm32f1xx_hal_adc.o(i.HAL_ADC_ErrorCallback)
    i.HAL_ADC_Init                           0x080008e0   Section        0  stm32f1xx_hal_adc.o(i.HAL_ADC_Init)
    i.HAL_ADC_MspInit                        0x080009fc   Section        0  stm32f1xx_hal_msp.o(i.HAL_ADC_MspInit)
    i.HAL_ADC_Start_DMA                      0x08000ac8   Section        0  stm32f1xx_hal_adc.o(i.HAL_ADC_Start_DMA)
    i.HAL_DMA_Abort                          0x08000bd4   Section        0  stm32f1xx_hal_dma.o(i.HAL_DMA_Abort)
    i.HAL_DMA_Abort_IT                       0x08000c1c   Section        0  stm32f1xx_hal_dma.o(i.HAL_DMA_Abort_IT)
    i.HAL_DMA_IRQHandler                     0x08000cb4   Section        0  stm32f1xx_hal_dma.o(i.HAL_DMA_IRQHandler)
    i.HAL_DMA_Init                           0x08000e08   Section        0  stm32f1xx_hal_dma.o(i.HAL_DMA_Init)
    i.HAL_DMA_Start_IT                       0x08000e64   Section        0  stm32f1xx_hal_dma.o(i.HAL_DMA_Start_IT)
    i.HAL_Delay                              0x08000ed4   Section        0  stm32f1xx_hal.o(i.HAL_Delay)
    i.HAL_GPIO_EXTI_Callback                 0x08000ef8   Section        0  main.o(i.HAL_GPIO_EXTI_Callback)
    i.HAL_GPIO_EXTI_IRQHandler               0x08000f18   Section        0  stm32f1xx_hal_gpio.o(i.HAL_GPIO_EXTI_IRQHandler)
    i.HAL_GPIO_Init                          0x08000f30   Section        0  stm32f1xx_hal_gpio.o(i.HAL_GPIO_Init)
    i.HAL_GPIO_TogglePin                     0x08001110   Section        0  stm32f1xx_hal_gpio.o(i.HAL_GPIO_TogglePin)
    i.HAL_GPIO_WritePin                      0x08001120   Section        0  stm32f1xx_hal_gpio.o(i.HAL_GPIO_WritePin)
    i.HAL_GetTick                            0x0800112c   Section        0  stm32f1xx_hal.o(i.HAL_GetTick)
    i.HAL_IncTick                            0x08001138   Section        0  stm32f1xx_hal.o(i.HAL_IncTick)
    i.HAL_Init                               0x08001148   Section        0  stm32f1xx_hal.o(i.HAL_Init)
    i.HAL_InitTick                           0x0800116c   Section        0  stm32f1xx_hal.o(i.HAL_InitTick)
    i.HAL_MspInit                            0x080011ac   Section        0  stm32f1xx_hal_msp.o(i.HAL_MspInit)
    i.HAL_NVIC_EnableIRQ                     0x080011e8   Section        0  stm32f1xx_hal_cortex.o(i.HAL_NVIC_EnableIRQ)
    i.HAL_NVIC_SetPriority                   0x08001204   Section        0  stm32f1xx_hal_cortex.o(i.HAL_NVIC_SetPriority)
    i.HAL_NVIC_SetPriorityGrouping           0x08001244   Section        0  stm32f1xx_hal_cortex.o(i.HAL_NVIC_SetPriorityGrouping)
    i.HAL_RCCEx_PeriphCLKConfig              0x08001268   Section        0  stm32f1xx_hal_rcc_ex.o(i.HAL_RCCEx_PeriphCLKConfig)
    i.HAL_RCC_ClockConfig                    0x08001354   Section        0  stm32f1xx_hal_rcc.o(i.HAL_RCC_ClockConfig)
    i.HAL_RCC_GetPCLK1Freq                   0x08001480   Section        0  stm32f1xx_hal_rcc.o(i.HAL_RCC_GetPCLK1Freq)
    i.HAL_RCC_GetPCLK2Freq                   0x080014a0   Section        0  stm32f1xx_hal_rcc.o(i.HAL_RCC_GetPCLK2Freq)
    i.HAL_RCC_GetSysClockFreq                0x080014c0   Section        0  stm32f1xx_hal_rcc.o(i.HAL_RCC_GetSysClockFreq)
    i.HAL_RCC_OscConfig                      0x0800150c   Section        0  stm32f1xx_hal_rcc.o(i.HAL_RCC_OscConfig)
    i.HAL_SPI_GetState                       0x0800182c   Section        0  stm32f1xx_hal_spi.o(i.HAL_SPI_GetState)
    i.HAL_SPI_Init                           0x08001832   Section        0  stm32f1xx_hal_spi.o(i.HAL_SPI_Init)
    i.HAL_SPI_MspInit                        0x080018e4   Section        0  stm32f1xx_hal_msp.o(i.HAL_SPI_MspInit)
    i.HAL_SPI_Receive                        0x08001954   Section        0  stm32f1xx_hal_spi.o(i.HAL_SPI_Receive)
    i.HAL_SPI_Transmit                       0x08001aa8   Section        0  stm32f1xx_hal_spi.o(i.HAL_SPI_Transmit)
    i.HAL_SPI_TransmitReceive                0x08001c0e   Section        0  stm32f1xx_hal_spi.o(i.HAL_SPI_TransmitReceive)
    i.HAL_SYSTICK_Config                     0x08001dfe   Section        0  stm32f1xx_hal_cortex.o(i.HAL_SYSTICK_Config)
    i.HAL_TIMEx_BreakCallback                0x08001e26   Section        0  stm32f1xx_hal_tim_ex.o(i.HAL_TIMEx_BreakCallback)
    i.HAL_TIMEx_CommutCallback               0x08001e28   Section        0  stm32f1xx_hal_tim_ex.o(i.HAL_TIMEx_CommutCallback)
    i.HAL_TIMEx_MasterConfigSynchronization  0x08001e2c   Section        0  stm32f1xx_hal_tim_ex.o(i.HAL_TIMEx_MasterConfigSynchronization)
    i.HAL_TIM_Base_Init                      0x08001e94   Section        0  stm32f1xx_hal_tim.o(i.HAL_TIM_Base_Init)
    i.HAL_TIM_Base_MspInit                   0x08001ef0   Section        0  stm32f1xx_hal_msp.o(i.HAL_TIM_Base_MspInit)
    i.HAL_TIM_Base_Start_IT                  0x08001fac   Section        0  stm32f1xx_hal_tim.o(i.HAL_TIM_Base_Start_IT)
    i.HAL_TIM_ConfigClockSource              0x08002004   Section        0  stm32f1xx_hal_tim.o(i.HAL_TIM_ConfigClockSource)
    i.HAL_TIM_IC_CaptureCallback             0x080020e0   Section        0  stm32f1xx_hal_tim.o(i.HAL_TIM_IC_CaptureCallback)
    i.HAL_TIM_IC_ConfigChannel               0x080020e2   Section        0  stm32f1xx_hal_tim.o(i.HAL_TIM_IC_ConfigChannel)
    i.HAL_TIM_IC_Init                        0x08002206   Section        0  stm32f1xx_hal_tim.o(i.HAL_TIM_IC_Init)
    i.HAL_TIM_IC_MspInit                     0x08002260   Section        0  stm32f1xx_hal_tim.o(i.HAL_TIM_IC_MspInit)
    i.HAL_TIM_IRQHandler                     0x08002262   Section        0  stm32f1xx_hal_tim.o(i.HAL_TIM_IRQHandler)
    i.HAL_TIM_OC_DelayElapsedCallback        0x08002392   Section        0  stm32f1xx_hal_tim.o(i.HAL_TIM_OC_DelayElapsedCallback)
    i.HAL_TIM_PWM_PulseFinishedCallback      0x08002394   Section        0  stm32f1xx_hal_tim.o(i.HAL_TIM_PWM_PulseFinishedCallback)
    i.HAL_TIM_PeriodElapsedCallback          0x08002398   Section        0  main.o(i.HAL_TIM_PeriodElapsedCallback)
    i.HAL_TIM_TriggerCallback                0x08002410   Section        0  stm32f1xx_hal_tim.o(i.HAL_TIM_TriggerCallback)
    i.HAL_UARTEx_RxEventCallback             0x08002412   Section        0  stm32f1xx_hal_uart.o(i.HAL_UARTEx_RxEventCallback)
    i.HAL_UART_ErrorCallback                 0x08002414   Section        0  stm32f1xx_hal_uart.o(i.HAL_UART_ErrorCallback)
    i.HAL_UART_IRQHandler                    0x08002418   Section        0  stm32f1xx_hal_uart.o(i.HAL_UART_IRQHandler)
    i.HAL_UART_Init                          0x08002684   Section        0  stm32f1xx_hal_uart.o(i.HAL_UART_Init)
    i.HAL_UART_MspInit                       0x080026e8   Section        0  stm32f1xx_hal_msp.o(i.HAL_UART_MspInit)
    i.HAL_UART_RxCpltCallback                0x08002798   Section        0  stm32f1xx_hal_uart.o(i.HAL_UART_RxCpltCallback)
    i.HAL_UART_Transmit_DMA                  0x0800279c   Section        0  stm32f1xx_hal_uart.o(i.HAL_UART_Transmit_DMA)
    i.HAL_UART_TxCpltCallback                0x08002814   Section        0  stm32f1xx_hal_uart.o(i.HAL_UART_TxCpltCallback)
    i.HAL_UART_TxHalfCpltCallback            0x08002816   Section        0  stm32f1xx_hal_uart.o(i.HAL_UART_TxHalfCpltCallback)
    i.HardFault_Handler                      0x08002818   Section        0  stm32f1xx_it.o(i.HardFault_Handler)
    i.LoRa_Config                            0x0800281a   Section        0  lora.o(i.LoRa_Config)
    i.LoRa_gotoMode                          0x080028fe   Section        0  lora.o(i.LoRa_gotoMode)
    i.LoRa_read                              0x08002984   Section        0  lora.o(i.LoRa_read)
    i.LoRa_readReg                           0x080029a2   Section        0  lora.o(i.LoRa_readReg)
    i.LoRa_receive                           0x080029fa   Section        0  lora.o(i.LoRa_receive)
    i.LoRa_reset                             0x08002a76   Section        0  lora.o(i.LoRa_reset)
    i.LoRa_setAutoLDO                        0x08002aa0   Section        0  lora.o(i.LoRa_setAutoLDO)
    i.LoRa_setFrequency                      0x08002aec   Section        0  lora.o(i.LoRa_setFrequency)
    i.LoRa_setLowDaraRateOptimization        0x08002b2c   Section        0  lora.o(i.LoRa_setLowDaraRateOptimization)
    i.LoRa_setOCP                            0x08002b56   Section        0  lora.o(i.LoRa_setOCP)
    i.LoRa_setPower                          0x08002b94   Section        0  lora.o(i.LoRa_setPower)
    i.LoRa_setSpreadingFactor                0x08002ba8   Section        0  lora.o(i.LoRa_setSpreadingFactor)
    i.LoRa_setTOMsb_setCRCon                 0x08002be8   Section        0  lora.o(i.LoRa_setTOMsb_setCRCon)
    i.LoRa_startReceiving                    0x08002c08   Section        0  lora.o(i.LoRa_startReceiving)
    i.LoRa_write                             0x08002c0e   Section        0  lora.o(i.LoRa_write)
    i.LoRa_writeReg                          0x08002c2c   Section        0  lora.o(i.LoRa_writeReg)
    i.Lora_Init                              0x08002c84   Section        0  lora.o(i.Lora_Init)
    i.MA_Init                                0x08002cc8   Section        0  main.o(i.MA_Init)
    i.MA_Update                              0x08002ce2   Section        0  main.o(i.MA_Update)
    i.MX_ADC1_Init                           0x08002d14   Section        0  main.o(i.MX_ADC1_Init)
    MX_ADC1_Init                             0x08002d15   Thumb Code    70  main.o(i.MX_ADC1_Init)
    i.MX_ADC2_Init                           0x08002d64   Section        0  main.o(i.MX_ADC2_Init)
    MX_ADC2_Init                             0x08002d65   Thumb Code    68  main.o(i.MX_ADC2_Init)
    i.MX_GPIO_Init                           0x08002db0   Section        0  main.o(i.MX_GPIO_Init)
    MX_GPIO_Init                             0x08002db1   Thumb Code   246  main.o(i.MX_GPIO_Init)
    i.MX_SPI1_Init                           0x08002ebc   Section        0  main.o(i.MX_SPI1_Init)
    MX_SPI1_Init                             0x08002ebd   Thumb Code    58  main.o(i.MX_SPI1_Init)
    i.MX_TIM1_Init                           0x08002f00   Section        0  main.o(i.MX_TIM1_Init)
    MX_TIM1_Init                             0x08002f01   Thumb Code    96  main.o(i.MX_TIM1_Init)
    i.MX_TIM2_Init                           0x08002f68   Section        0  main.o(i.MX_TIM2_Init)
    MX_TIM2_Init                             0x08002f69   Thumb Code   140  main.o(i.MX_TIM2_Init)
    i.MX_TIM3_Init                           0x08002ff8   Section        0  main.o(i.MX_TIM3_Init)
    MX_TIM3_Init                             0x08002ff9   Thumb Code    94  main.o(i.MX_TIM3_Init)
    i.MemManage_Handler                      0x08003060   Section        0  stm32f1xx_it.o(i.MemManage_Handler)
    i.NMI_Handler                            0x08003062   Section        0  stm32f1xx_it.o(i.NMI_Handler)
    i.PendSV_Handler                         0x08003064   Section        0  stm32f1xx_it.o(i.PendSV_Handler)
    i.SPI_EndRxTransaction                   0x08003066   Section        0  stm32f1xx_hal_spi.o(i.SPI_EndRxTransaction)
    SPI_EndRxTransaction                     0x08003067   Thumb Code    92  stm32f1xx_hal_spi.o(i.SPI_EndRxTransaction)
    i.SPI_EndRxTxTransaction                 0x080030c2   Section        0  stm32f1xx_hal_spi.o(i.SPI_EndRxTxTransaction)
    SPI_EndRxTxTransaction                   0x080030c3   Thumb Code    52  stm32f1xx_hal_spi.o(i.SPI_EndRxTxTransaction)
    i.SPI_WaitFlagStateUntilTimeout          0x080030f8   Section        0  stm32f1xx_hal_spi.o(i.SPI_WaitFlagStateUntilTimeout)
    SPI_WaitFlagStateUntilTimeout            0x080030f9   Thumb Code   180  stm32f1xx_hal_spi.o(i.SPI_WaitFlagStateUntilTimeout)
    i.SVC_Handler                            0x080031b0   Section        0  stm32f1xx_it.o(i.SVC_Handler)
    i.SysTick_Handler                        0x080031b2   Section        0  stm32f1xx_it.o(i.SysTick_Handler)
    i.SystemClock_Config                     0x080031b6   Section        0  main.o(i.SystemClock_Config)
    i.SystemInit                             0x0800322e   Section        0  system_stm32f1xx.o(i.SystemInit)
    i.TIM1_UP_IRQHandler                     0x08003230   Section        0  stm32f1xx_it.o(i.TIM1_UP_IRQHandler)
    i.TIM3_IRQHandler                        0x0800323c   Section        0  stm32f1xx_it.o(i.TIM3_IRQHandler)
    i.TIM_Base_SetConfig                     0x08003248   Section        0  stm32f1xx_hal_tim.o(i.TIM_Base_SetConfig)
    i.TIM_ETR_SetConfig                      0x080032c0   Section        0  stm32f1xx_hal_tim.o(i.TIM_ETR_SetConfig)
    i.TIM_ITRx_SetConfig                     0x080032d4   Section        0  stm32f1xx_hal_tim.o(i.TIM_ITRx_SetConfig)
    TIM_ITRx_SetConfig                       0x080032d5   Thumb Code    16  stm32f1xx_hal_tim.o(i.TIM_ITRx_SetConfig)
    i.TIM_TI1_ConfigInputStage               0x080032e4   Section        0  stm32f1xx_hal_tim.o(i.TIM_TI1_ConfigInputStage)
    TIM_TI1_ConfigInputStage                 0x080032e5   Thumb Code    34  stm32f1xx_hal_tim.o(i.TIM_TI1_ConfigInputStage)
    i.TIM_TI1_SetConfig                      0x08003308   Section        0  stm32f1xx_hal_tim.o(i.TIM_TI1_SetConfig)
    i.TIM_TI2_ConfigInputStage               0x08003360   Section        0  stm32f1xx_hal_tim.o(i.TIM_TI2_ConfigInputStage)
    TIM_TI2_ConfigInputStage                 0x08003361   Thumb Code    36  stm32f1xx_hal_tim.o(i.TIM_TI2_ConfigInputStage)
    i.TIM_TI2_SetConfig                      0x08003384   Section        0  stm32f1xx_hal_tim.o(i.TIM_TI2_SetConfig)
    TIM_TI2_SetConfig                        0x08003385   Thumb Code    54  stm32f1xx_hal_tim.o(i.TIM_TI2_SetConfig)
    i.UART_DMAAbortOnError                   0x080033ba   Section        0  stm32f1xx_hal_uart.o(i.UART_DMAAbortOnError)
    UART_DMAAbortOnError                     0x080033bb   Thumb Code    16  stm32f1xx_hal_uart.o(i.UART_DMAAbortOnError)
    i.UART_DMAError                          0x080033ca   Section        0  stm32f1xx_hal_uart.o(i.UART_DMAError)
    UART_DMAError                            0x080033cb   Thumb Code    74  stm32f1xx_hal_uart.o(i.UART_DMAError)
    i.UART_DMATransmitCplt                   0x08003414   Section        0  stm32f1xx_hal_uart.o(i.UART_DMATransmitCplt)
    UART_DMATransmitCplt                     0x08003415   Thumb Code    66  stm32f1xx_hal_uart.o(i.UART_DMATransmitCplt)
    i.UART_DMATxHalfCplt                     0x08003456   Section        0  stm32f1xx_hal_uart.o(i.UART_DMATxHalfCplt)
    UART_DMATxHalfCplt                       0x08003457   Thumb Code    10  stm32f1xx_hal_uart.o(i.UART_DMATxHalfCplt)
    i.UART_EndRxTransfer                     0x08003460   Section        0  stm32f1xx_hal_uart.o(i.UART_EndRxTransfer)
    UART_EndRxTransfer                       0x08003461   Thumb Code    78  stm32f1xx_hal_uart.o(i.UART_EndRxTransfer)
    i.UART_EndTxTransfer                     0x080034ae   Section        0  stm32f1xx_hal_uart.o(i.UART_EndTxTransfer)
    UART_EndTxTransfer                       0x080034af   Thumb Code    28  stm32f1xx_hal_uart.o(i.UART_EndTxTransfer)
    i.UART_Receive_IT                        0x080034ca   Section        0  stm32f1xx_hal_uart.o(i.UART_Receive_IT)
    UART_Receive_IT                          0x080034cb   Thumb Code   194  stm32f1xx_hal_uart.o(i.UART_Receive_IT)
    i.UART_SetConfig                         0x0800358c   Section        0  stm32f1xx_hal_uart.o(i.UART_SetConfig)
    UART_SetConfig                           0x0800358d   Thumb Code   178  stm32f1xx_hal_uart.o(i.UART_SetConfig)
    i.USART1_IRQHandler                      0x08003644   Section        0  stm32f1xx_it.o(i.USART1_IRQHandler)
    i.UsageFault_Handler                     0x08003650   Section        0  stm32f1xx_it.o(i.UsageFault_Handler)
    i.__NVIC_SetPriority                     0x08003652   Section        0  stm32f1xx_hal_cortex.o(i.__NVIC_SetPriority)
    __NVIC_SetPriority                       0x08003653   Thumb Code    32  stm32f1xx_hal_cortex.o(i.__NVIC_SetPriority)
    i.main                                   0x08003674   Section        0  main.o(i.main)
    x$fpl$ddiv                               0x080039a0   Section      688  ddiv.o(x$fpl$ddiv)
    ddiv_entry                               0x080039a7   Thumb Code     0  ddiv.o(x$fpl$ddiv)
    x$fpl$dfix                               0x08003c50   Section       94  dfix.o(x$fpl$dfix)
    x$fpl$dflt                               0x08003cae   Section       46  dflt_clz.o(x$fpl$dflt)
    x$fpl$dnaninf                            0x08003cdc   Section      156  dnaninf.o(x$fpl$dnaninf)
    x$fpl$dretinf                            0x08003d78   Section       12  dretinf.o(x$fpl$dretinf)
    x$fpl$usenofp                            0x08003d84   Section        0  usenofp.o(x$fpl$usenofp)
    .constdata                               0x08003d88   Section       80  lora.o(.constdata)
    .constdata                               0x08003dd8   Section       18  stm32f1xx_hal_rcc.o(.constdata)
    aPredivFactorTable                       0x08003dd8   Data           2  stm32f1xx_hal_rcc.o(.constdata)
    aPLLMULFactorTable                       0x08003dda   Data          16  stm32f1xx_hal_rcc.o(.constdata)
    .constdata                               0x08003dea   Section       16  system_stm32f1xx.o(.constdata)
    .constdata                               0x08003dfa   Section        8  system_stm32f1xx.o(.constdata)
    .data                                    0x20000000   Section       96  main.o(.data)
    .data                                    0x20000060   Section       12  stm32f1xx_hal.o(.data)
    .data                                    0x2000006c   Section        4  system_stm32f1xx.o(.data)
    .bss                                     0x20000070   Section      656  main.o(.bss)
    .bss                                     0x20000300   Section       68  main.o(.bss)
    .bss                                     0x20000344   Section       68  main.o(.bss)
    .bss                                     0x20000388   Section       96  libspace.o(.bss)
    HEAP                                     0x200003e8   Section      512  startup_stm32f103xb.o(HEAP)
    Heap_Mem                                 0x200003e8   Data         512  startup_stm32f103xb.o(HEAP)
    STACK                                    0x200005e8   Section     1024  startup_stm32f103xb.o(STACK)
    Stack_Mem                                0x200005e8   Data        1024  startup_stm32f103xb.o(STACK)
    __initial_sp                             0x200009e8   Data           0  startup_stm32f103xb.o(STACK)

    Global Symbols

    Symbol Name                              Value     Ov Type        Size  Object(Section)

    BuildAttributes$$THM_ISAv4$P$D$K$B$S$PE$A:L22UL41UL21$X:L11$S22US41US21$IEEE1$IW$USESV6$~STKCKD$USESV7$~SHL$OSPACE$ROPI$EBA8$UX$STANDARDLIB$REQ8$PRES8$EABIv2 0x00000000   Number         0  anon$$obj.o ABSOLUTE
    __ARM_use_no_argv                        0x00000000   Number         0  main.o ABSOLUTE
    __ARM_exceptions_init                     - Undefined Weak Reference
    __alloca_initialize                       - Undefined Weak Reference
    __arm_preinit_                            - Undefined Weak Reference
    __cpp_initialize__aeabi_                  - Undefined Weak Reference
    __cxa_finalize                            - Undefined Weak Reference
    __rt_locale                               - Undefined Weak Reference
    __sigvec_lookup                           - Undefined Weak Reference
    _atexit_init                              - Undefined Weak Reference
    _call_atexit_fns                          - Undefined Weak Reference
    _clock_init                               - Undefined Weak Reference
    _fp_trap_init                             - Undefined Weak Reference
    _fp_trap_shutdown                         - Undefined Weak Reference
    _get_lc_collate                           - Undefined Weak Reference
    _get_lc_ctype                             - Undefined Weak Reference
    _get_lc_monetary                          - Undefined Weak Reference
    _get_lc_numeric                           - Undefined Weak Reference
    _get_lc_time                              - Undefined Weak Reference
    _getenv_init                              - Undefined Weak Reference
    _handle_redirection                       - Undefined Weak Reference
    _init_alloc                               - Undefined Weak Reference
    _init_user_alloc                          - Undefined Weak Reference
    _initio                                   - Undefined Weak Reference
    _printf_post_padding                      - Undefined Weak Reference
    _printf_pre_padding                       - Undefined Weak Reference
    _printf_truncate_signed                   - Undefined Weak Reference
    _printf_truncate_unsigned                 - Undefined Weak Reference
    _rand_init                                - Undefined Weak Reference
    _signal_finish                            - Undefined Weak Reference
    _signal_init                              - Undefined Weak Reference
    _terminate_alloc                          - Undefined Weak Reference
    _terminate_user_alloc                     - Undefined Weak Reference
    _terminateio                              - Undefined Weak Reference
    __Vectors_Size                           0x000000ec   Number         0  startup_stm32f103xb.o ABSOLUTE
    __Vectors                                0x08000000   Data           4  startup_stm32f103xb.o(RESET)
    __Vectors_End                            0x080000ec   Data           0  startup_stm32f103xb.o(RESET)
    __main                                   0x080000ed   Thumb Code     8  __main.o(!!!main)
    __scatterload                            0x080000f5   Thumb Code     0  __scatter.o(!!!scatter)
    __scatterload_rt2                        0x080000f5   Thumb Code    44  __scatter.o(!!!scatter)
    __scatterload_rt2_thumb_only             0x080000f5   Thumb Code     0  __scatter.o(!!!scatter)
    __scatterload_null                       0x08000103   Thumb Code     0  __scatter.o(!!!scatter)
    __scatterload_copy                       0x08000129   Thumb Code    26  __scatter_copy.o(!!handler_copy)
    __scatterload_zeroinit                   0x08000145   Thumb Code    28  __scatter_zi.o(!!handler_zi)
    _printf_percent                          0x08000161   Thumb Code     0  _printf_percent.o(.ARM.Collect$$_printf_percent$$00000000)
    _printf_u                                0x08000161   Thumb Code     0  _printf_u.o(.ARM.Collect$$_printf_percent$$0000000A)
    _printf_percent_end                      0x08000167   Thumb Code     0  _printf_percent_end.o(.ARM.Collect$$_printf_percent$$00000017)
    __rt_lib_init                            0x0800016b   Thumb Code     0  libinit.o(.ARM.Collect$$libinit$$00000000)
    __rt_lib_init_alloca_1                   0x0800016d   Thumb Code     0  libinit2.o(.ARM.Collect$$libinit$$0000002E)
    __rt_lib_init_argv_1                     0x0800016d   Thumb Code     0  libinit2.o(.ARM.Collect$$libinit$$0000002C)
    __rt_lib_init_atexit_1                   0x0800016d   Thumb Code     0  libinit2.o(.ARM.Collect$$libinit$$0000001B)
    __rt_lib_init_clock_1                    0x0800016d   Thumb Code     0  libinit2.o(.ARM.Collect$$libinit$$00000021)
    __rt_lib_init_cpp_1                      0x0800016d   Thumb Code     0  libinit2.o(.ARM.Collect$$libinit$$00000032)
    __rt_lib_init_exceptions_1               0x0800016d   Thumb Code     0  libinit2.o(.ARM.Collect$$libinit$$00000030)
    __rt_lib_init_fp_1                       0x0800016d   Thumb Code     0  libinit2.o(.ARM.Collect$$libinit$$00000002)
    __rt_lib_init_fp_trap_1                  0x0800016d   Thumb Code     0  libinit2.o(.ARM.Collect$$libinit$$0000001F)
    __rt_lib_init_getenv_1                   0x0800016d   Thumb Code     0  libinit2.o(.ARM.Collect$$libinit$$00000023)
    __rt_lib_init_heap_1                     0x0800016d   Thumb Code     0  libinit2.o(.ARM.Collect$$libinit$$0000000A)
    __rt_lib_init_lc_collate_1               0x0800016d   Thumb Code     0  libinit2.o(.ARM.Collect$$libinit$$00000011)
    __rt_lib_init_lc_ctype_1                 0x0800016d   Thumb Code     0  libinit2.o(.ARM.Collect$$libinit$$00000013)
    __rt_lib_init_lc_monetary_1              0x0800016d   Thumb Code     0  libinit2.o(.ARM.Collect$$libinit$$00000015)
    __rt_lib_init_lc_numeric_1               0x0800016d   Thumb Code     0  libinit2.o(.ARM.Collect$$libinit$$00000017)
    __rt_lib_init_lc_time_1                  0x0800016d   Thumb Code     0  libinit2.o(.ARM.Collect$$libinit$$00000019)
    __rt_lib_init_preinit_1                  0x0800016d   Thumb Code     0  libinit2.o(.ARM.Collect$$libinit$$00000004)
    __rt_lib_init_rand_1                     0x0800016d   Thumb Code     0  libinit2.o(.ARM.Collect$$libinit$$0000000E)
    __rt_lib_init_return                     0x0800016d   Thumb Code     0  libinit2.o(.ARM.Collect$$libinit$$00000033)
    __rt_lib_init_signal_1                   0x0800016d   Thumb Code     0  libinit2.o(.ARM.Collect$$libinit$$0000001D)
    __rt_lib_init_stdio_1                    0x0800016d   Thumb Code     0  libinit2.o(.ARM.Collect$$libinit$$00000025)
    __rt_lib_init_user_alloc_1               0x0800016d   Thumb Code     0  libinit2.o(.ARM.Collect$$libinit$$0000000C)
    __rt_lib_shutdown                        0x0800016f   Thumb Code     0  libshutdown.o(.ARM.Collect$$libshutdown$$00000000)
    __rt_lib_shutdown_cpp_1                  0x08000171   Thumb Code     0  libshutdown2.o(.ARM.Collect$$libshutdown$$00000002)
    __rt_lib_shutdown_fp_trap_1              0x08000171   Thumb Code     0  libshutdown2.o(.ARM.Collect$$libshutdown$$00000007)
    __rt_lib_shutdown_heap_1                 0x08000171   Thumb Code     0  libshutdown2.o(.ARM.Collect$$libshutdown$$0000000F)
    __rt_lib_shutdown_return                 0x08000171   Thumb Code     0  libshutdown2.o(.ARM.Collect$$libshutdown$$00000010)
    __rt_lib_shutdown_signal_1               0x08000171   Thumb Code     0  libshutdown2.o(.ARM.Collect$$libshutdown$$0000000A)
    __rt_lib_shutdown_stdio_1                0x08000171   Thumb Code     0  libshutdown2.o(.ARM.Collect$$libshutdown$$00000004)
    __rt_lib_shutdown_user_alloc_1           0x08000171   Thumb Code     0  libshutdown2.o(.ARM.Collect$$libshutdown$$0000000C)
    __rt_entry                               0x08000173   Thumb Code     0  __rtentry.o(.ARM.Collect$$rtentry$$00000000)
    __rt_entry_presh_1                       0x08000173   Thumb Code     0  __rtentry2.o(.ARM.Collect$$rtentry$$00000002)
    __rt_entry_sh                            0x08000173   Thumb Code     0  __rtentry4.o(.ARM.Collect$$rtentry$$00000004)
    __rt_entry_li                            0x08000179   Thumb Code     0  __rtentry2.o(.ARM.Collect$$rtentry$$0000000A)
    __rt_entry_postsh_1                      0x08000179   Thumb Code     0  __rtentry2.o(.ARM.Collect$$rtentry$$00000009)
    __rt_entry_main                          0x0800017d   Thumb Code     0  __rtentry2.o(.ARM.Collect$$rtentry$$0000000D)
    __rt_entry_postli_1                      0x0800017d   Thumb Code     0  __rtentry2.o(.ARM.Collect$$rtentry$$0000000C)
    __rt_exit                                0x08000185   Thumb Code     0  rtexit.o(.ARM.Collect$$rtexit$$00000000)
    __rt_exit_ls                             0x08000187   Thumb Code     0  rtexit2.o(.ARM.Collect$$rtexit$$00000003)
    __rt_exit_prels_1                        0x08000187   Thumb Code     0  rtexit2.o(.ARM.Collect$$rtexit$$00000002)
    __rt_exit_exit                           0x0800018b   Thumb Code     0  rtexit2.o(.ARM.Collect$$rtexit$$00000004)
    Reset_Handler                            0x08000191   Thumb Code     8  startup_stm32f103xb.o(.text)
    ADC1_2_IRQHandler                        0x080001ab   Thumb Code     0  startup_stm32f103xb.o(.text)
    CAN1_RX1_IRQHandler                      0x080001ab   Thumb Code     0  startup_stm32f103xb.o(.text)
    CAN1_SCE_IRQHandler                      0x080001ab   Thumb Code     0  startup_stm32f103xb.o(.text)
    DMA1_Channel2_IRQHandler                 0x080001ab   Thumb Code     0  startup_stm32f103xb.o(.text)
    DMA1_Channel3_IRQHandler                 0x080001ab   Thumb Code     0  startup_stm32f103xb.o(.text)
    DMA1_Channel5_IRQHandler                 0x080001ab   Thumb Code     0  startup_stm32f103xb.o(.text)
    DMA1_Channel6_IRQHandler                 0x080001ab   Thumb Code     0  startup_stm32f103xb.o(.text)
    DMA1_Channel7_IRQHandler                 0x080001ab   Thumb Code     0  startup_stm32f103xb.o(.text)
    EXTI0_IRQHandler                         0x080001ab   Thumb Code     0  startup_stm32f103xb.o(.text)
    EXTI15_10_IRQHandler                     0x080001ab   Thumb Code     0  startup_stm32f103xb.o(.text)
    EXTI2_IRQHandler                         0x080001ab   Thumb Code     0  startup_stm32f103xb.o(.text)
    EXTI3_IRQHandler                         0x080001ab   Thumb Code     0  startup_stm32f103xb.o(.text)
    EXTI4_IRQHandler                         0x080001ab   Thumb Code     0  startup_stm32f103xb.o(.text)
    EXTI9_5_IRQHandler                       0x080001ab   Thumb Code     0  startup_stm32f103xb.o(.text)
    FLASH_IRQHandler                         0x080001ab   Thumb Code     0  startup_stm32f103xb.o(.text)
    I2C1_ER_IRQHandler                       0x080001ab   Thumb Code     0  startup_stm32f103xb.o(.text)
    I2C1_EV_IRQHandler                       0x080001ab   Thumb Code     0  startup_stm32f103xb.o(.text)
    I2C2_ER_IRQHandler                       0x080001ab   Thumb Code     0  startup_stm32f103xb.o(.text)
    I2C2_EV_IRQHandler                       0x080001ab   Thumb Code     0  startup_stm32f103xb.o(.text)
    PVD_IRQHandler                           0x080001ab   Thumb Code     0  startup_stm32f103xb.o(.text)
    RCC_IRQHandler                           0x080001ab   Thumb Code     0  startup_stm32f103xb.o(.text)
    RTC_Alarm_IRQHandler                     0x080001ab   Thumb Code     0  startup_stm32f103xb.o(.text)
    RTC_IRQHandler                           0x080001ab   Thumb Code     0  startup_stm32f103xb.o(.text)
    SPI1_IRQHandler                          0x080001ab   Thumb Code     0  startup_stm32f103xb.o(.text)
    SPI2_IRQHandler                          0x080001ab   Thumb Code     0  startup_stm32f103xb.o(.text)
    TAMPER_IRQHandler                        0x080001ab   Thumb Code     0  startup_stm32f103xb.o(.text)
    TIM1_BRK_IRQHandler                      0x080001ab   Thumb Code     0  startup_stm32f103xb.o(.text)
    TIM1_CC_IRQHandler                       0x080001ab   Thumb Code     0  startup_stm32f103xb.o(.text)
    TIM1_TRG_COM_IRQHandler                  0x080001ab   Thumb Code     0  startup_stm32f103xb.o(.text)
    TIM2_IRQHandler                          0x080001ab   Thumb Code     0  startup_stm32f103xb.o(.text)
    TIM4_IRQHandler                          0x080001ab   Thumb Code     0  startup_stm32f103xb.o(.text)
    USART2_IRQHandler                        0x080001ab   Thumb Code     0  startup_stm32f103xb.o(.text)
    USART3_IRQHandler                        0x080001ab   Thumb Code     0  startup_stm32f103xb.o(.text)
    USBWakeUp_IRQHandler                     0x080001ab   Thumb Code     0  startup_stm32f103xb.o(.text)
    USB_HP_CAN1_TX_IRQHandler                0x080001ab   Thumb Code     0  startup_stm32f103xb.o(.text)
    USB_LP_CAN1_RX0_IRQHandler               0x080001ab   Thumb Code     0  startup_stm32f103xb.o(.text)
    WWDG_IRQHandler                          0x080001ab   Thumb Code     0  startup_stm32f103xb.o(.text)
    __user_initial_stackheap                 0x080001ad   Thumb Code     0  startup_stm32f103xb.o(.text)
    __aeabi_uldivmod                         0x080001d1   Thumb Code     0  lludivv7m.o(.text)
    _ll_udiv                                 0x080001d1   Thumb Code   238  lludivv7m.o(.text)
    __2sprintf                               0x080002c1   Thumb Code    34  noretval__2sprintf.o(.text)
    __printf                                 0x080002e9   Thumb Code   104  __printf.o(.text)
    _printf_int_dec                          0x08000351   Thumb Code   104  _printf_dec.o(.text)
    strlen                                   0x080003c9   Thumb Code    62  strlen.o(.text)
    __aeabi_memcpy4                          0x08000407   Thumb Code     0  rt_memcpy_w.o(.text)
    __aeabi_memcpy8                          0x08000407   Thumb Code     0  rt_memcpy_w.o(.text)
    __rt_memcpy_w                            0x08000407   Thumb Code   100  rt_memcpy_w.o(.text)
    _memcpy_lastbytes_aligned                0x0800044f   Thumb Code     0  rt_memcpy_w.o(.text)
    __aeabi_memclr4                          0x0800046b   Thumb Code     0  rt_memclr_w.o(.text)
    __aeabi_memclr8                          0x0800046b   Thumb Code     0  rt_memclr_w.o(.text)
    __rt_memclr_w                            0x0800046b   Thumb Code    78  rt_memclr_w.o(.text)
    _memset_w                                0x0800046f   Thumb Code     0  rt_memclr_w.o(.text)
    __use_two_region_memory                  0x080004b9   Thumb Code     2  heapauxi.o(.text)
    __rt_heap_escrow$2region                 0x080004bb   Thumb Code     2  heapauxi.o(.text)
    __rt_heap_expand$2region                 0x080004bd   Thumb Code     2  heapauxi.o(.text)
    _printf_int_common                       0x080004bf   Thumb Code   178  _printf_intcommon.o(.text)
    _printf_char_common                      0x0800057b   Thumb Code    32  _printf_char_common.o(.text)
    _sputc                                   0x080005a1   Thumb Code    10  _sputc.o(.text)
    __user_setup_stackheap                   0x080005ab   Thumb Code    74  sys_stackheap_outer.o(.text)
    exit                                     0x080005f5   Thumb Code    18  exit.o(.text)
    __user_libspace                          0x08000609   Thumb Code     8  libspace.o(.text)
    __user_perproc_libspace                  0x08000609   Thumb Code     0  libspace.o(.text)
    __user_perthread_libspace                0x08000609   Thumb Code     0  libspace.o(.text)
    _sys_exit                                0x08000611   Thumb Code     8  sys_exit.o(.text)
    __I$use$semihosting                      0x0800061d   Thumb Code     0  use_no_semi.o(.text)
    __use_no_semihosting_swi                 0x0800061d   Thumb Code     2  use_no_semi.o(.text)
    __semihosting_library_function           0x0800061f   Thumb Code     0  indicate_semi.o(.text)
    ADC_ConversionStop_Disable               0x08000621   Thumb Code    86  stm32f1xx_hal_adc.o(i.ADC_ConversionStop_Disable)
    ADC_DMAConvCplt                          0x08000677   Thumb Code    78  stm32f1xx_hal_adc.o(i.ADC_DMAConvCplt)
    ADC_DMAError                             0x080006c5   Thumb Code    26  stm32f1xx_hal_adc.o(i.ADC_DMAError)
    ADC_DMAHalfConvCplt                      0x080006df   Thumb Code    10  stm32f1xx_hal_adc.o(i.ADC_DMAHalfConvCplt)
    ADC_Enable                               0x080006e9   Thumb Code   114  stm32f1xx_hal_adc.o(i.ADC_Enable)
    BusFault_Handler                         0x08000765   Thumb Code     2  stm32f1xx_it.o(i.BusFault_Handler)
    DMA1_Channel1_IRQHandler                 0x08000769   Thumb Code     6  stm32f1xx_it.o(i.DMA1_Channel1_IRQHandler)
    DMA1_Channel4_IRQHandler                 0x08000775   Thumb Code     6  stm32f1xx_it.o(i.DMA1_Channel4_IRQHandler)
    DebugMon_Handler                         0x080007ab   Thumb Code     2  stm32f1xx_it.o(i.DebugMon_Handler)
    EXTI1_IRQHandler                         0x080007ad   Thumb Code     6  stm32f1xx_it.o(i.EXTI1_IRQHandler)
    Error_Handler                            0x080007b3   Thumb Code     4  main.o(i.Error_Handler)
    GetTimeUs                                0x080007b9   Thumb Code    28  main.o(i.GetTimeUs)
    HAL_ADC_ConfigChannel                    0x080007dd   Thumb Code   240  stm32f1xx_hal_adc.o(i.HAL_ADC_ConfigChannel)
    HAL_ADC_ConvCpltCallback                 0x080008d9   Thumb Code     2  stm32f1xx_hal_adc.o(i.HAL_ADC_ConvCpltCallback)
    HAL_ADC_ConvHalfCpltCallback             0x080008db   Thumb Code     2  stm32f1xx_hal_adc.o(i.HAL_ADC_ConvHalfCpltCallback)
    HAL_ADC_ErrorCallback                    0x080008dd   Thumb Code     2  stm32f1xx_hal_adc.o(i.HAL_ADC_ErrorCallback)
    HAL_ADC_Init                             0x080008e1   Thumb Code   272  stm32f1xx_hal_adc.o(i.HAL_ADC_Init)
    HAL_ADC_MspInit                          0x080009fd   Thumb Code   178  stm32f1xx_hal_msp.o(i.HAL_ADC_MspInit)
    HAL_ADC_Start_DMA                        0x08000ac9   Thumb Code   246  stm32f1xx_hal_adc.o(i.HAL_ADC_Start_DMA)
    HAL_DMA_Abort                            0x08000bd5   Thumb Code    70  stm32f1xx_hal_dma.o(i.HAL_DMA_Abort)
    HAL_DMA_Abort_IT                         0x08000c1d   Thumb Code   148  stm32f1xx_hal_dma.o(i.HAL_DMA_Abort_IT)
    HAL_DMA_IRQHandler                       0x08000cb5   Thumb Code   316  stm32f1xx_hal_dma.o(i.HAL_DMA_IRQHandler)
    HAL_DMA_Init                             0x08000e09   Thumb Code    84  stm32f1xx_hal_dma.o(i.HAL_DMA_Init)
    HAL_DMA_Start_IT                         0x08000e65   Thumb Code   112  stm32f1xx_hal_dma.o(i.HAL_DMA_Start_IT)
    HAL_Delay                                0x08000ed5   Thumb Code    32  stm32f1xx_hal.o(i.HAL_Delay)
    HAL_GPIO_EXTI_Callback                   0x08000ef9   Thumb Code    22  main.o(i.HAL_GPIO_EXTI_Callback)
    HAL_GPIO_EXTI_IRQHandler                 0x08000f19   Thumb Code    18  stm32f1xx_hal_gpio.o(i.HAL_GPIO_EXTI_IRQHandler)
    HAL_GPIO_Init                            0x08000f31   Thumb Code   446  stm32f1xx_hal_gpio.o(i.HAL_GPIO_Init)
    HAL_GPIO_TogglePin                       0x08001111   Thumb Code    16  stm32f1xx_hal_gpio.o(i.HAL_GPIO_TogglePin)
    HAL_GPIO_WritePin                        0x08001121   Thumb Code    10  stm32f1xx_hal_gpio.o(i.HAL_GPIO_WritePin)
    HAL_GetTick                              0x0800112d   Thumb Code     6  stm32f1xx_hal.o(i.HAL_GetTick)
    HAL_IncTick                              0x08001139   Thumb Code    12  stm32f1xx_hal.o(i.HAL_IncTick)
    HAL_Init                                 0x08001149   Thumb Code    32  stm32f1xx_hal.o(i.HAL_Init)
    HAL_InitTick                             0x0800116d   Thumb Code    54  stm32f1xx_hal.o(i.HAL_InitTick)
    HAL_MspInit                              0x080011ad   Thumb Code    52  stm32f1xx_hal_msp.o(i.HAL_MspInit)
    HAL_NVIC_EnableIRQ                       0x080011e9   Thumb Code    26  stm32f1xx_hal_cortex.o(i.HAL_NVIC_EnableIRQ)
    HAL_NVIC_SetPriority                     0x08001205   Thumb Code    60  stm32f1xx_hal_cortex.o(i.HAL_NVIC_SetPriority)
    HAL_NVIC_SetPriorityGrouping             0x08001245   Thumb Code    26  stm32f1xx_hal_cortex.o(i.HAL_NVIC_SetPriorityGrouping)
    HAL_RCCEx_PeriphCLKConfig                0x08001269   Thumb Code   224  stm32f1xx_hal_rcc_ex.o(i.HAL_RCCEx_PeriphCLKConfig)
    HAL_RCC_ClockConfig                      0x08001355   Thumb Code   280  stm32f1xx_hal_rcc.o(i.HAL_RCC_ClockConfig)
    HAL_RCC_GetPCLK1Freq                     0x08001481   Thumb Code    20  stm32f1xx_hal_rcc.o(i.HAL_RCC_GetPCLK1Freq)
    HAL_RCC_GetPCLK2Freq                     0x080014a1   Thumb Code    20  stm32f1xx_hal_rcc.o(i.HAL_RCC_GetPCLK2Freq)
    HAL_RCC_GetSysClockFreq                  0x080014c1   Thumb Code    58  stm32f1xx_hal_rcc.o(i.HAL_RCC_GetSysClockFreq)
    HAL_RCC_OscConfig                        0x0800150d   Thumb Code   778  stm32f1xx_hal_rcc.o(i.HAL_RCC_OscConfig)
    HAL_SPI_GetState                         0x0800182d   Thumb Code     6  stm32f1xx_hal_spi.o(i.HAL_SPI_GetState)
    HAL_SPI_Init                             0x08001833   Thumb Code   178  stm32f1xx_hal_spi.o(i.HAL_SPI_Init)
    HAL_SPI_MspInit                          0x080018e5   Thumb Code    98  stm32f1xx_hal_msp.o(i.HAL_SPI_MspInit)
    HAL_SPI_Receive                          0x08001955   Thumb Code   340  stm32f1xx_hal_spi.o(i.HAL_SPI_Receive)
    HAL_SPI_Transmit                         0x08001aa9   Thumb Code   358  stm32f1xx_hal_spi.o(i.HAL_SPI_Transmit)
    HAL_SPI_TransmitReceive                  0x08001c0f   Thumb Code   496  stm32f1xx_hal_spi.o(i.HAL_SPI_TransmitReceive)
    HAL_SYSTICK_Config                       0x08001dff   Thumb Code    40  stm32f1xx_hal_cortex.o(i.HAL_SYSTICK_Config)
    HAL_TIMEx_BreakCallback                  0x08001e27   Thumb Code     2  stm32f1xx_hal_tim_ex.o(i.HAL_TIMEx_BreakCallback)
    HAL_TIMEx_CommutCallback                 0x08001e29   Thumb Code     2  stm32f1xx_hal_tim_ex.o(i.HAL_TIMEx_CommutCallback)
    HAL_TIMEx_MasterConfigSynchronization    0x08001e2d   Thumb Code    92  stm32f1xx_hal_tim_ex.o(i.HAL_TIMEx_MasterConfigSynchronization)
    HAL_TIM_Base_Init                        0x08001e95   Thumb Code    90  stm32f1xx_hal_tim.o(i.HAL_TIM_Base_Init)
    HAL_TIM_Base_MspInit                     0x08001ef1   Thumb Code   168  stm32f1xx_hal_msp.o(i.HAL_TIM_Base_MspInit)
    HAL_TIM_Base_Start_IT                    0x08001fad   Thumb Code    76  stm32f1xx_hal_tim.o(i.HAL_TIM_Base_Start_IT)
    HAL_TIM_ConfigClockSource                0x08002005   Thumb Code   220  stm32f1xx_hal_tim.o(i.HAL_TIM_ConfigClockSource)
    HAL_TIM_IC_CaptureCallback               0x080020e1   Thumb Code     2  stm32f1xx_hal_tim.o(i.HAL_TIM_IC_CaptureCallback)
    HAL_TIM_IC_ConfigChannel                 0x080020e3   Thumb Code   292  stm32f1xx_hal_tim.o(i.HAL_TIM_IC_ConfigChannel)
    HAL_TIM_IC_Init                          0x08002207   Thumb Code    90  stm32f1xx_hal_tim.o(i.HAL_TIM_IC_Init)
    HAL_TIM_IC_MspInit                       0x08002261   Thumb Code     2  stm32f1xx_hal_tim.o(i.HAL_TIM_IC_MspInit)
    HAL_TIM_IRQHandler                       0x08002263   Thumb Code   304  stm32f1xx_hal_tim.o(i.HAL_TIM_IRQHandler)
    HAL_TIM_OC_DelayElapsedCallback          0x08002393   Thumb Code     2  stm32f1xx_hal_tim.o(i.HAL_TIM_OC_DelayElapsedCallback)
    HAL_TIM_PWM_PulseFinishedCallback        0x08002395   Thumb Code     2  stm32f1xx_hal_tim.o(i.HAL_TIM_PWM_PulseFinishedCallback)
    HAL_TIM_PeriodElapsedCallback            0x08002399   Thumb Code   104  main.o(i.HAL_TIM_PeriodElapsedCallback)
    HAL_TIM_TriggerCallback                  0x08002411   Thumb Code     2  stm32f1xx_hal_tim.o(i.HAL_TIM_TriggerCallback)
    HAL_UARTEx_RxEventCallback               0x08002413   Thumb Code     2  stm32f1xx_hal_uart.o(i.HAL_UARTEx_RxEventCallback)
    HAL_UART_ErrorCallback                   0x08002415   Thumb Code     2  stm32f1xx_hal_uart.o(i.HAL_UART_ErrorCallback)
    HAL_UART_IRQHandler                      0x08002419   Thumb Code   616  stm32f1xx_hal_uart.o(i.HAL_UART_IRQHandler)
    HAL_UART_Init                            0x08002685   Thumb Code   100  stm32f1xx_hal_uart.o(i.HAL_UART_Init)
    HAL_UART_MspInit                         0x080026e9   Thumb Code   156  stm32f1xx_hal_msp.o(i.HAL_UART_MspInit)
    HAL_UART_RxCpltCallback                  0x08002799   Thumb Code     2  stm32f1xx_hal_uart.o(i.HAL_UART_RxCpltCallback)
    HAL_UART_Transmit_DMA                    0x0800279d   Thumb Code   106  stm32f1xx_hal_uart.o(i.HAL_UART_Transmit_DMA)
    HAL_UART_TxCpltCallback                  0x08002815   Thumb Code     2  stm32f1xx_hal_uart.o(i.HAL_UART_TxCpltCallback)
    HAL_UART_TxHalfCpltCallback              0x08002817   Thumb Code     2  stm32f1xx_hal_uart.o(i.HAL_UART_TxHalfCpltCallback)
    HardFault_Handler                        0x08002819   Thumb Code     2  stm32f1xx_it.o(i.HardFault_Handler)
    LoRa_Config                              0x0800281b   Thumb Code   228  lora.o(i.LoRa_Config)
    LoRa_gotoMode                            0x080028ff   Thumb Code   134  lora.o(i.LoRa_gotoMode)
    LoRa_read                                0x08002985   Thumb Code    30  lora.o(i.LoRa_read)
    LoRa_readReg                             0x080029a3   Thumb Code    88  lora.o(i.LoRa_readReg)
    LoRa_receive                             0x080029fb   Thumb Code   124  lora.o(i.LoRa_receive)
    LoRa_reset                               0x08002a77   Thumb Code    40  lora.o(i.LoRa_reset)
    LoRa_setAutoLDO                          0x08002aa1   Thumb Code    70  lora.o(i.LoRa_setAutoLDO)
    LoRa_setFrequency                        0x08002aed   Thumb Code    64  lora.o(i.LoRa_setFrequency)
    LoRa_setLowDaraRateOptimization          0x08002b2d   Thumb Code    42  lora.o(i.LoRa_setLowDaraRateOptimization)
    LoRa_setOCP                              0x08002b57   Thumb Code    62  lora.o(i.LoRa_setOCP)
    LoRa_setPower                            0x08002b95   Thumb Code    20  lora.o(i.LoRa_setPower)
    LoRa_setSpreadingFactor                  0x08002ba9   Thumb Code    64  lora.o(i.LoRa_setSpreadingFactor)
    LoRa_setTOMsb_setCRCon                   0x08002be9   Thumb Code    32  lora.o(i.LoRa_setTOMsb_setCRCon)
    LoRa_startReceiving                      0x08002c09   Thumb Code     6  lora.o(i.LoRa_startReceiving)
    LoRa_write                               0x08002c0f   Thumb Code    30  lora.o(i.LoRa_write)
    LoRa_writeReg                            0x08002c2d   Thumb Code    88  lora.o(i.LoRa_writeReg)
    Lora_Init                                0x08002c85   Thumb Code    58  lora.o(i.Lora_Init)
    MA_Init                                  0x08002cc9   Thumb Code    26  main.o(i.MA_Init)
    MA_Update                                0x08002ce3   Thumb Code    50  main.o(i.MA_Update)
    MemManage_Handler                        0x08003061   Thumb Code     2  stm32f1xx_it.o(i.MemManage_Handler)
    NMI_Handler                              0x08003063   Thumb Code     2  stm32f1xx_it.o(i.NMI_Handler)
    PendSV_Handler                           0x08003065   Thumb Code     2  stm32f1xx_it.o(i.PendSV_Handler)
    SVC_Handler                              0x080031b1   Thumb Code     2  stm32f1xx_it.o(i.SVC_Handler)
    SysTick_Handler                          0x080031b3   Thumb Code     4  stm32f1xx_it.o(i.SysTick_Handler)
    SystemClock_Config                       0x080031b7   Thumb Code   120  main.o(i.SystemClock_Config)
    SystemInit                               0x0800322f   Thumb Code     2  system_stm32f1xx.o(i.SystemInit)
    TIM1_UP_IRQHandler                       0x08003231   Thumb Code     6  stm32f1xx_it.o(i.TIM1_UP_IRQHandler)
    TIM3_IRQHandler                          0x0800323d   Thumb Code     6  stm32f1xx_it.o(i.TIM3_IRQHandler)
    TIM_Base_SetConfig                       0x08003249   Thumb Code   108  stm32f1xx_hal_tim.o(i.TIM_Base_SetConfig)
    TIM_ETR_SetConfig                        0x080032c1   Thumb Code    20  stm32f1xx_hal_tim.o(i.TIM_ETR_SetConfig)
    TIM_TI1_SetConfig                        0x08003309   Thumb Code    76  stm32f1xx_hal_tim.o(i.TIM_TI1_SetConfig)
    USART1_IRQHandler                        0x08003645   Thumb Code     6  stm32f1xx_it.o(i.USART1_IRQHandler)
    UsageFault_Handler                       0x08003651   Thumb Code     2  stm32f1xx_it.o(i.UsageFault_Handler)
    main                                     0x08003675   Thumb Code   762  main.o(i.main)
    __aeabi_ddiv                             0x080039a1   Thumb Code     0  ddiv.o(x$fpl$ddiv)
    _ddiv                                    0x080039a1   Thumb Code   552  ddiv.o(x$fpl$ddiv)
    __aeabi_d2iz                             0x08003c51   Thumb Code     0  dfix.o(x$fpl$dfix)
    _dfix                                    0x08003c51   Thumb Code    94  dfix.o(x$fpl$dfix)
    __aeabi_i2d                              0x08003caf   Thumb Code     0  dflt_clz.o(x$fpl$dflt)
    _dflt                                    0x08003caf   Thumb Code    46  dflt_clz.o(x$fpl$dflt)
    __fpl_dnaninf                            0x08003cdd   Thumb Code   156  dnaninf.o(x$fpl$dnaninf)
    __fpl_dretinf                            0x08003d79   Thumb Code    12  dretinf.o(x$fpl$dretinf)
    __I$use$fp                               0x08003d84   Number         0  usenofp.o(x$fpl$usenofp)
    AHBPrescTable                            0x08003dea   Data          16  system_stm32f1xx.o(.constdata)
    APBPrescTable                            0x08003dfa   Data           8  system_stm32f1xx.o(.constdata)
    Region$$Table$$Base                      0x08003e04   Number         0  anon$$obj.o(Region$$Table)
    Region$$Table$$Limit                     0x08003e24   Number         0  anon$$obj.o(Region$$Table)
    send_ok                                  0x20000000   Data           1  main.o(.data)
    flag_Lora_Rx                             0x20000001   Data           1  main.o(.data)
    flag_tx_log                              0x20000002   Data           1  main.o(.data)
    flag_cnt_50us                            0x20000003   Data           1  main.o(.data)
    flag_get_zero                            0x20000004   Data           1  main.o(.data)
    num_RX_irq_LoRa                          0x20000006   Data           2  main.o(.data)
    config_lora                              0x20000008   Data           2  main.o(.data)
    adc_raw_pS                               0x2000000a   Data           2  main.o(.data)
    adc_filtered_pS                          0x2000000c   Data           2  main.o(.data)
    pS_cur                                   0x2000000e   Data           2  main.o(.data)
    pS_prev                                  0x20000010   Data           2  main.o(.data)
    offset_ZpS                               0x20000012   Data           2  main.o(.data)
    delta_pA                                 0x20000014   Data           2  main.o(.data)
    delta_pB                                 0x20000016   Data           2  main.o(.data)
    delta_pC                                 0x20000018   Data           2  main.o(.data)
    tick                                     0x2000001c   Data           4  main.o(.data)
    cnt_timetick                             0x20000020   Data           4  main.o(.data)
    cycle                                    0x20000024   Data           4  main.o(.data)
    interval_zc                              0x20000028   Data           4  main.o(.data)
    ovf_tim3                                 0x2000002c   Data           4  main.o(.data)
    stt                                      0x20000030   Data           4  main.o(.data)
    deltaT                                   0x20000034   Data           4  main.o(.data)
    LN                                       0x20000038   Data           4  main.o(.data)
    latency                                  0x2000003c   Data           4  main.o(.data)
    last_zc                                  0x20000040   Data           8  main.o(.data)
    now_zc                                   0x20000048   Data           8  main.o(.data)
    tx_time                                  0x20000050   Data           8  main.o(.data)
    rx_time                                  0x20000058   Data           8  main.o(.data)
    uwTickFreq                               0x20000060   Data           1  stm32f1xx_hal.o(.data)
    uwTickPrio                               0x20000064   Data           4  stm32f1xx_hal.o(.data)
    uwTick                                   0x20000068   Data           4  stm32f1xx_hal.o(.data)
    SystemCoreClock                          0x2000006c   Data           4  system_stm32f1xx.o(.data)
    hadc1                                    0x20000070   Data          48  main.o(.bss)
    hadc2                                    0x200000a0   Data          48  main.o(.bss)
    hspi1                                    0x200000d0   Data          88  main.o(.bss)
    htim1                                    0x20000128   Data          72  main.o(.bss)
    htim2                                    0x20000170   Data          72  main.o(.bss)
    htim3                                    0x200001b8   Data          72  main.o(.bss)
    huart1                                   0x20000200   Data          72  main.o(.bss)
    vLoRa                                    0x20000248   Data          52  main.o(.bss)
    RX_LoRa_buff                             0x2000027c   Data          12  main.o(.bss)
    uart_tx_log                              0x20000288   Data         100  main.o(.bss)
    adcFilter_pS                             0x200002ec   Data          20  main.o(.bss)
    hdma_adc1                                0x20000300   Data          68  main.o(.bss)
    hdma_usart1_tx                           0x20000344   Data          68  main.o(.bss)
    __libspace_start                         0x20000388   Data          96  libspace.o(.bss)
    __temporary_stack_top$libspace           0x200003e8   Data           0  libspace.o(.bss)



==============================================================================

Memory Map of the image

  Image Entry point : 0x080000ed

  Load Region LR_IROM1 (Base: 0x08000000, Size: 0x00003e94, Max: 0x00010000, ABSOLUTE)

    Execution Region ER_IROM1 (Exec base: 0x08000000, Load base: 0x08000000, Size: 0x00003e24, Max: 0x00010000, ABSOLUTE)

    Exec Addr    Load Addr    Size         Type   Attr      Idx    E Section Name        Object

    0x08000000   0x08000000   0x000000ec   Data   RO            3    RESET               startup_stm32f103xb.o
    0x080000ec   0x080000ec   0x00000008   Code   RO         3680  * !!!main             c_w.l(__main.o)
    0x080000f4   0x080000f4   0x00000034   Code   RO         3875    !!!scatter          c_w.l(__scatter.o)
    0x08000128   0x08000128   0x0000001a   Code   RO         3877    !!handler_copy      c_w.l(__scatter_copy.o)
    0x08000142   0x08000142   0x00000002   PAD
    0x08000144   0x08000144   0x0000001c   Code   RO         3879    !!handler_zi        c_w.l(__scatter_zi.o)
    0x08000160   0x08000160   0x00000000   Code   RO         3671    .ARM.Collect$$_printf_percent$$00000000  c_w.l(_printf_percent.o)
    0x08000160   0x08000160   0x00000006   Code   RO         3670    .ARM.Collect$$_printf_percent$$0000000A  c_w.l(_printf_u.o)
    0x08000166   0x08000166   0x00000004   Code   RO         3707    .ARM.Collect$$_printf_percent$$00000017  c_w.l(_printf_percent_end.o)
    0x0800016a   0x0800016a   0x00000002   Code   RO         3745    .ARM.Collect$$libinit$$00000000  c_w.l(libinit.o)
    0x0800016c   0x0800016c   0x00000000   Code   RO         3758    .ARM.Collect$$libinit$$00000002  c_w.l(libinit2.o)
    0x0800016c   0x0800016c   0x00000000   Code   RO         3760    .ARM.Collect$$libinit$$00000004  c_w.l(libinit2.o)
    0x0800016c   0x0800016c   0x00000000   Code   RO         3763    .ARM.Collect$$libinit$$0000000A  c_w.l(libinit2.o)
    0x0800016c   0x0800016c   0x00000000   Code   RO         3765    .ARM.Collect$$libinit$$0000000C  c_w.l(libinit2.o)
    0x0800016c   0x0800016c   0x00000000   Code   RO         3767    .ARM.Collect$$libinit$$0000000E  c_w.l(libinit2.o)
    0x0800016c   0x0800016c   0x00000000   Code   RO         3770    .ARM.Collect$$libinit$$00000011  c_w.l(libinit2.o)
    0x0800016c   0x0800016c   0x00000000   Code   RO         3772    .ARM.Collect$$libinit$$00000013  c_w.l(libinit2.o)
    0x0800016c   0x0800016c   0x00000000   Code   RO         3774    .ARM.Collect$$libinit$$00000015  c_w.l(libinit2.o)
    0x0800016c   0x0800016c   0x00000000   Code   RO         3776    .ARM.Collect$$libinit$$00000017  c_w.l(libinit2.o)
    0x0800016c   0x0800016c   0x00000000   Code   RO         3778    .ARM.Collect$$libinit$$00000019  c_w.l(libinit2.o)
    0x0800016c   0x0800016c   0x00000000   Code   RO         3780    .ARM.Collect$$libinit$$0000001B  c_w.l(libinit2.o)
    0x0800016c   0x0800016c   0x00000000   Code   RO         3782    .ARM.Collect$$libinit$$0000001D  c_w.l(libinit2.o)
    0x0800016c   0x0800016c   0x00000000   Code   RO         3784    .ARM.Collect$$libinit$$0000001F  c_w.l(libinit2.o)
    0x0800016c   0x0800016c   0x00000000   Code   RO         3786    .ARM.Collect$$libinit$$00000021  c_w.l(libinit2.o)
    0x0800016c   0x0800016c   0x00000000   Code   RO         3788    .ARM.Collect$$libinit$$00000023  c_w.l(libinit2.o)
    0x0800016c   0x0800016c   0x00000000   Code   RO         3790    .ARM.Collect$$libinit$$00000025  c_w.l(libinit2.o)
    0x0800016c   0x0800016c   0x00000000   Code   RO         3794    .ARM.Collect$$libinit$$0000002C  c_w.l(libinit2.o)
    0x0800016c   0x0800016c   0x00000000   Code   RO         3796    .ARM.Collect$$libinit$$0000002E  c_w.l(libinit2.o)
    0x0800016c   0x0800016c   0x00000000   Code   RO         3798    .ARM.Collect$$libinit$$00000030  c_w.l(libinit2.o)
    0x0800016c   0x0800016c   0x00000000   Code   RO         3800    .ARM.Collect$$libinit$$00000032  c_w.l(libinit2.o)
    0x0800016c   0x0800016c   0x00000002   Code   RO         3801    .ARM.Collect$$libinit$$00000033  c_w.l(libinit2.o)
    0x0800016e   0x0800016e   0x00000002   Code   RO         3832    .ARM.Collect$$libshutdown$$00000000  c_w.l(libshutdown.o)
    0x08000170   0x08000170   0x00000000   Code   RO         3858    .ARM.Collect$$libshutdown$$00000002  c_w.l(libshutdown2.o)
    0x08000170   0x08000170   0x00000000   Code   RO         3860    .ARM.Collect$$libshutdown$$00000004  c_w.l(libshutdown2.o)
    0x08000170   0x08000170   0x00000000   Code   RO         3863    .ARM.Collect$$libshutdown$$00000007  c_w.l(libshutdown2.o)
    0x08000170   0x08000170   0x00000000   Code   RO         3866    .ARM.Collect$$libshutdown$$0000000A  c_w.l(libshutdown2.o)
    0x08000170   0x08000170   0x00000000   Code   RO         3868    .ARM.Collect$$libshutdown$$0000000C  c_w.l(libshutdown2.o)
    0x08000170   0x08000170   0x00000000   Code   RO         3871    .ARM.Collect$$libshutdown$$0000000F  c_w.l(libshutdown2.o)
    0x08000170   0x08000170   0x00000002   Code   RO         3872    .ARM.Collect$$libshutdown$$00000010  c_w.l(libshutdown2.o)
    0x08000172   0x08000172   0x00000000   Code   RO         3696    .ARM.Collect$$rtentry$$00000000  c_w.l(__rtentry.o)
    0x08000172   0x08000172   0x00000000   Code   RO         3714    .ARM.Collect$$rtentry$$00000002  c_w.l(__rtentry2.o)
    0x08000172   0x08000172   0x00000006   Code   RO         3726    .ARM.Collect$$rtentry$$00000004  c_w.l(__rtentry4.o)
    0x08000178   0x08000178   0x00000000   Code   RO         3716    .ARM.Collect$$rtentry$$00000009  c_w.l(__rtentry2.o)
    0x08000178   0x08000178   0x00000004   Code   RO         3717    .ARM.Collect$$rtentry$$0000000A  c_w.l(__rtentry2.o)
    0x0800017c   0x0800017c   0x00000000   Code   RO         3719    .ARM.Collect$$rtentry$$0000000C  c_w.l(__rtentry2.o)
    0x0800017c   0x0800017c   0x00000008   Code   RO         3720    .ARM.Collect$$rtentry$$0000000D  c_w.l(__rtentry2.o)
    0x08000184   0x08000184   0x00000002   Code   RO         3749    .ARM.Collect$$rtexit$$00000000  c_w.l(rtexit.o)
    0x08000186   0x08000186   0x00000000   Code   RO         3805    .ARM.Collect$$rtexit$$00000002  c_w.l(rtexit2.o)
    0x08000186   0x08000186   0x00000004   Code   RO         3806    .ARM.Collect$$rtexit$$00000003  c_w.l(rtexit2.o)
    0x0800018a   0x0800018a   0x00000006   Code   RO         3807    .ARM.Collect$$rtexit$$00000004  c_w.l(rtexit2.o)
    0x08000190   0x08000190   0x00000040   Code   RO            4    .text               startup_stm32f103xb.o
    0x080001d0   0x080001d0   0x000000ee   Code   RO         3638    .text               c_w.l(lludivv7m.o)
    0x080002be   0x080002be   0x00000002   PAD
    0x080002c0   0x080002c0   0x00000028   Code   RO         3644    .text               c_w.l(noretval__2sprintf.o)
    0x080002e8   0x080002e8   0x00000068   Code   RO         3646    .text               c_w.l(__printf.o)
    0x08000350   0x08000350   0x00000078   Code   RO         3648    .text               c_w.l(_printf_dec.o)
    0x080003c8   0x080003c8   0x0000003e   Code   RO         3672    .text               c_w.l(strlen.o)
    0x08000406   0x08000406   0x00000064   Code   RO         3674    .text               c_w.l(rt_memcpy_w.o)
    0x0800046a   0x0800046a   0x0000004e   Code   RO         3676    .text               c_w.l(rt_memclr_w.o)
    0x080004b8   0x080004b8   0x00000006   Code   RO         3678    .text               c_w.l(heapauxi.o)
    0x080004be   0x080004be   0x000000b2   Code   RO         3701    .text               c_w.l(_printf_intcommon.o)
    0x08000570   0x08000570   0x00000030   Code   RO         3703    .text               c_w.l(_printf_char_common.o)
    0x080005a0   0x080005a0   0x0000000a   Code   RO         3705    .text               c_w.l(_sputc.o)
    0x080005aa   0x080005aa   0x0000004a   Code   RO         3732    .text               c_w.l(sys_stackheap_outer.o)
    0x080005f4   0x080005f4   0x00000012   Code   RO         3734    .text               c_w.l(exit.o)
    0x08000606   0x08000606   0x00000002   PAD
    0x08000608   0x08000608   0x00000008   Code   RO         3746    .text               c_w.l(libspace.o)
    0x08000610   0x08000610   0x0000000c   Code   RO         3802    .text               c_w.l(sys_exit.o)
    0x0800061c   0x0800061c   0x00000002   Code   RO         3821    .text               c_w.l(use_no_semi.o)
    0x0800061e   0x0800061e   0x00000000   Code   RO         3823    .text               c_w.l(indicate_semi.o)
    0x0800061e   0x0800061e   0x00000002   PAD
    0x08000620   0x08000620   0x00000056   Code   RO          690    i.ADC_ConversionStop_Disable  stm32f1xx_hal_adc.o
    0x08000676   0x08000676   0x0000004e   Code   RO          691    i.ADC_DMAConvCplt   stm32f1xx_hal_adc.o
    0x080006c4   0x080006c4   0x0000001a   Code   RO          692    i.ADC_DMAError      stm32f1xx_hal_adc.o
    0x080006de   0x080006de   0x0000000a   Code   RO          693    i.ADC_DMAHalfConvCplt  stm32f1xx_hal_adc.o
    0x080006e8   0x080006e8   0x0000007c   Code   RO          694    i.ADC_Enable        stm32f1xx_hal_adc.o
    0x08000764   0x08000764   0x00000002   Code   RO          382    i.BusFault_Handler  stm32f1xx_it.o
    0x08000766   0x08000766   0x00000002   PAD
    0x08000768   0x08000768   0x0000000c   Code   RO          383    i.DMA1_Channel1_IRQHandler  stm32f1xx_it.o
    0x08000774   0x08000774   0x0000000c   Code   RO          384    i.DMA1_Channel4_IRQHandler  stm32f1xx_it.o
    0x08000780   0x08000780   0x0000002a   Code   RO         1346    i.DMA_SetConfig     stm32f1xx_hal_dma.o
    0x080007aa   0x080007aa   0x00000002   Code   RO          385    i.DebugMon_Handler  stm32f1xx_it.o
    0x080007ac   0x080007ac   0x00000006   Code   RO          386    i.EXTI1_IRQHandler  stm32f1xx_it.o
    0x080007b2   0x080007b2   0x00000004   Code   RO          266    i.Error_Handler     main.o
    0x080007b6   0x080007b6   0x00000002   PAD
    0x080007b8   0x080007b8   0x00000024   Code   RO          267    i.GetTimeUs         main.o
    0x080007dc   0x080007dc   0x000000fc   Code   RO          696    i.HAL_ADC_ConfigChannel  stm32f1xx_hal_adc.o
    0x080008d8   0x080008d8   0x00000002   Code   RO          697    i.HAL_ADC_ConvCpltCallback  stm32f1xx_hal_adc.o
    0x080008da   0x080008da   0x00000002   Code   RO          698    i.HAL_ADC_ConvHalfCpltCallback  stm32f1xx_hal_adc.o
    0x080008dc   0x080008dc   0x00000002   Code   RO          700    i.HAL_ADC_ErrorCallback  stm32f1xx_hal_adc.o
    0x080008de   0x080008de   0x00000002   PAD
    0x080008e0   0x080008e0   0x0000011c   Code   RO          705    i.HAL_ADC_Init      stm32f1xx_hal_adc.o
    0x080009fc   0x080009fc   0x000000cc   Code   RO          495    i.HAL_ADC_MspInit   stm32f1xx_hal_msp.o
    0x08000ac8   0x08000ac8   0x0000010c   Code   RO          712    i.HAL_ADC_Start_DMA  stm32f1xx_hal_adc.o
    0x08000bd4   0x08000bd4   0x00000046   Code   RO         1347    i.HAL_DMA_Abort     stm32f1xx_hal_dma.o
    0x08000c1a   0x08000c1a   0x00000002   PAD
    0x08000c1c   0x08000c1c   0x00000098   Code   RO         1348    i.HAL_DMA_Abort_IT  stm32f1xx_hal_dma.o
    0x08000cb4   0x08000cb4   0x00000154   Code   RO         1352    i.HAL_DMA_IRQHandler  stm32f1xx_hal_dma.o
    0x08000e08   0x08000e08   0x0000005c   Code   RO         1353    i.HAL_DMA_Init      stm32f1xx_hal_dma.o
    0x08000e64   0x08000e64   0x00000070   Code   RO         1357    i.HAL_DMA_Start_IT  stm32f1xx_hal_dma.o
    0x08000ed4   0x08000ed4   0x00000024   Code   RO          973    i.HAL_Delay         stm32f1xx_hal.o
    0x08000ef8   0x08000ef8   0x00000020   Code   RO          268    i.HAL_GPIO_EXTI_Callback  main.o
    0x08000f18   0x08000f18   0x00000018   Code   RO         1282    i.HAL_GPIO_EXTI_IRQHandler  stm32f1xx_hal_gpio.o
    0x08000f30   0x08000f30   0x000001e0   Code   RO         1283    i.HAL_GPIO_Init     stm32f1xx_hal_gpio.o
    0x08001110   0x08001110   0x00000010   Code   RO         1286    i.HAL_GPIO_TogglePin  stm32f1xx_hal_gpio.o
    0x08001120   0x08001120   0x0000000a   Code   RO         1287    i.HAL_GPIO_WritePin  stm32f1xx_hal_gpio.o
    0x0800112a   0x0800112a   0x00000002   PAD
    0x0800112c   0x0800112c   0x0000000c   Code   RO          977    i.HAL_GetTick       stm32f1xx_hal.o
    0x08001138   0x08001138   0x00000010   Code   RO          983    i.HAL_IncTick       stm32f1xx_hal.o
    0x08001148   0x08001148   0x00000024   Code   RO          984    i.HAL_Init          stm32f1xx_hal.o
    0x0800116c   0x0800116c   0x00000040   Code   RO          985    i.HAL_InitTick      stm32f1xx_hal.o
    0x080011ac   0x080011ac   0x0000003c   Code   RO          496    i.HAL_MspInit       stm32f1xx_hal_msp.o
    0x080011e8   0x080011e8   0x0000001a   Code   RO         1443    i.HAL_NVIC_EnableIRQ  stm32f1xx_hal_cortex.o
    0x08001202   0x08001202   0x00000002   PAD
    0x08001204   0x08001204   0x00000040   Code   RO         1449    i.HAL_NVIC_SetPriority  stm32f1xx_hal_cortex.o
    0x08001244   0x08001244   0x00000024   Code   RO         1450    i.HAL_NVIC_SetPriorityGrouping  stm32f1xx_hal_cortex.o
    0x08001268   0x08001268   0x000000ec   Code   RO         1245    i.HAL_RCCEx_PeriphCLKConfig  stm32f1xx_hal_rcc_ex.o
    0x08001354   0x08001354   0x0000012c   Code   RO         1141    i.HAL_RCC_ClockConfig  stm32f1xx_hal_rcc.o
    0x08001480   0x08001480   0x00000020   Code   RO         1148    i.HAL_RCC_GetPCLK1Freq  stm32f1xx_hal_rcc.o
    0x080014a0   0x080014a0   0x00000020   Code   RO         1149    i.HAL_RCC_GetPCLK2Freq  stm32f1xx_hal_rcc.o
    0x080014c0   0x080014c0   0x0000004c   Code   RO         1150    i.HAL_RCC_GetSysClockFreq  stm32f1xx_hal_rcc.o
    0x0800150c   0x0800150c   0x00000320   Code   RO         1153    i.HAL_RCC_OscConfig  stm32f1xx_hal_rcc.o
    0x0800182c   0x0800182c   0x00000006   Code   RO         1952    i.HAL_SPI_GetState  stm32f1xx_hal_spi.o
    0x08001832   0x08001832   0x000000b2   Code   RO         1954    i.HAL_SPI_Init      stm32f1xx_hal_spi.o
    0x080018e4   0x080018e4   0x00000070   Code   RO          498    i.HAL_SPI_MspInit   stm32f1xx_hal_msp.o
    0x08001954   0x08001954   0x00000154   Code   RO         1957    i.HAL_SPI_Receive   stm32f1xx_hal_spi.o
    0x08001aa8   0x08001aa8   0x00000166   Code   RO         1962    i.HAL_SPI_Transmit  stm32f1xx_hal_spi.o
    0x08001c0e   0x08001c0e   0x000001f0   Code   RO         1963    i.HAL_SPI_TransmitReceive  stm32f1xx_hal_spi.o
    0x08001dfe   0x08001dfe   0x00000028   Code   RO         1454    i.HAL_SYSTICK_Config  stm32f1xx_hal_cortex.o
    0x08001e26   0x08001e26   0x00000002   Code   RO         2971    i.HAL_TIMEx_BreakCallback  stm32f1xx_hal_tim_ex.o
    0x08001e28   0x08001e28   0x00000002   Code   RO         2972    i.HAL_TIMEx_CommutCallback  stm32f1xx_hal_tim_ex.o
    0x08001e2a   0x08001e2a   0x00000002   PAD
    0x08001e2c   0x08001e2c   0x00000068   Code   RO         2990    i.HAL_TIMEx_MasterConfigSynchronization  stm32f1xx_hal_tim_ex.o
    0x08001e94   0x08001e94   0x0000005a   Code   RO         2267    i.HAL_TIM_Base_Init  stm32f1xx_hal_tim.o
    0x08001eee   0x08001eee   0x00000002   PAD
    0x08001ef0   0x08001ef0   0x000000bc   Code   RO          500    i.HAL_TIM_Base_MspInit  stm32f1xx_hal_msp.o
    0x08001fac   0x08001fac   0x00000058   Code   RO         2272    i.HAL_TIM_Base_Start_IT  stm32f1xx_hal_tim.o
    0x08002004   0x08002004   0x000000dc   Code   RO         2276    i.HAL_TIM_ConfigClockSource  stm32f1xx_hal_tim.o
    0x080020e0   0x080020e0   0x00000002   Code   RO         2301    i.HAL_TIM_IC_CaptureCallback  stm32f1xx_hal_tim.o
    0x080020e2   0x080020e2   0x00000124   Code   RO         2303    i.HAL_TIM_IC_ConfigChannel  stm32f1xx_hal_tim.o
    0x08002206   0x08002206   0x0000005a   Code   RO         2306    i.HAL_TIM_IC_Init   stm32f1xx_hal_tim.o
    0x08002260   0x08002260   0x00000002   Code   RO         2308    i.HAL_TIM_IC_MspInit  stm32f1xx_hal_tim.o
    0x08002262   0x08002262   0x00000130   Code   RO         2315    i.HAL_TIM_IRQHandler  stm32f1xx_hal_tim.o
    0x08002392   0x08002392   0x00000002   Code   RO         2318    i.HAL_TIM_OC_DelayElapsedCallback  stm32f1xx_hal_tim.o
    0x08002394   0x08002394   0x00000002   Code   RO         2345    i.HAL_TIM_PWM_PulseFinishedCallback  stm32f1xx_hal_tim.o
    0x08002396   0x08002396   0x00000002   PAD
    0x08002398   0x08002398   0x00000078   Code   RO          269    i.HAL_TIM_PeriodElapsedCallback  main.o
    0x08002410   0x08002410   0x00000002   Code   RO         2358    i.HAL_TIM_TriggerCallback  stm32f1xx_hal_tim.o
    0x08002412   0x08002412   0x00000002   Code   RO         3250    i.HAL_UARTEx_RxEventCallback  stm32f1xx_hal_uart.o
    0x08002414   0x08002414   0x00000002   Code   RO         3264    i.HAL_UART_ErrorCallback  stm32f1xx_hal_uart.o
    0x08002416   0x08002416   0x00000002   PAD
    0x08002418   0x08002418   0x0000026c   Code   RO         3267    i.HAL_UART_IRQHandler  stm32f1xx_hal_uart.o
    0x08002684   0x08002684   0x00000064   Code   RO         3268    i.HAL_UART_Init     stm32f1xx_hal_uart.o
    0x080026e8   0x080026e8   0x000000b0   Code   RO          502    i.HAL_UART_MspInit  stm32f1xx_hal_msp.o
    0x08002798   0x08002798   0x00000002   Code   RO         3274    i.HAL_UART_RxCpltCallback  stm32f1xx_hal_uart.o
    0x0800279a   0x0800279a   0x00000002   PAD
    0x0800279c   0x0800279c   0x00000078   Code   RO         3277    i.HAL_UART_Transmit_DMA  stm32f1xx_hal_uart.o
    0x08002814   0x08002814   0x00000002   Code   RO         3279    i.HAL_UART_TxCpltCallback  stm32f1xx_hal_uart.o
    0x08002816   0x08002816   0x00000002   Code   RO         3280    i.HAL_UART_TxHalfCpltCallback  stm32f1xx_hal_uart.o
    0x08002818   0x08002818   0x00000002   Code   RO          387    i.HardFault_Handler  stm32f1xx_it.o
    0x0800281a   0x0800281a   0x000000e4   Code   RO           15    i.LoRa_Config       lora.o
    0x080028fe   0x080028fe   0x00000086   Code   RO           17    i.LoRa_gotoMode     lora.o
    0x08002984   0x08002984   0x0000001e   Code   RO           19    i.LoRa_read         lora.o
    0x080029a2   0x080029a2   0x00000058   Code   RO           20    i.LoRa_readReg      lora.o
    0x080029fa   0x080029fa   0x0000007c   Code   RO           21    i.LoRa_receive      lora.o
    0x08002a76   0x08002a76   0x00000028   Code   RO           22    i.LoRa_reset        lora.o
    0x08002a9e   0x08002a9e   0x00000002   PAD
    0x08002aa0   0x08002aa0   0x0000004c   Code   RO           23    i.LoRa_setAutoLDO   lora.o
    0x08002aec   0x08002aec   0x00000040   Code   RO           24    i.LoRa_setFrequency  lora.o
    0x08002b2c   0x08002b2c   0x0000002a   Code   RO           25    i.LoRa_setLowDaraRateOptimization  lora.o
    0x08002b56   0x08002b56   0x0000003e   Code   RO           26    i.LoRa_setOCP       lora.o
    0x08002b94   0x08002b94   0x00000014   Code   RO           27    i.LoRa_setPower     lora.o
    0x08002ba8   0x08002ba8   0x00000040   Code   RO           28    i.LoRa_setSpreadingFactor  lora.o
    0x08002be8   0x08002be8   0x00000020   Code   RO           30    i.LoRa_setTOMsb_setCRCon  lora.o
    0x08002c08   0x08002c08   0x00000006   Code   RO           31    i.LoRa_startReceiving  lora.o
    0x08002c0e   0x08002c0e   0x0000001e   Code   RO           33    i.LoRa_write        lora.o
    0x08002c2c   0x08002c2c   0x00000058   Code   RO           34    i.LoRa_writeReg     lora.o
    0x08002c84   0x08002c84   0x00000044   Code   RO           35    i.Lora_Init         lora.o
    0x08002cc8   0x08002cc8   0x0000001a   Code   RO          270    i.MA_Init           main.o
    0x08002ce2   0x08002ce2   0x00000032   Code   RO          271    i.MA_Update         main.o
    0x08002d14   0x08002d14   0x00000050   Code   RO          272    i.MX_ADC1_Init      main.o
    0x08002d64   0x08002d64   0x0000004c   Code   RO          273    i.MX_ADC2_Init      main.o
    0x08002db0   0x08002db0   0x0000010c   Code   RO          274    i.MX_GPIO_Init      main.o
    0x08002ebc   0x08002ebc   0x00000044   Code   RO          275    i.MX_SPI1_Init      main.o
    0x08002f00   0x08002f00   0x00000068   Code   RO          276    i.MX_TIM1_Init      main.o
    0x08002f68   0x08002f68   0x00000090   Code   RO          277    i.MX_TIM2_Init      main.o
    0x08002ff8   0x08002ff8   0x00000068   Code   RO          278    i.MX_TIM3_Init      main.o
    0x08003060   0x08003060   0x00000002   Code   RO          388    i.MemManage_Handler  stm32f1xx_it.o
    0x08003062   0x08003062   0x00000002   Code   RO          389    i.NMI_Handler       stm32f1xx_it.o
    0x08003064   0x08003064   0x00000002   Code   RO          390    i.PendSV_Handler    stm32f1xx_it.o
    0x08003066   0x08003066   0x0000005c   Code   RO         1991    i.SPI_EndRxTransaction  stm32f1xx_hal_spi.o
    0x080030c2   0x080030c2   0x00000034   Code   RO         1992    i.SPI_EndRxTxTransaction  stm32f1xx_hal_spi.o
    0x080030f6   0x080030f6   0x00000002   PAD
    0x080030f8   0x080030f8   0x000000b8   Code   RO         1997    i.SPI_WaitFlagStateUntilTimeout  stm32f1xx_hal_spi.o
    0x080031b0   0x080031b0   0x00000002   Code   RO          391    i.SVC_Handler       stm32f1xx_it.o
    0x080031b2   0x080031b2   0x00000004   Code   RO          392    i.SysTick_Handler   stm32f1xx_it.o
    0x080031b6   0x080031b6   0x00000078   Code   RO          279    i.SystemClock_Config  main.o
    0x0800322e   0x0800322e   0x00000002   Code   RO         3602    i.SystemInit        system_stm32f1xx.o
    0x08003230   0x08003230   0x0000000c   Code   RO          393    i.TIM1_UP_IRQHandler  stm32f1xx_it.o
    0x0800323c   0x0800323c   0x0000000c   Code   RO          394    i.TIM3_IRQHandler   stm32f1xx_it.o
    0x08003248   0x08003248   0x00000078   Code   RO         2360    i.TIM_Base_SetConfig  stm32f1xx_hal_tim.o
    0x080032c0   0x080032c0   0x00000014   Code   RO         2371    i.TIM_ETR_SetConfig  stm32f1xx_hal_tim.o
    0x080032d4   0x080032d4   0x00000010   Code   RO         2372    i.TIM_ITRx_SetConfig  stm32f1xx_hal_tim.o
    0x080032e4   0x080032e4   0x00000022   Code   RO         2378    i.TIM_TI1_ConfigInputStage  stm32f1xx_hal_tim.o
    0x08003306   0x08003306   0x00000002   PAD
    0x08003308   0x08003308   0x00000058   Code   RO         2379    i.TIM_TI1_SetConfig  stm32f1xx_hal_tim.o
    0x08003360   0x08003360   0x00000024   Code   RO         2380    i.TIM_TI2_ConfigInputStage  stm32f1xx_hal_tim.o
    0x08003384   0x08003384   0x00000036   Code   RO         2381    i.TIM_TI2_SetConfig  stm32f1xx_hal_tim.o
    0x080033ba   0x080033ba   0x00000010   Code   RO         3281    i.UART_DMAAbortOnError  stm32f1xx_hal_uart.o
    0x080033ca   0x080033ca   0x0000004a   Code   RO         3282    i.UART_DMAError     stm32f1xx_hal_uart.o
    0x08003414   0x08003414   0x00000042   Code   RO         3287    i.UART_DMATransmitCplt  stm32f1xx_hal_uart.o
    0x08003456   0x08003456   0x0000000a   Code   RO         3289    i.UART_DMATxHalfCplt  stm32f1xx_hal_uart.o
    0x08003460   0x08003460   0x0000004e   Code   RO         3291    i.UART_EndRxTransfer  stm32f1xx_hal_uart.o
    0x080034ae   0x080034ae   0x0000001c   Code   RO         3292    i.UART_EndTxTransfer  stm32f1xx_hal_uart.o
    0x080034ca   0x080034ca   0x000000c2   Code   RO         3293    i.UART_Receive_IT   stm32f1xx_hal_uart.o
    0x0800358c   0x0800358c   0x000000b8   Code   RO         3294    i.UART_SetConfig    stm32f1xx_hal_uart.o
    0x08003644   0x08003644   0x0000000c   Code   RO          395    i.USART1_IRQHandler  stm32f1xx_it.o
    0x08003650   0x08003650   0x00000002   Code   RO          396    i.UsageFault_Handler  stm32f1xx_it.o
    0x08003652   0x08003652   0x00000020   Code   RO         1456    i.__NVIC_SetPriority  stm32f1xx_hal_cortex.o
    0x08003672   0x08003672   0x00000002   PAD
    0x08003674   0x08003674   0x0000032c   Code   RO          280    i.main              main.o
    0x080039a0   0x080039a0   0x000002b0   Code   RO         3683    x$fpl$ddiv          fz_ws.l(ddiv.o)
    0x08003c50   0x08003c50   0x0000005e   Code   RO         3686    x$fpl$dfix          fz_ws.l(dfix.o)
    0x08003cae   0x08003cae   0x0000002e   Code   RO         3691    x$fpl$dflt          fz_ws.l(dflt_clz.o)
    0x08003cdc   0x08003cdc   0x0000009c   Code   RO         3708    x$fpl$dnaninf       fz_ws.l(dnaninf.o)
    0x08003d78   0x08003d78   0x0000000c   Code   RO         3710    x$fpl$dretinf       fz_ws.l(dretinf.o)
    0x08003d84   0x08003d84   0x00000000   Code   RO         3712    x$fpl$usenofp       fz_ws.l(usenofp.o)
    0x08003d84   0x08003d84   0x00000004   PAD
    0x08003d88   0x08003d88   0x00000050   Data   RO           36    .constdata          lora.o
    0x08003dd8   0x08003dd8   0x00000012   Data   RO         1154    .constdata          stm32f1xx_hal_rcc.o
    0x08003dea   0x08003dea   0x00000010   Data   RO         3603    .constdata          system_stm32f1xx.o
    0x08003dfa   0x08003dfa   0x00000008   Data   RO         3604    .constdata          system_stm32f1xx.o
    0x08003e02   0x08003e02   0x00000002   PAD
    0x08003e04   0x08003e04   0x00000020   Data   RO         3873    Region$$Table       anon$$obj.o


    Execution Region RW_IRAM1 (Exec base: 0x20000000, Load base: 0x08003e24, Size: 0x000009e8, Max: 0x00005000, ABSOLUTE)

    Exec Addr    Load Addr    Size         Type   Attr      Idx    E Section Name        Object

    0x20000000   0x08003e24   0x00000060   Data   RW          286    .data               main.o
    0x20000060   0x08003e84   0x0000000c   Data   RW          991    .data               stm32f1xx_hal.o
    0x2000006c   0x08003e90   0x00000004   Data   RW         3605    .data               system_stm32f1xx.o
    0x20000070        -       0x00000290   Zero   RW          281    .bss                main.o
    0x20000300        -       0x00000044   Zero   RW          282    .bss                main.o
    0x20000344        -       0x00000044   Zero   RW          283    .bss                main.o
    0x20000388        -       0x00000060   Zero   RW         3747    .bss                c_w.l(libspace.o)
    0x200003e8        -       0x00000200   Zero   RW            2    HEAP                startup_stm32f103xb.o
    0x200005e8        -       0x00000400   Zero   RW            1    STACK               startup_stm32f103xb.o


==============================================================================

Image component sizes


      Code (inc. data)   RO Data    RW Data    ZI Data      Debug   Object Name

      1196         16         80          0          0     460933   lora.o
      2044        156          0         96        792      13070   main.o
        64         26        236          0       1536        856   startup_stm32f103xb.o
       164         28          0         12          0       6273   stm32f1xx_hal.o
      1134         56          0          0          0       9082   stm32f1xx_hal_adc.o
       198         14          0          0          0      29211   stm32f1xx_hal_cortex.o
       808         36          0          0          0       5310   stm32f1xx_hal_dma.o
       530         40          0          0          0       4320   stm32f1xx_hal_gpio.o
         0          0          0          0          0     443140   stm32f1xx_hal_gpio_ex.o
       740         88          0          0          0       4419   stm32f1xx_hal_msp.o
      1240         84         18          0          0       5388   stm32f1xx_hal_rcc.o
       236         12          0          0          0       1476   stm32f1xx_hal_rcc_ex.o
      1706          4          0          0          0       9025   stm32f1xx_hal_spi.o
      1462         36          0          0          0      14487   stm32f1xx_hal_tim.o
       108         12          0          0          0       2585   stm32f1xx_hal_tim_ex.o
      1500         24          0          0          0      12406   stm32f1xx_hal_uart.o
        86         30          0          0          0       7194   stm32f1xx_it.o
         2          0         24          4          0       1251   system_stm32f1xx.o

    ----------------------------------------------------------------------
     13248        662        392        112       2328    1030426   Object Totals
         0          0         32          0          0          0   (incl. Generated)
        30          0          2          0          0          0   (incl. Padding)

    ----------------------------------------------------------------------

      Code (inc. data)   RO Data    RW Data    ZI Data      Debug   Library Member Name

         8          0          0          0          0         68   __main.o
       104          0          0          0          0         84   __printf.o
         0          0          0          0          0          0   __rtentry.o
        12          0          0          0          0          0   __rtentry2.o
         6          0          0          0          0          0   __rtentry4.o
        52          8          0          0          0          0   __scatter.o
        26          0          0          0          0          0   __scatter_copy.o
        28          0          0          0          0          0   __scatter_zi.o
        48          6          0          0          0         96   _printf_char_common.o
       120         16          0          0          0         92   _printf_dec.o
       178          0          0          0          0         88   _printf_intcommon.o
         0          0          0          0          0          0   _printf_percent.o
         4          0          0          0          0          0   _printf_percent_end.o
         6          0          0          0          0          0   _printf_u.o
        10          0          0          0          0         68   _sputc.o
        18          0          0          0          0         80   exit.o
         6          0          0          0          0        152   heapauxi.o
         0          0          0          0          0          0   indicate_semi.o
         2          0          0          0          0          0   libinit.o
         2          0          0          0          0          0   libinit2.o
         2          0          0          0          0          0   libshutdown.o
         2          0          0          0          0          0   libshutdown2.o
         8          4          0          0         96         68   libspace.o
       238          0          0          0          0        100   lludivv7m.o
        40          6          0          0          0         84   noretval__2sprintf.o
        78          0          0          0          0         80   rt_memclr_w.o
       100          0          0          0          0         80   rt_memcpy_w.o
         2          0          0          0          0          0   rtexit.o
        10          0          0          0          0          0   rtexit2.o
        62          0          0          0          0         76   strlen.o
        12          4          0          0          0         68   sys_exit.o
        74          0          0          0          0         80   sys_stackheap_outer.o
         2          0          0          0          0         68   use_no_semi.o
       688        140          0          0          0        208   ddiv.o
        94          4          0          0          0         92   dfix.o
        46          0          0          0          0         68   dflt_clz.o
       156          4          0          0          0         92   dnaninf.o
        12          0          0          0          0         68   dretinf.o
         0          0          0          0          0          0   usenofp.o

    ----------------------------------------------------------------------
      2268        192          0          0         96       1960   Library Totals
        12          0          0          0          0          0   (incl. Padding)

    ----------------------------------------------------------------------

      Code (inc. data)   RO Data    RW Data    ZI Data      Debug   Library Name

      1260         44          0          0         96       1432   c_w.l
       996        148          0          0          0        528   fz_ws.l

    ----------------------------------------------------------------------
      2268        192          0          0         96       1960   Library Totals

    ----------------------------------------------------------------------

==============================================================================


      Code (inc. data)   RO Data    RW Data    ZI Data      Debug   

     15516        854        392        112       2424    1024738   Grand Totals
     15516        854        392        112       2424    1024738   ELF Image Totals
     15516        854        392        112          0          0   ROM Totals

==============================================================================

    Total RO  Size (Code + RO Data)                15908 (  15.54kB)
    Total RW  Size (RW Data + ZI Data)              2536 (   2.48kB)
    Total ROM Size (Code + RO Data + RW Data)      16020 (  15.64kB)

==============================================================================

