Component: ARM Compiler 5.06 update 6 (build 750) Tool: armlink [4d35ed]

==============================================================================

Section Cross References

    startup_stm32f103xb.o(STACK) refers (Special) to heapauxi.o(.text) for __use_two_region_memory
    startup_stm32f103xb.o(HEAP) refers (Special) to heapauxi.o(.text) for __use_two_region_memory
    startup_stm32f103xb.o(RESET) refers (Special) to heapauxi.o(.text) for __use_two_region_memory
    startup_stm32f103xb.o(RESET) refers to startup_stm32f103xb.o(STACK) for __initial_sp
    startup_stm32f103xb.o(RESET) refers to startup_stm32f103xb.o(.text) for Reset_Handler
    startup_stm32f103xb.o(RESET) refers to stm32f1xx_it.o(i.NMI_Handler) for NMI_Handler
    startup_stm32f103xb.o(RESET) refers to stm32f1xx_it.o(i.HardFault_Handler) for HardFault_Handler
    startup_stm32f103xb.o(RESET) refers to stm32f1xx_it.o(i.MemManage_Handler) for MemManage_Handler
    startup_stm32f103xb.o(RESET) refers to stm32f1xx_it.o(i.BusFault_Handler) for BusFault_Handler
    startup_stm32f103xb.o(RESET) refers to stm32f1xx_it.o(i.UsageFault_Handler) for UsageFault_Handler
    startup_stm32f103xb.o(RESET) refers to stm32f1xx_it.o(i.SVC_Handler) for SVC_Handler
    startup_stm32f103xb.o(RESET) refers to stm32f1xx_it.o(i.DebugMon_Handler) for DebugMon_Handler
    startup_stm32f103xb.o(RESET) refers to stm32f1xx_it.o(i.PendSV_Handler) for PendSV_Handler
    startup_stm32f103xb.o(RESET) refers to stm32f1xx_it.o(i.SysTick_Handler) for SysTick_Handler
    startup_stm32f103xb.o(RESET) refers to stm32f1xx_it.o(i.EXTI1_IRQHandler) for EXTI1_IRQHandler
    startup_stm32f103xb.o(RESET) refers to stm32f1xx_it.o(i.DMA1_Channel1_IRQHandler) for DMA1_Channel1_IRQHandler
    startup_stm32f103xb.o(RESET) refers to stm32f1xx_it.o(i.DMA1_Channel4_IRQHandler) for DMA1_Channel4_IRQHandler
    startup_stm32f103xb.o(RESET) refers to stm32f1xx_it.o(i.EXTI9_5_IRQHandler) for EXTI9_5_IRQHandler
    startup_stm32f103xb.o(RESET) refers to stm32f1xx_it.o(i.TIM1_UP_IRQHandler) for TIM1_UP_IRQHandler
    startup_stm32f103xb.o(RESET) refers to stm32f1xx_it.o(i.TIM3_IRQHandler) for TIM3_IRQHandler
    startup_stm32f103xb.o(RESET) refers to stm32f1xx_it.o(i.USART1_IRQHandler) for USART1_IRQHandler
    startup_stm32f103xb.o(.text) refers (Special) to heapauxi.o(.text) for __use_two_region_memory
    startup_stm32f103xb.o(.text) refers to system_stm32f1xx.o(i.SystemInit) for SystemInit
    startup_stm32f103xb.o(.text) refers to __main.o(!!!main) for __main
    startup_stm32f103xb.o(.text) refers to startup_stm32f103xb.o(HEAP) for Heap_Mem
    startup_stm32f103xb.o(.text) refers to startup_stm32f103xb.o(STACK) for Stack_Mem
    lora.o(i.FSK_transmit) refers to lora.o(i.LoRa_gotoMode) for LoRa_gotoMode
    lora.o(i.FSK_transmit) refers to lora.o(i.LoRa_read) for LoRa_read
    lora.o(i.FSK_transmit) refers to lora.o(i.LoRa_BurstWrite) for LoRa_BurstWrite
    lora.o(i.FSK_transmit) refers to lora.o(i.LoRa_write) for LoRa_write
    lora.o(i.LoRa_BurstWrite) refers to stm32f1xx_hal_gpio.o(i.HAL_GPIO_WritePin) for HAL_GPIO_WritePin
    lora.o(i.LoRa_BurstWrite) refers to stm32f1xx_hal_spi.o(i.HAL_SPI_Transmit) for HAL_SPI_Transmit
    lora.o(i.LoRa_BurstWrite) refers to stm32f1xx_hal_spi.o(i.HAL_SPI_GetState) for HAL_SPI_GetState
    lora.o(i.LoRa_Config) refers to lora.o(i.LoRa_gotoMode) for LoRa_gotoMode
    lora.o(i.LoRa_Config) refers to stm32f1xx_hal.o(i.HAL_Delay) for HAL_Delay
    lora.o(i.LoRa_Config) refers to lora.o(i.LoRa_read) for LoRa_read
    lora.o(i.LoRa_Config) refers to lora.o(i.LoRa_write) for LoRa_write
    lora.o(i.LoRa_Config) refers to lora.o(i.LoRa_setFrequency) for LoRa_setFrequency
    lora.o(i.LoRa_Config) refers to lora.o(i.LoRa_setPower) for LoRa_setPower
    lora.o(i.LoRa_Config) refers to lora.o(i.LoRa_setOCP) for LoRa_setOCP
    lora.o(i.LoRa_Config) refers to lora.o(i.LoRa_setTOMsb_setCRCon) for LoRa_setTOMsb_setCRCon
    lora.o(i.LoRa_Config) refers to lora.o(i.LoRa_setSpreadingFactor) for LoRa_setSpreadingFactor
    lora.o(i.LoRa_Config) refers to lora.o(i.LoRa_setAutoLDO) for LoRa_setAutoLDO
    lora.o(i.LoRa_getRSSI) refers to lora.o(i.LoRa_read) for LoRa_read
    lora.o(i.LoRa_gotoMode) refers to lora.o(i.LoRa_read) for LoRa_read
    lora.o(i.LoRa_gotoMode) refers to lora.o(i.LoRa_write) for LoRa_write
    lora.o(i.LoRa_read) refers to lora.o(i.LoRa_readReg) for LoRa_readReg
    lora.o(i.LoRa_readReg) refers to stm32f1xx_hal_gpio.o(i.HAL_GPIO_WritePin) for HAL_GPIO_WritePin
    lora.o(i.LoRa_readReg) refers to stm32f1xx_hal_spi.o(i.HAL_SPI_Transmit) for HAL_SPI_Transmit
    lora.o(i.LoRa_readReg) refers to stm32f1xx_hal_spi.o(i.HAL_SPI_GetState) for HAL_SPI_GetState
    lora.o(i.LoRa_readReg) refers to stm32f1xx_hal_spi.o(i.HAL_SPI_Receive) for HAL_SPI_Receive
    lora.o(i.LoRa_receive) refers to lora.o(i.LoRa_gotoMode) for LoRa_gotoMode
    lora.o(i.LoRa_receive) refers to lora.o(i.LoRa_read) for LoRa_read
[...]
    FLASH_SetErrorCode                       0x080006fd   Thumb Code    84  stm32f1xx_hal_flash.o(i.FLASH_SetErrorCode)
    i.FLASH_WaitForLastOperation             0x08000758   Section        0  stm32f1xx_hal_flash.o(i.FLASH_WaitForLastOperation)
    i.Flash_Erase                            0x080007ac   Section        0  flash.o(i.Flash_Erase)
    i.Flash_Read_Array                       0x080007d2   Section        0  flash.o(i.Flash_Read_Array)
    i.Flash_Read_Struct                      0x080007ee   Section        0  flash.o(i.Flash_Read_Struct)
    i.Flash_Write_Array                      0x080007f4   Section        0  flash.o(i.Flash_Write_Array)
    i.Flash_Write_Struct                     0x0800082a   Section        0  flash.o(i.Flash_Write_Struct)
    i.GetTimeUs                              0x08000838   Section        0  main.o(i.GetTimeUs)
    i.Get_Offset                             0x08000858   Section        0  main.o(i.Get_Offset)
    i.HAL_ADC_ConfigChannel                  0x08000914   Section        0  stm32f1xx_hal_adc.o(i.HAL_ADC_ConfigChannel)
    i.HAL_ADC_ConvCpltCallback               0x08000a10   Section        0  stm32f1xx_hal_adc.o(i.HAL_ADC_ConvCpltCallback)
    i.HAL_ADC_ConvHalfCpltCallback           0x08000a12   Section        0  stm32f1xx_hal_adc.o(i.HAL_ADC_ConvHalfCpltCallback)
    i.HAL_ADC_ErrorCallback                  0x08000a14   Section        0  stm32f1xx_hal_adc.o(i.HAL_ADC_ErrorCallback)
    i.HAL_ADC_Init                           0x08000a18   Section        0  stm32f1xx_hal_adc.o(i.HAL_ADC_Init)
    i.HAL_ADC_MspInit                        0x08000b34   Section        0  stm32f1xx_hal_msp.o(i.HAL_ADC_MspInit)
    i.HAL_ADC_Start_DMA                      0x08000bc0   Section        0  stm32f1xx_hal_adc.o(i.HAL_ADC_Start_DMA)
    i.HAL_DMA_Abort                          0x08000ccc   Section        0  stm32f1xx_hal_dma.o(i.HAL_DMA_Abort)
    i.HAL_DMA_Abort_IT                       0x08000d14   Section        0  stm32f1xx_hal_dma.o(i.HAL_DMA_Abort_IT)
    i.HAL_DMA_IRQHandler                     0x08000dac   Section        0  stm32f1xx_hal_dma.o(i.HAL_DMA_IRQHandler)
    i.HAL_DMA_Init                           0x08000f00   Section        0  stm32f1xx_hal_dma.o(i.HAL_DMA_Init)
    i.HAL_DMA_Start_IT                       0x08000f5c   Section        0  stm32f1xx_hal_dma.o(i.HAL_DMA_Start_IT)
    i.HAL_Delay                              0x08000fcc   Section        0  stm32f1xx_hal.o(i.HAL_Delay)
    i.HAL_FLASHEx_Erase                      0x08000ff0   Section        0  stm32f1xx_hal_flash_ex.o(i.HAL_FLASHEx_Erase)
    i.HAL_FLASH_Lock                         0x08001098   Section        0  stm32f1xx_hal_flash.o(i.HAL_FLASH_Lock)
    i.HAL_FLASH_Program                      0x080010ac   Section        0  stm32f1xx_hal_flash.o(i.HAL_FLASH_Program)
    i.HAL_FLASH_Unlock                       0x0800112c   Section        0  stm32f1xx_hal_flash.o(i.HAL_FLASH_Unlock)
    i.HAL_GPIO_EXTI_Callback                 0x08001154   Section        0  main.o(i.HAL_GPIO_EXTI_Callback)
    i.HAL_GPIO_EXTI_IRQHandler               0x08001174   Section        0  stm32f1xx_hal_gpio.o(i.HAL_GPIO_EXTI_IRQHandler)
    i.HAL_GPIO_Init                          0x0800118c   Section        0  stm32f1xx_hal_gpio.o(i.HAL_GPIO_Init)
    i.HAL_GPIO_ReadPin                       0x0800136c   Section        0  stm32f1xx_hal_gpio.o(i.HAL_GPIO_ReadPin)
    i.HAL_GPIO_WritePin                      0x08001376   Section        0  stm32f1xx_hal_gpio.o(i.HAL_GPIO_WritePin)
    i.HAL_GetTick                            0x08001380   Section        0  stm32f1xx_hal.o(i.HAL_GetTick)
    i.HAL_IncTick                            0x0800138c   Section        0  stm32f1xx_hal.o(i.HAL_IncTick)
    i.HAL_Init                               0x0800139c   Section        0  stm32f1xx_hal.o(i.HAL_Init)
    i.HAL_InitTick                           0x080013c0   Section        0  stm32f1xx_hal.o(i.HAL_InitTick)
    i.HAL_MspInit                            0x08001400   Section        0  stm32f1xx_hal_msp.o(i.HAL_MspInit)
    i.HAL_NVIC_EnableIRQ                     0x0800143c   Section        0  stm32f1xx_hal_cortex.o(i.HAL_NVIC_EnableIRQ)
    i.HAL_NVIC_SetPriority                   0x08001458   Section        0  stm32f1xx_hal_cortex.o(i.HAL_NVIC_SetPriority)
    i.HAL_NVIC_SetPriorityGrouping           0x08001498   Section        0  stm32f1xx_hal_cortex.o(i.HAL_NVIC_SetPriorityGrouping)
    i.HAL_RCCEx_PeriphCLKConfig              0x080014bc   Section        0  stm32f1xx_hal_rcc_ex.o(i.HAL_RCCEx_PeriphCLKConfig)
    i.HAL_RCC_ClockConfig                    0x080015a8   Section        0  stm32f1xx_hal_rcc.o(i.HAL_RCC_ClockConfig)
    i.HAL_RCC_GetPCLK1Freq                   0x080016d4   Section        0  stm32f1xx_hal_rcc.o(i.HAL_RCC_GetPCLK1Freq)
    i.HAL_RCC_GetPCLK2Freq                   0x080016f4   Section        0  stm32f1xx_hal_rcc.o(i.HAL_RCC_GetPCLK2Freq)
    i.HAL_RCC_GetSysClockFreq                0x08001714   Section        0  stm32f1xx_hal_rcc.o(i.HAL_RCC_GetSysClockFreq)
    i.HAL_RCC_OscConfig                      0x08001760   Section        0  stm32f1xx_hal_rcc.o(i.HAL_RCC_OscConfig)
    i.HAL_SPI_GetState                       0x08001a80   Section        0  stm32f1xx_hal_spi.o(i.HAL_SPI_GetState)
    i.HAL_SPI_Init                           0x08001a86   Section        0  stm32f1xx_hal_spi.o(i.HAL_SPI_Init)
    i.HAL_SPI_MspInit                        0x08001b38   Section        0  stm32f1xx_hal_msp.o(i.HAL_SPI_MspInit)
    i.HAL_SPI_Receive                        0x08001ba8   Section        0  stm32f1xx_hal_spi.o(i.HAL_SPI_Receive)
    i.HAL_SPI_Transmit                       0x08001cfc   Section        0  stm32f1xx_hal_spi.o(i.HAL_SPI_Transmit)
    i.HAL_SPI_TransmitReceive                0x08001e62   Section        0  stm32f1xx_hal_spi.o(i.HAL_SPI_TransmitReceive)
    i.HAL_SYSTICK_Config                     0x08002052   Section        0  stm32f1xx_hal_cortex.o(i.HAL_SYSTICK_Config)
    i.HAL_TIMEx_BreakCallback                0x0800207a   Section        0  stm32f1xx_hal_tim_ex.o(i.HAL_TIMEx_BreakCallback)
    i.HAL_TIMEx_CommutCallback               0x0800207c   Section        0  stm32f1xx_hal_tim_ex.o(i.HAL_TIMEx_CommutCallback)
    i.HAL_TIMEx_MasterConfigSynchronization  0x08002080   Section        0  stm32f1xx_hal_tim_ex.o(i.HAL_TIMEx_MasterConfigSynchronization)
    i.HAL_TIM_Base_Init                      0x080020e8   Section        0  stm32f1xx_hal_tim.o(i.HAL_TIM_Base_Init)
    i.HAL_TIM_Base_MspInit                   0x08002144   Section        0  stm32f1xx_hal_msp.o(i.HAL_TIM_Base_MspInit)
    i.HAL_TIM_Base_Start_IT                  0x08002200   Section        0  stm32f1xx_hal_tim.o(i.HAL_TIM_Base_Start_IT)
    i.HAL_TIM_ConfigClockSource              0x08002258   Section        0  stm32f1xx_hal_tim.o(i.HAL_TIM_ConfigClockSource)
    i.HAL_TIM_IC_CaptureCallback             0x08002334   Section        0  stm32f1xx_hal_tim.o(i.HAL_TIM_IC_CaptureCallback)
    i.HAL_TIM_IC_ConfigChannel               0x08002336   Section        0  stm32f1xx_hal_tim.o(i.HAL_TIM_IC_ConfigChannel)
    i.HAL_TIM_IC_Init                        0x0800245a   Section        0  stm32f1xx_hal_tim.o(i.HAL_TIM_IC_Init)
    i.HAL_TIM_IC_MspInit                     0x080024b4   Section        0  stm32f1xx_hal_tim.o(i.HAL_TIM_IC_MspInit)
    i.HAL_TIM_IRQHandler                     0x080024b6   Section        0  stm32f1xx_hal_tim.o(i.HAL_TIM_IRQHandler)
    i.HAL_TIM_OC_DelayElapsedCallback        0x080025e6   Section        0  stm32f1xx_hal_tim.o(i.HAL_TIM_OC_DelayElapsedCallback)
    i.HAL_TIM_PWM_PulseFinishedCallback      0x080025e8   Section        0  stm32f1xx_hal_tim.o(i.HAL_TIM_PWM_PulseFinishedCallback)
    i.HAL_TIM_PeriodElapsedCallback          0x080025ec   Section        0  main.o(i.HAL_TIM_PeriodElapsedCallback)
    i.HAL_TIM_TriggerCallback                0x08002648   Section        0  stm32f1xx_hal_tim.o(i.HAL_TIM_TriggerCallback)
    i.HAL_UARTEx_RxEventCallback             0x0800264a   Section        0  stm32f1xx_hal_uart.o(i.HAL_UARTEx_RxEventCallback)
    i.HAL_UART_ErrorCallback                 0x0800264c   Section        0  stm32f1xx_hal_uart.o(i.HAL_UART_ErrorCallback)
    i.HAL_UART_IRQHandler                    0x08002650   Section        0  stm32f1xx_hal_uart.o(i.HAL_UART_IRQHandler)
    i.HAL_UART_Init                          0x080028bc   Section        0  stm32f1xx_hal_uart.o(i.HAL_UART_Init)
    i.HAL_UART_MspInit                       0x08002920   Section        0  stm32f1xx_hal_msp.o(i.HAL_UART_MspInit)
    i.HAL_UART_RxCpltCallback                0x080029d0   Section        0  stm32f1xx_hal_uart.o(i.HAL_UART_RxCpltCallback)
    i.HAL_UART_TxCpltCallback                0x080029d2   Section        0  stm32f1xx_hal_uart.o(i.HAL_UART_TxCpltCallback)
    i.Handle_Buzzer                          0x080029d4   Section        0  main.o(i.Handle_Buzzer)
    i.Handle_LED                             0x08002a20   Section        0  main.o(i.Handle_LED)
    i.Handle_LoRa_RX                         0x08002abc   Section        0  main.o(i.Handle_LoRa_RX)
    i.HardFault_Handler                      0x08002c34   Section        0  stm32f1xx_it.o(i.HardFault_Handler)
    i.LoRa_Config                            0x08002c36   Section        0  lora.o(i.LoRa_Config)
    i.LoRa_gotoMode                          0x08002d1a   Section        0  lora.o(i.LoRa_gotoMode)
    i.LoRa_read                              0x08002da0   Section        0  lora.o(i.LoRa_read)
    i.LoRa_readReg                           0x08002dbe   Section        0  lora.o(i.LoRa_readReg)
    i.LoRa_receive                           0x08002e16   Section        0  lora.o(i.LoRa_receive)
    i.LoRa_reset                             0x08002e92   Section        0  lora.o(i.LoRa_reset)
    i.LoRa_setAutoLDO                        0x08002ebc   Section        0  lora.o(i.LoRa_setAutoLDO)
    i.LoRa_setFrequency                      0x08002f08   Section        0  lora.o(i.LoRa_setFrequency)
    i.LoRa_setLowDaraRateOptimization        0x08002f48   Section        0  lora.o(i.LoRa_setLowDaraRateOptimization)
    i.LoRa_setOCP                            0x08002f72   Section        0  lora.o(i.LoRa_setOCP)
    i.LoRa_setPower                          0x08002fb0   Section        0  lora.o(i.LoRa_setPower)
    i.LoRa_setSpreadingFactor                0x08002fc4   Section        0  lora.o(i.LoRa_setSpreadingFactor)
    i.LoRa_setTOMsb_setCRCon                 0x08003004   Section        0  lora.o(i.LoRa_setTOMsb_setCRCon)
    i.LoRa_startReceiving                    0x08003024   Section        0  lora.o(i.LoRa_startReceiving)
    i.LoRa_write                             0x0800302a   Section        0  lora.o(i.LoRa_write)
    i.LoRa_writeReg                          0x08003048   Section        0  lora.o(i.LoRa_writeReg)
    i.Load_Infor_Func                        0x080030a0   Section        0  flash.o(i.Load_Infor_Func)
    i.Lora_Init                              0x0800317c   Section        0  lora.o(i.Lora_Init)
    i.MA_Init                                0x080031c0   Section        0  main.o(i.MA_Init)
    i.MA_Update                              0x080031ee   Section        0  main.o(i.MA_Update)
    i.MX_ADC1_Init                           0x08003234   Section        0  main.o(i.MX_ADC1_Init)
    MX_ADC1_Init                             0x08003235   Thumb Code    96  main.o(i.MX_ADC1_Init)
    i.MX_GPIO_Init                           0x0800329c   Section        0  main.o(i.MX_GPIO_Init)
    MX_GPIO_Init                             0x0800329d   Thumb Code   292  main.o(i.MX_GPIO_Init)
    i.MX_SPI1_Init                           0x080033d4   Section        0  main.o(i.MX_SPI1_Init)
    MX_SPI1_Init                             0x080033d5   Thumb Code    58  main.o(i.MX_SPI1_Init)
    i.MX_TIM1_Init                           0x08003418   Section        0  main.o(i.MX_TIM1_Init)
    MX_TIM1_Init                             0x08003419   Thumb Code    96  main.o(i.MX_TIM1_Init)
    i.MX_TIM2_Init                           0x08003480   Section        0  main.o(i.MX_TIM2_Init)
    MX_TIM2_Init                             0x08003481   Thumb Code   140  main.o(i.MX_TIM2_Init)
    i.MX_TIM3_Init                           0x08003510   Section        0  main.o(i.MX_TIM3_Init)
    MX_TIM3_Init                             0x08003511   Thumb Code    94  main.o(i.MX_TIM3_Init)
    i.MemManage_Handler                      0x08003578   Section        0  stm32f1xx_it.o(i.MemManage_Handler)
    i.NMI_Handler                            0x0800357a   Section        0  stm32f1xx_it.o(i.NMI_Handler)
    i.OFF_LED_STATUS                         0x0800357c   Section        0  main.o(i.OFF_LED_STATUS)
    i.ON_LED_STATUS_G                        0x080035a0   Section        0  main.o(i.ON_LED_STATUS_G)
    i.ON_LED_STATUS_R                        0x080035c0   Section        0  main.o(i.ON_LED_STATUS_R)
    i.PendSV_Handler                         0x080035e4   Section        0  stm32f1xx_it.o(i.PendSV_Handler)
    i.Phase_init                             0x080035e6   Section        0  main.o(i.Phase_init)
    i.Process_Phase_ZC                       0x08003620   Section        0  main.o(i.Process_Phase_ZC)
    Process_Phase_ZC                         0x08003621   Thumb Code   268  main.o(i.Process_Phase_ZC)
    i.SPI_EndRxTransaction                   0x0800372c   Section        0  stm32f1xx_hal_spi.o(i.SPI_EndRxTransaction)
    SPI_EndRxTransaction                     0x0800372d   Thumb Code    92  stm32f1xx_hal_spi.o(i.SPI_EndRxTransaction)
    i.SPI_EndRxTxTransaction                 0x08003788   Section        0  stm32f1xx_hal_spi.o(i.SPI_EndRxTxTransaction)
    SPI_EndRxTxTransaction                   0x08003789   Thumb Code    52  stm32f1xx_hal_spi.o(i.SPI_EndRxTxTransaction)
    i.SPI_WaitFlagStateUntilTimeout          0x080037bc   Section        0  stm32f1xx_hal_spi.o(i.SPI_WaitFlagStateUntilTimeout)
    SPI_WaitFlagStateUntilTimeout            0x080037bd   Thumb Code   180  stm32f1xx_hal_spi.o(i.SPI_WaitFlagStateUntilTimeout)
    i.SVC_Handler                            0x08003874   Section        0  stm32f1xx_it.o(i.SVC_Handler)
    i.SysTick_Handler                        0x08003876   Section        0  stm32f1xx_it.o(i.SysTick_Handler)
    i.SystemClock_Config                     0x0800387a   Section        0  main.o(i.SystemClock_Config)
    i.SystemInit                             0x080038f2   Section        0  system_stm32f1xx.o(i.SystemInit)
    i.TIM1_UP_IRQHandler                     0x080038f4   Section        0  stm32f1xx_it.o(i.TIM1_UP_IRQHandler)
    i.TIM3_IRQHandler                        0x08003900   Section        0  stm32f1xx_it.o(i.TIM3_IRQHandler)
    i.TIM_Base_SetConfig                     0x0800390c   Section        0  stm32f1xx_hal_tim.o(i.TIM_Base_SetConfig)
    i.TIM_ETR_SetConfig                      0x08003984   Section        0  stm32f1xx_hal_tim.o(i.TIM_ETR_SetConfig)
    i.TIM_ITRx_SetConfig                     0x08003998   Section        0  stm32f1xx_hal_tim.o(i.TIM_ITRx_SetConfig)
    TIM_ITRx_SetConfig                       0x08003999   Thumb Code    16  stm32f1xx_hal_tim.o(i.TIM_ITRx_SetConfig)
    i.TIM_TI1_ConfigInputStage               0x080039a8   Section        0  stm32f1xx_hal_tim.o(i.TIM_TI1_ConfigInputStage)
    TIM_TI1_ConfigInputStage                 0x080039a9   Thumb Code    34  stm32f1xx_hal_tim.o(i.TIM_TI1_ConfigInputStage)
    i.TIM_TI1_SetConfig                      0x080039cc   Section        0  stm32f1xx_hal_tim.o(i.TIM_TI1_SetConfig)
    i.TIM_TI2_ConfigInputStage               0x08003a24   Section        0  stm32f1xx_hal_tim.o(i.TIM_TI2_ConfigInputStage)
    TIM_TI2_ConfigInputStage                 0x08003a25   Thumb Code    36  stm32f1xx_hal_tim.o(i.TIM_TI2_ConfigInputStage)
    i.TIM_TI2_SetConfig                      0x08003a48   Section        0  stm32f1xx_hal_tim.o(i.TIM_TI2_SetConfig)
    TIM_TI2_SetConfig                        0x08003a49   Thumb Code    54  stm32f1xx_hal_tim.o(i.TIM_TI2_SetConfig)
    i.UART_DMAAbortOnError                   0x08003a7e   Section        0  stm32f1xx_hal_uart.o(i.UART_DMAAbortOnError)
    UART_DMAAbortOnError                     0x08003a7f   Thumb Code    16  stm32f1xx_hal_uart.o(i.UART_DMAAbortOnError)
    i.UART_EndRxTransfer                     0x08003a8e   Section        0  stm32f1xx_hal_uart.o(i.UART_EndRxTransfer)
    UART_EndRxTransfer                       0x08003a8f   Thumb Code    78  stm32f1xx_hal_uart.o(i.UART_EndRxTransfer)
    i.UART_Receive_IT                        0x08003adc   Section        0  stm32f1xx_hal_uart.o(i.UART_Receive_IT)
    UART_Receive_IT                          0x08003add   Thumb Code   194  stm32f1xx_hal_uart.o(i.UART_Receive_IT)
    i.UART_SetConfig                         0x08003ba0   Section        0  stm32f1xx_hal_uart.o(i.UART_SetConfig)
    UART_SetConfig                           0x08003ba1   Thumb Code   178  stm32f1xx_hal_uart.o(i.UART_SetConfig)
    i.USART1_IRQHandler                      0x08003c58   Section        0  stm32f1xx_it.o(i.USART1_IRQHandler)
    i.Update_NEW_Infor                       0x08003c64   Section        0  flash.o(i.Update_NEW_Infor)
    i.UsageFault_Handler                     0x08003ccc   Section        0  stm32f1xx_it.o(i.UsageFault_Handler)
    i.__NVIC_SetPriority                     0x08003cce   Section        0  stm32f1xx_hal_cortex.o(i.__NVIC_SetPriority)
    __NVIC_SetPriority                       0x08003ccf   Thumb Code    32  stm32f1xx_hal_cortex.o(i.__NVIC_SetPriority)
    i.main                                   0x08003cf0   Section        0  main.o(i.main)
    x$fpl$dadd                               0x08003f8c   Section      336  daddsub_clz.o(x$fpl$dadd)
    _dadd1                                   0x08003f9d   Thumb Code     0  daddsub_clz.o(x$fpl$dadd)
    x$fpl$dcmpinf                            0x080040dc   Section       24  dcmpi.o(x$fpl$dcmpinf)
    x$fpl$ddiv                               0x080040f4   Section      688  ddiv.o(x$fpl$ddiv)
    ddiv_entry                               0x080040fb   Thumb Code     0  ddiv.o(x$fpl$ddiv)
    x$fpl$dfix                               0x080043a4   Section       94  dfix.o(x$fpl$dfix)
    x$fpl$dflt                               0x08004402   Section       46  dflt_clz.o(x$fpl$dflt)
    x$fpl$dleqf                              0x08004430   Section      120  dleqf.o(x$fpl$dleqf)
    x$fpl$dnaninf                            0x080044a8   Section      156  dnaninf.o(x$fpl$dnaninf)
    x$fpl$dretinf                            0x08004544   Section       12  dretinf.o(x$fpl$dretinf)
    x$fpl$drleqf                             0x08004550   Section      108  drleqf.o(x$fpl$drleqf)
    x$fpl$dsub                               0x080045bc   Section      468  daddsub_clz.o(x$fpl$dsub)
    _dsub1                                   0x080045cd   Thumb Code     0  daddsub_clz.o(x$fpl$dsub)
    x$fpl$f2d                                0x08004790   Section       86  f2d.o(x$fpl$f2d)
    x$fpl$fdiv                               0x080047e8   Section      388  fdiv.o(x$fpl$fdiv)
    _fdiv1                                   0x080047e9   Thumb Code     0  fdiv.o(x$fpl$fdiv)
    x$fpl$ffltu                              0x0800496c   Section       38  fflt_clz.o(x$fpl$ffltu)
    x$fpl$fmul                               0x08004994   Section      258  fmul.o(x$fpl$fmul)
    x$fpl$fnaninf                            0x08004a96   Section      140  fnaninf.o(x$fpl$fnaninf)
    x$fpl$fretinf                            0x08004b22   Section       10  fretinf.o(x$fpl$fretinf)
    x$fpl$usenofp                            0x08004b2c   Section        0  usenofp.o(x$fpl$usenofp)
    .constdata                               0x08004b30   Section       80  lora.o(.constdata)
    .constdata                               0x08004b80   Section       18  stm32f1xx_hal_rcc.o(.constdata)
    aPredivFactorTable                       0x08004b80   Data           2  stm32f1xx_hal_rcc.o(.constdata)
    aPLLMULFactorTable                       0x08004b82   Data          16  stm32f1xx_hal_rcc.o(.constdata)
    .constdata                               0x08004b92   Section       16  system_stm32f1xx.o(.constdata)
    .constdata                               0x08004ba2   Section        8  system_stm32f1xx.o(.constdata)
    .data                                    0x20000000   Section       60  main.o(.data)
    .data                                    0x2000003c   Section       12  flash.o(.data)
    .data                                    0x20000048   Section       12  stm32f1xx_hal.o(.data)
    .data                                    0x20000054   Section        4  system_stm32f1xx.o(.data)
    .bss                                     0x20000058   Section      972  main.o(.bss)
    .bss                                     0x20000424   Section       68  main.o(.bss)
    .bss                                     0x20000468   Section       68  main.o(.bss)
    .bss                                     0x200004ac   Section       12  flash.o(.bss)
    .bss                                     0x200004b8   Section       32  stm32f1xx_hal_flash.o(.bss)
    .bss                                     0x200004d8   Section       96  libspace.o(.bss)
    HEAP                                     0x20000538   Section      512  startup_stm32f103xb.o(HEAP)
    Heap_Mem                                 0x20000538   Data         512  startup_stm32f103xb.o(HEAP)
    STACK                                    0x20000738   Section     1024  startup_stm32f103xb.o(STACK)
    Stack_Mem                                0x20000738   Data        1024  startup_stm32f103xb.o(STACK)
    __initial_sp                             0x20000b38   Data           0  startup_stm32f103xb.o(STACK)

    Global Symbols

    Symbol Name                              Value     Ov Type        Size  Object(Section)

    BuildAttributes$$THM_ISAv4$P$D$K$B$S$PE$A:L22UL41UL21$X:L11$S22US41US21$IEEE1$IW$USESV6$~STKCKD$USESV7$~SHL$OSPACE$ROPI$EBA8$UX$STANDARDLIB$REQ8$PRES8$EABIv2 0x00000000   Number         0  anon$$obj.o ABSOLUTE
    __ARM_use_no_argv                        0x00000000   Number         0  main.o ABSOLUTE
    __ARM_exceptions_init                     - Undefined Weak Reference
    __alloca_initialize                       - Undefined Weak Reference
    __arm_preinit_                            - Undefined Weak Reference
    __cpp_initialize__aeabi_                  - Undefined Weak Reference
    __cxa_finalize                            - Undefined Weak Reference
    __rt_locale                               - Undefined Weak Reference
    __sigvec_lookup                           - Undefined Weak Reference
    _atexit_init                              - Undefined Weak Reference
    _call_atexit_fns                          - Undefined Weak Reference
    _clock_init                               - Undefined Weak Reference
    _fp_trap_init                             - Undefined Weak Reference
    _fp_trap_shutdown                         - Undefined Weak Reference
    _get_lc_collate                           - Undefined Weak Reference
    _get_lc_ctype                             - Undefined Weak Reference
    _get_lc_monetary                          - Undefined Weak Reference
    _get_lc_numeric                           - Undefined Weak Reference
    _get_lc_time                              - Undefined Weak Reference
    _getenv_init                              - Undefined Weak Reference
    _handle_redirection                       - Undefined Weak Reference
    _init_alloc                               - Undefined Weak Reference
    _init_user_alloc                          - Undefined Weak Reference
    _initio                                   - Undefined Weak Reference
    _rand_init                                - Undefined Weak Reference
    _signal_finish                            - Undefined Weak Reference
    _signal_init                              - Undefined Weak Reference
    _terminate_alloc                          - Undefined Weak Reference
    _terminate_user_alloc                     - Undefined Weak Reference
    _terminateio                              - Undefined Weak Reference
    __Vectors_Size                           0x000000ec   Number         0  startup_stm32f103xb.o ABSOLUTE
    __Vectors                                0x08000000   Data           4  startup_stm32f103xb.o(RESET)
    __Vectors_End                            0x080000ec   Data           0  startup_stm32f103xb.o(RESET)
    __main                                   0x080000ed   Thumb Code     8  __main.o(!!!main)
    __scatterload                            0x080000f5   Thumb Code     0  __scatter.o(!!!scatter)
    __scatterload_rt2                        0x080000f5   Thumb Code    44  __scatter.o(!!!scatter)
    __scatterload_rt2_thumb_only             0x080000f5   Thumb Code     0  __scatter.o(!!!scatter)
    __scatterload_null                       0x08000103   Thumb Code     0  __scatter.o(!!!scatter)
    __scatterload_copy                       0x08000129   Thumb Code    26  __scatter_copy.o(!!handler_copy)
    __scatterload_zeroinit                   0x08000145   Thumb Code    28  __scatter_zi.o(!!handler_zi)
    __rt_lib_init                            0x08000161   Thumb Code     0  libinit.o(.ARM.Collect$$libinit$$00000000)
    __rt_lib_init_alloca_1                   0x08000163   Thumb Code     0  libinit2.o(.ARM.Collect$$libinit$$0000002E)
    __rt_lib_init_argv_1                     0x08000163   Thumb Code     0  libinit2.o(.ARM.Collect$$libinit$$0000002C)
    __rt_lib_init_atexit_1                   0x08000163   Thumb Code     0  libinit2.o(.ARM.Collect$$libinit$$0000001B)
    __rt_lib_init_clock_1                    0x08000163   Thumb Code     0  libinit2.o(.ARM.Collect$$libinit$$00000021)
    __rt_lib_init_cpp_1                      0x08000163   Thumb Code     0  libinit2.o(.ARM.Collect$$libinit$$00000032)
    __rt_lib_init_exceptions_1               0x08000163   Thumb Code     0  libinit2.o(.ARM.Collect$$libinit$$00000030)
    __rt_lib_init_fp_1                       0x08000163   Thumb Code     0  libinit2.o(.ARM.Collect$$libinit$$00000002)
    __rt_lib_init_fp_trap_1                  0x08000163   Thumb Code     0  libinit2.o(.ARM.Collect$$libinit$$0000001F)
    __rt_lib_init_getenv_1                   0x08000163   Thumb Code     0  libinit2.o(.ARM.Collect$$libinit$$00000023)
    __rt_lib_init_heap_1                     0x08000163   Thumb Code     0  libinit2.o(.ARM.Collect$$libinit$$0000000A)
    __rt_lib_init_lc_collate_1               0x08000163   Thumb Code     0  libinit2.o(.ARM.Collect$$libinit$$00000011)
    __rt_lib_init_lc_ctype_1                 0x08000163   Thumb Code     0  libinit2.o(.ARM.Collect$$libinit$$00000013)
    __rt_lib_init_lc_monetary_1              0x08000163   Thumb Code     0  libinit2.o(.ARM.Collect$$libinit$$00000015)
    __rt_lib_init_lc_numeric_1               0x08000163   Thumb Code     0  libinit2.o(.ARM.Collect$$libinit$$00000017)
    __rt_lib_init_lc_time_1                  0x08000163   Thumb Code     0  libinit2.o(.ARM.Collect$$libinit$$00000019)
    __rt_lib_init_preinit_1                  0x08000163   Thumb Code     0  libinit2.o(.ARM.Collect$$libinit$$00000004)
    __rt_lib_init_rand_1                     0x08000163   Thumb Code     0  libinit2.o(.ARM.Collect$$libinit$$0000000E)
    __rt_lib_init_return                     0x08000163   Thumb Code     0  libinit2.o(.ARM.Collect$$libinit$$00000033)
    __rt_lib_init_signal_1                   0x08000163   Thumb Code     0  libinit2.o(.ARM.Collect$$libinit$$0000001D)
    __rt_lib_init_stdio_1                    0x08000163   Thumb Code     0  libinit2.o(.ARM.Collect$$libinit$$00000025)
    __rt_lib_init_user_alloc_1               0x08000163   Thumb Code     0  libinit2.o(.ARM.Collect$$libinit$$0000000C)
    __rt_lib_shutdown                        0x08000165   Thumb Code     0  libshutdown.o(.ARM.Collect$$libshutdown$$00000000)
    __rt_lib_shutdown_cpp_1                  0x08000167   Thumb Code     0  libshutdown2.o(.ARM.Collect$$libshutdown$$00000002)
    __rt_lib_shutdown_fp_trap_1              0x08000167   Thumb Code     0  libshutdown2.o(.ARM.Collect$$libshutdown$$00000007)
    __rt_lib_shutdown_heap_1                 0x08000167   Thumb Code     0  libshutdown2.o(.ARM.Collect$$libshutdown$$0000000F)
    __rt_lib_shutdown_return                 0x08000167   Thumb Code     0  libshutdown2.o(.ARM.Collect$$libshutdown$$00000010)
    __rt_lib_shutdown_signal_1               0x08000167   Thumb Code     0  libshutdown2.o(.ARM.Collect$$libshutdown$$0000000A)
    __rt_lib_shutdown_stdio_1                0x08000167   Thumb Code     0  libshutdown2.o(.ARM.Collect$$libshutdown$$00000004)
    __rt_lib_shutdown_user_alloc_1           0x08000167   Thumb Code     0  libshutdown2.o(.ARM.Collect$$libshutdown$$0000000C)
    __rt_entry                               0x08000169   Thumb Code     0  __rtentry.o(.ARM.Collect$$rtentry$$00000000)
    __rt_entry_presh_1                       0x08000169   Thumb Code     0  __rtentry2.o(.ARM.Collect$$rtentry$$00000002)
    __rt_entry_sh                            0x08000169   Thumb Code     0  __rtentry4.o(.ARM.Collect$$rtentry$$00000004)
    __rt_entry_li                            0x0800016f   Thumb Code     0  __rtentry2.o(.ARM.Collect$$rtentry$$0000000A)
    __rt_entry_postsh_1                      0x0800016f   Thumb Code     0  __rtentry2.o(.ARM.Collect$$rtentry$$00000009)
    __rt_entry_main                          0x08000173   Thumb Code     0  __rtentry2.o(.ARM.Collect$$rtentry$$0000000D)
    __rt_entry_postli_1                      0x08000173   Thumb Code     0  __rtentry2.o(.ARM.Collect$$rtentry$$0000000C)
    __rt_exit                                0x0800017b   Thumb Code     0  rtexit.o(.ARM.Collect$$rtexit$$00000000)
    __rt_exit_ls                             0x0800017d   Thumb Code     0  rtexit2.o(.ARM.Collect$$rtexit$$00000003)
    __rt_exit_prels_1                        0x0800017d   Thumb Code     0  rtexit2.o(.ARM.Collect$$rtexit$$00000002)
    __rt_exit_exit                           0x08000181   Thumb Code     0  rtexit2.o(.ARM.Collect$$rtexit$$00000004)
    Reset_Handler                            0x08000189   Thumb Code     8  startup_stm32f103xb.o(.text)
    ADC1_2_IRQHandler                        0x080001a3   Thumb Code     0  startup_stm32f103xb.o(.text)
    CAN1_RX1_IRQHandler                      0x080001a3   Thumb Code     0  startup_stm32f103xb.o(.text)
    CAN1_SCE_IRQHandler                      0x080001a3   Thumb Code     0  startup_stm32f103xb.o(.text)
    DMA1_Channel2_IRQHandler                 0x080001a3   Thumb Code     0  startup_stm32f103xb.o(.text)
    DMA1_Channel3_IRQHandler                 0x080001a3   Thumb Code     0  startup_stm32f103xb.o(.text)
    DMA1_Channel5_IRQHandler                 0x080001a3   Thumb Code     0  startup_stm32f103xb.o(.text)
    DMA1_Channel6_IRQHandler                 0x080001a3   Thumb Code     0  startup_stm32f103xb.o(.text)
    DMA1_Channel7_IRQHandler                 0x080001a3   Thumb Code     0  startup_stm32f103xb.o(.text)
    EXTI0_IRQHandler                         0x080001a3   Thumb Code     0  startup_stm32f103xb.o(.text)
    EXTI15_10_IRQHandler                     0x080001a3   Thumb Code     0  startup_stm32f103xb.o(.text)
    EXTI2_IRQHandler                         0x080001a3   Thumb Code     0  startup_stm32f103xb.o(.text)
    EXTI3_IRQHandler                         0x080001a3   Thumb Code     0  startup_stm32f103xb.o(.text)
    EXTI4_IRQHandler                         0x080001a3   Thumb Code     0  startup_stm32f103xb.o(.text)
    FLASH_IRQHandler                         0x080001a3   Thumb Code     0  startup_stm32f103xb.o(.text)
    I2C1_ER_IRQHandler                       0x080001a3   Thumb Code     0  startup_stm32f103xb.o(.text)
    I2C1_EV_IRQHandler                       0x080001a3   Thumb Code     0  startup_stm32f103xb.o(.text)
    I2C2_ER_IRQHandler                       0x080001a3   Thumb Code     0  startup_stm32f103xb.o(.text)
    I2C2_EV_IRQHandler                       0x080001a3   Thumb Code     0  startup_stm32f103xb.o(.text)
    PVD_IRQHandler                           0x080001a3   Thumb Code     0  startup_stm32f103xb.o(.text)
    RCC_IRQHandler                           0x080001a3   Thumb Code     0  startup_stm32f103xb.o(.text)
    RTC_Alarm_IRQHandler                     0x080001a3   Thumb Code     0  startup_stm32f103xb.o(.text)
    RTC_IRQHandler                           0x080001a3   Thumb Code     0  startup_stm32f103xb.o(.text)
    SPI1_IRQHandler                          0x080001a3   Thumb Code     0  startup_stm32f103xb.o(.text)
    SPI2_IRQHandler                          0x080001a3   Thumb Code     0  startup_stm32f103xb.o(.text)
    TAMPER_IRQHandler                        0x080001a3   Thumb Code     0  startup_stm32f103xb.o(.text)
    TIM1_BRK_IRQHandler                      0x080001a3   Thumb Code     0  startup_stm32f103xb.o(.text)
    TIM1_CC_IRQHandler                       0x080001a3   Thumb Code     0  startup_stm32f103xb.o(.text)
    TIM1_TRG_COM_IRQHandler                  0x080001a3   Thumb Code     0  startup_stm32f103xb.o(.text)
    TIM2_IRQHandler                          0x080001a3   Thumb Code     0  startup_stm32f103xb.o(.text)
    TIM4_IRQHandler                          0x080001a3   Thumb Code     0  startup_stm32f103xb.o(.text)
    USART2_IRQHandler                        0x080001a3   Thumb Code     0  startup_stm32f103xb.o(.text)
    USART3_IRQHandler                        0x080001a3   Thumb Code     0  startup_stm32f103xb.o(.text)
    USBWakeUp_IRQHandler                     0x080001a3   Thumb Code     0  startup_stm32f103xb.o(.text)
    USB_HP_CAN1_TX_IRQHandler                0x080001a3   Thumb Code     0  startup_stm32f103xb.o(.text)
    USB_LP_CAN1_RX0_IRQHandler               0x080001a3   Thumb Code     0  startup_stm32f103xb.o(.text)
    WWDG_IRQHandler                          0x080001a3   Thumb Code     0  startup_stm32f103xb.o(.text)
    __user_initial_stackheap                 0x080001a5   Thumb Code     0  startup_stm32f103xb.o(.text)
    __aeabi_llsr                             0x080001c9   Thumb Code     0  llushr.o(.text)
    _ll_ushift_r                             0x080001c9   Thumb Code    38  llushr.o(.text)
    memcmp                                   0x080001ef   Thumb Code    88  memcmp.o(.text)
    __aeabi_memcpy4                          0x08000247   Thumb Code     0  rt_memcpy_w.o(.text)
    __aeabi_memcpy8                          0x08000247   Thumb Code     0  rt_memcpy_w.o(.text)
    __rt_memcpy_w                            0x08000247   Thumb Code   100  rt_memcpy_w.o(.text)
    _memcpy_lastbytes_aligned                0x0800028f   Thumb Code     0  rt_memcpy_w.o(.text)
    __aeabi_memclr4                          0x080002ab   Thumb Code     0  rt_memclr_w.o(.text)
    __aeabi_memclr8                          0x080002ab   Thumb Code     0  rt_memclr_w.o(.text)
    __rt_memclr_w                            0x080002ab   Thumb Code    78  rt_memclr_w.o(.text)
    _memset_w                                0x080002af   Thumb Code     0  rt_memclr_w.o(.text)
    __use_two_region_memory                  0x080002f9   Thumb Code     2  heapauxi.o(.text)
    __rt_heap_escrow$2region                 0x080002fb   Thumb Code     2  heapauxi.o(.text)
    __rt_heap_expand$2region                 0x080002fd   Thumb Code     2  heapauxi.o(.text)
    __user_setup_stackheap                   0x080002ff   Thumb Code    74  sys_stackheap_outer.o(.text)
    exit                                     0x08000349   Thumb Code    18  exit.o(.text)
    __user_libspace                          0x0800035d   Thumb Code     8  libspace.o(.text)
    __user_perproc_libspace                  0x0800035d   Thumb Code     0  libspace.o(.text)
    __user_perthread_libspace                0x0800035d   Thumb Code     0  libspace.o(.text)
    _sys_exit                                0x08000365   Thumb Code     8  sys_exit.o(.text)
    __I$use$semihosting                      0x08000371   Thumb Code     0  use_no_semi.o(.text)
    __use_no_semihosting_swi                 0x08000371   Thumb Code     2  use_no_semi.o(.text)
    __semihosting_library_function           0x08000373   Thumb Code     0  indicate_semi.o(.text)
    ADC_ConversionStop_Disable               0x08000375   Thumb Code    86  stm32f1xx_hal_adc.o(i.ADC_ConversionStop_Disable)
    ADC_DMAConvCplt                          0x080003cb   Thumb Code    78  stm32f1xx_hal_adc.o(i.ADC_DMAConvCplt)
    ADC_DMAError                             0x08000419   Thumb Code    26  stm32f1xx_hal_adc.o(i.ADC_DMAError)
    ADC_DMAHalfConvCplt                      0x08000433   Thumb Code    10  stm32f1xx_hal_adc.o(i.ADC_DMAHalfConvCplt)
    ADC_Enable                               0x0800043d   Thumb Code   114  stm32f1xx_hal_adc.o(i.ADC_Enable)
    Battery_Handle                           0x080004b9   Thumb Code   318  main.o(i.Battery_Handle)
    Battery_init                             0x0800061d   Thumb Code    34  main.o(i.Battery_init)
    BusFault_Handler                         0x0800063f   Thumb Code     2  stm32f1xx_it.o(i.BusFault_Handler)
    DMA1_Channel1_IRQHandler                 0x08000641   Thumb Code     6  stm32f1xx_it.o(i.DMA1_Channel1_IRQHandler)
    DMA1_Channel4_IRQHandler                 0x0800064d   Thumb Code     6  stm32f1xx_it.o(i.DMA1_Channel4_IRQHandler)
    DebugMon_Handler                         0x08000683   Thumb Code     2  stm32f1xx_it.o(i.DebugMon_Handler)
    EXTI1_IRQHandler                         0x08000685   Thumb Code     6  stm32f1xx_it.o(i.EXTI1_IRQHandler)
    EXTI9_5_IRQHandler                       0x0800068b   Thumb Code     8  stm32f1xx_it.o(i.EXTI9_5_IRQHandler)
    Error_Handler                            0x08000693   Thumb Code     4  main.o(i.Error_Handler)
    FLASH_PageErase                          0x080006bd   Thumb Code    28  stm32f1xx_hal_flash_ex.o(i.FLASH_PageErase)
    FLASH_WaitForLastOperation               0x08000759   Thumb Code    80  stm32f1xx_hal_flash.o(i.FLASH_WaitForLastOperation)
    Flash_Erase                              0x080007ad   Thumb Code    38  flash.o(i.Flash_Erase)
    Flash_Read_Array                         0x080007d3   Thumb Code    28  flash.o(i.Flash_Read_Array)
    Flash_Read_Struct                        0x080007ef   Thumb Code     6  flash.o(i.Flash_Read_Struct)
    Flash_Write_Array                        0x080007f5   Thumb Code    54  flash.o(i.Flash_Write_Array)
    Flash_Write_Struct                       0x0800082b   Thumb Code    12  flash.o(i.Flash_Write_Struct)
    GetTimeUs                                0x08000839   Thumb Code    22  main.o(i.GetTimeUs)
    Get_Offset                               0x08000859   Thumb Code   172  main.o(i.Get_Offset)
    HAL_ADC_ConfigChannel                    0x08000915   Thumb Code   240  stm32f1xx_hal_adc.o(i.HAL_ADC_ConfigChannel)
    HAL_ADC_ConvCpltCallback                 0x08000a11   Thumb Code     2  stm32f1xx_hal_adc.o(i.HAL_ADC_ConvCpltCallback)
    HAL_ADC_ConvHalfCpltCallback             0x08000a13   Thumb Code     2  stm32f1xx_hal_adc.o(i.HAL_ADC_ConvHalfCpltCallback)
    HAL_ADC_ErrorCallback                    0x08000a15   Thumb Code     2  stm32f1xx_hal_adc.o(i.HAL_ADC_ErrorCallback)
    HAL_ADC_Init                             0x08000a19   Thumb Code   272  stm32f1xx_hal_adc.o(i.HAL_ADC_Init)
    HAL_ADC_MspInit                          0x08000b35   Thumb Code   120  stm32f1xx_hal_msp.o(i.HAL_ADC_MspInit)
    HAL_ADC_Start_DMA                        0x08000bc1   Thumb Code   246  stm32f1xx_hal_adc.o(i.HAL_ADC_Start_DMA)
    HAL_DMA_Abort                            0x08000ccd   Thumb Code    70  stm32f1xx_hal_dma.o(i.HAL_DMA_Abort)
    HAL_DMA_Abort_IT                         0x08000d15   Thumb Code   148  stm32f1xx_hal_dma.o(i.HAL_DMA_Abort_IT)
    HAL_DMA_IRQHandler                       0x08000dad   Thumb Code   316  stm32f1xx_hal_dma.o(i.HAL_DMA_IRQHandler)
    HAL_DMA_Init                             0x08000f01   Thumb Code    84  stm32f1xx_hal_dma.o(i.HAL_DMA_Init)
    HAL_DMA_Start_IT                         0x08000f5d   Thumb Code   112  stm32f1xx_hal_dma.o(i.HAL_DMA_Start_IT)
    HAL_Delay                                0x08000fcd   Thumb Code    32  stm32f1xx_hal.o(i.HAL_Delay)
    HAL_FLASHEx_Erase                        0x08000ff1   Thumb Code   160  stm32f1xx_hal_flash_ex.o(i.HAL_FLASHEx_Erase)
    HAL_FLASH_Lock                           0x08001099   Thumb Code    14  stm32f1xx_hal_flash.o(i.HAL_FLASH_Lock)
    HAL_FLASH_Program                        0x080010ad   Thumb Code   120  stm32f1xx_hal_flash.o(i.HAL_FLASH_Program)
    HAL_FLASH_Unlock                         0x0800112d   Thumb Code    28  stm32f1xx_hal_flash.o(i.HAL_FLASH_Unlock)
    HAL_GPIO_EXTI_Callback                   0x08001155   Thumb Code    22  main.o(i.HAL_GPIO_EXTI_Callback)
    HAL_GPIO_EXTI_IRQHandler                 0x08001175   Thumb Code    18  stm32f1xx_hal_gpio.o(i.HAL_GPIO_EXTI_IRQHandler)
    HAL_GPIO_Init                            0x0800118d   Thumb Code   446  stm32f1xx_hal_gpio.o(i.HAL_GPIO_Init)
    HAL_GPIO_ReadPin                         0x0800136d   Thumb Code    10  stm32f1xx_hal_gpio.o(i.HAL_GPIO_ReadPin)
    HAL_GPIO_WritePin                        0x08001377   Thumb Code    10  stm32f1xx_hal_gpio.o(i.HAL_GPIO_WritePin)
    HAL_GetTick                              0x08001381   Thumb Code     6  stm32f1xx_hal.o(i.HAL_GetTick)
    HAL_IncTick                              0x0800138d   Thumb Code    12  stm32f1xx_hal.o(i.HAL_IncTick)
    HAL_Init                                 0x0800139d   Thumb Code    32  stm32f1xx_hal.o(i.HAL_Init)
    HAL_InitTick                             0x080013c1   Thumb Code    54  stm32f1xx_hal.o(i.HAL_InitTick)
    HAL_MspInit                              0x08001401   Thumb Code    52  stm32f1xx_hal_msp.o(i.HAL_MspInit)
    HAL_NVIC_EnableIRQ                       0x0800143d   Thumb Code    26  stm32f1xx_hal_cortex.o(i.HAL_NVIC_EnableIRQ)
    HAL_NVIC_SetPriority                     0x08001459   Thumb Code    60  stm32f1xx_hal_cortex.o(i.HAL_NVIC_SetPriority)
    HAL_NVIC_SetPriorityGrouping             0x08001499   Thumb Code    26  stm32f1xx_hal_cortex.o(i.HAL_NVIC_SetPriorityGrouping)
    HAL_RCCEx_PeriphCLKConfig                0x080014bd   Thumb Code   224  stm32f1xx_hal_rcc_ex.o(i.HAL_RCCEx_PeriphCLKConfig)
    HAL_RCC_ClockConfig                      0x080015a9   Thumb Code   280  stm32f1xx_hal_rcc.o(i.HAL_RCC_ClockConfig)
    HAL_RCC_GetPCLK1Freq                     0x080016d5   Thumb Code    20  stm32f1xx_hal_rcc.o(i.HAL_RCC_GetPCLK1Freq)
    HAL_RCC_GetPCLK2Freq                     0x080016f5   Thumb Code    20  stm32f1xx_hal_rcc.o(i.HAL_RCC_GetPCLK2Freq)
    HAL_RCC_GetSysClockFreq                  0x08001715   Thumb Code    58  stm32f1xx_hal_rcc.o(i.HAL_RCC_GetSysClockFreq)
    HAL_RCC_OscConfig                        0x08001761   Thumb Code   778  stm32f1xx_hal_rcc.o(i.HAL_RCC_OscConfig)
    HAL_SPI_GetState                         0x08001a81   Thumb Code     6  stm32f1xx_hal_spi.o(i.HAL_SPI_GetState)
    HAL_SPI_Init                             0x08001a87   Thumb Code   178  stm32f1xx_hal_spi.o(i.HAL_SPI_Init)
    HAL_SPI_MspInit                          0x08001b39   Thumb Code    98  stm32f1xx_hal_msp.o(i.HAL_SPI_MspInit)
    HAL_SPI_Receive                          0x08001ba9   Thumb Code   340  stm32f1xx_hal_spi.o(i.HAL_SPI_Receive)
    HAL_SPI_Transmit                         0x08001cfd   Thumb Code   358  stm32f1xx_hal_spi.o(i.HAL_SPI_Transmit)
    HAL_SPI_TransmitReceive                  0x08001e63   Thumb Code   496  stm32f1xx_hal_spi.o(i.HAL_SPI_TransmitReceive)
    HAL_SYSTICK_Config                       0x08002053   Thumb Code    40  stm32f1xx_hal_cortex.o(i.HAL_SYSTICK_Config)
    HAL_TIMEx_BreakCallback                  0x0800207b   Thumb Code     2  stm32f1xx_hal_tim_ex.o(i.HAL_TIMEx_BreakCallback)
    HAL_TIMEx_CommutCallback                 0x0800207d   Thumb Code     2  stm32f1xx_hal_tim_ex.o(i.HAL_TIMEx_CommutCallback)
    HAL_TIMEx_MasterConfigSynchronization    0x08002081   Thumb Code    92  stm32f1xx_hal_tim_ex.o(i.HAL_TIMEx_MasterConfigSynchronization)
    HAL_TIM_Base_Init                        0x080020e9   Thumb Code    90  stm32f1xx_hal_tim.o(i.HAL_TIM_Base_Init)
    HAL_TIM_Base_MspInit                     0x08002145   Thumb Code   168  stm32f1xx_hal_msp.o(i.HAL_TIM_Base_MspInit)
    HAL_TIM_Base_Start_IT                    0x08002201   Thumb Code    76  stm32f1xx_hal_tim.o(i.HAL_TIM_Base_Start_IT)
    HAL_TIM_ConfigClockSource                0x08002259   Thumb Code   220  stm32f1xx_hal_tim.o(i.HAL_TIM_ConfigClockSource)
    HAL_TIM_IC_CaptureCallback               0x08002335   Thumb Code     2  stm32f1xx_hal_tim.o(i.HAL_TIM_IC_CaptureCallback)
    HAL_TIM_IC_ConfigChannel                 0x08002337   Thumb Code   292  stm32f1xx_hal_tim.o(i.HAL_TIM_IC_ConfigChannel)
    HAL_TIM_IC_Init                          0x0800245b   Thumb Code    90  stm32f1xx_hal_tim.o(i.HAL_TIM_IC_Init)
    HAL_TIM_IC_MspInit                       0x080024b5   Thumb Code     2  stm32f1xx_hal_tim.o(i.HAL_TIM_IC_MspInit)
    HAL_TIM_IRQHandler                       0x080024b7   Thumb Code   304  stm32f1xx_hal_tim.o(i.HAL_TIM_IRQHandler)
    HAL_TIM_OC_DelayElapsedCallback          0x080025e7   Thumb Code     2  stm32f1xx_hal_tim.o(i.HAL_TIM_OC_DelayElapsedCallback)
    HAL_TIM_PWM_PulseFinishedCallback        0x080025e9   Thumb Code     2  stm32f1xx_hal_tim.o(i.HAL_TIM_PWM_PulseFinishedCallback)
    HAL_TIM_PeriodElapsedCallback            0x080025ed   Thumb Code    76  main.o(i.HAL_TIM_PeriodElapsedCallback)
    HAL_TIM_TriggerCallback                  0x08002649   Thumb Code     2  stm32f1xx_hal_tim.o(i.HAL_TIM_TriggerCallback)
    HAL_UARTEx_RxEventCallback               0x0800264b   Thumb Code     2  stm32f1xx_hal_uart.o(i.HAL_UARTEx_RxEventCallback)
    HAL_UART_ErrorCallback                   0x0800264d   Thumb Code     2  stm32f1xx_hal_uart.o(i.HAL_UART_ErrorCallback)
    HAL_UART_IRQHandler                      0x08002651   Thumb Code   616  stm32f1xx_hal_uart.o(i.HAL_UART_IRQHandler)
    HAL_UART_Init                            0x080028bd   Thumb Code   100  stm32f1xx_hal_uart.o(i.HAL_UART_Init)
    HAL_UART_MspInit                         0x08002921   Thumb Code   156  stm32f1xx_hal_msp.o(i.HAL_UART_MspInit)
    HAL_UART_RxCpltCallback                  0x080029d1   Thumb Code     2  stm32f1xx_hal_uart.o(i.HAL_UART_RxCpltCallback)
    HAL_UART_TxCpltCallback                  0x080029d3   Thumb Code     2  stm32f1xx_hal_uart.o(i.HAL_UART_TxCpltCallback)
    Handle_Buzzer                            0x080029d5   Thumb Code    68  main.o(i.Handle_Buzzer)
    Handle_LED                               0x08002a21   Thumb Code   144  main.o(i.Handle_LED)
    Handle_LoRa_RX                           0x08002abd   Thumb Code   362  main.o(i.Handle_LoRa_RX)
    HardFault_Handler                        0x08002c35   Thumb Code     2  stm32f1xx_it.o(i.HardFault_Handler)
    LoRa_Config                              0x08002c37   Thumb Code   228  lora.o(i.LoRa_Config)
    LoRa_gotoMode                            0x08002d1b   Thumb Code   134  lora.o(i.LoRa_gotoMode)
    LoRa_read                                0x08002da1   Thumb Code    30  lora.o(i.LoRa_read)
    LoRa_readReg                             0x08002dbf   Thumb Code    88  lora.o(i.LoRa_readReg)
    LoRa_receive                             0x08002e17   Thumb Code   124  lora.o(i.LoRa_receive)
    LoRa_reset                               0x08002e93   Thumb Code    40  lora.o(i.LoRa_reset)
    LoRa_setAutoLDO                          0x08002ebd   Thumb Code    70  lora.o(i.LoRa_setAutoLDO)
    LoRa_setFrequency                        0x08002f09   Thumb Code    64  lora.o(i.LoRa_setFrequency)
    LoRa_setLowDaraRateOptimization          0x08002f49   Thumb Code    42  lora.o(i.LoRa_setLowDaraRateOptimization)
    LoRa_setOCP                              0x08002f73   Thumb Code    62  lora.o(i.LoRa_setOCP)
    LoRa_setPower                            0x08002fb1   Thumb Code    20  lora.o(i.LoRa_setPower)
    LoRa_setSpreadingFactor                  0x08002fc5   Thumb Code    64  lora.o(i.LoRa_setSpreadingFactor)
    LoRa_setTOMsb_setCRCon                   0x08003005   Thumb Code    32  lora.o(i.LoRa_setTOMsb_setCRCon)
    LoRa_startReceiving                      0x08003025   Thumb Code     6  lora.o(i.LoRa_startReceiving)
    LoRa_write                               0x0800302b   Thumb Code    30  lora.o(i.LoRa_write)
    LoRa_writeReg                            0x08003049   Thumb Code    88  lora.o(i.LoRa_writeReg)
    Load_Infor_Func                          0x080030a1   Thumb Code   194  flash.o(i.Load_Infor_Func)
    Lora_Init                                0x0800317d   Thumb Code    58  lora.o(i.Lora_Init)
    MA_Init                                  0x080031c1   Thumb Code    46  main.o(i.MA_Init)
    MA_Update                                0x080031ef   Thumb Code    68  main.o(i.MA_Update)
    MemManage_Handler                        0x08003579   Thumb Code     2  stm32f1xx_it.o(i.MemManage_Handler)
    NMI_Handler                              0x0800357b   Thumb Code     2  stm32f1xx_it.o(i.NMI_Handler)
    OFF_LED_STATUS                           0x0800357d   Thumb Code    30  main.o(i.OFF_LED_STATUS)
    ON_LED_STATUS_G                          0x080035a1   Thumb Code    28  main.o(i.ON_LED_STATUS_G)
    ON_LED_STATUS_R                          0x080035c1   Thumb Code    30  main.o(i.ON_LED_STATUS_R)
    PendSV_Handler                           0x080035e5   Thumb Code     2  stm32f1xx_it.o(i.PendSV_Handler)
    Phase_init                               0x080035e7   Thumb Code    58  main.o(i.Phase_init)
    SVC_Handler                              0x08003875   Thumb Code     2  stm32f1xx_it.o(i.SVC_Handler)
    SysTick_Handler                          0x08003877   Thumb Code     4  stm32f1xx_it.o(i.SysTick_Handler)
    SystemClock_Config                       0x0800387b   Thumb Code   120  main.o(i.SystemClock_Config)
    SystemInit                               0x080038f3   Thumb Code     2  system_stm32f1xx.o(i.SystemInit)
    TIM1_UP_IRQHandler                       0x080038f5   Thumb Code     6  stm32f1xx_it.o(i.TIM1_UP_IRQHandler)
    TIM3_IRQHandler                          0x08003901   Thumb Code     6  stm32f1xx_it.o(i.TIM3_IRQHandler)
    TIM_Base_SetConfig                       0x0800390d   Thumb Code   108  stm32f1xx_hal_tim.o(i.TIM_Base_SetConfig)
    TIM_ETR_SetConfig                        0x08003985   Thumb Code    20  stm32f1xx_hal_tim.o(i.TIM_ETR_SetConfig)
    TIM_TI1_SetConfig                        0x080039cd   Thumb Code    76  stm32f1xx_hal_tim.o(i.TIM_TI1_SetConfig)
    USART1_IRQHandler                        0x08003c59   Thumb Code     6  stm32f1xx_it.o(i.USART1_IRQHandler)
    Update_NEW_Infor                         0x08003c65   Thumb Code    96  flash.o(i.Update_NEW_Infor)
    UsageFault_Handler                       0x08003ccd   Thumb Code     2  stm32f1xx_it.o(i.UsageFault_Handler)
    main                                     0x08003cf1   Thumb Code   612  main.o(i.main)
    __aeabi_dadd                             0x08003f8d   Thumb Code     0  daddsub_clz.o(x$fpl$dadd)
    _dadd                                    0x08003f8d   Thumb Code   332  daddsub_clz.o(x$fpl$dadd)
    __fpl_dcmp_Inf                           0x080040dd   Thumb Code    24  dcmpi.o(x$fpl$dcmpinf)
    __aeabi_ddiv                             0x080040f5   Thumb Code     0  ddiv.o(x$fpl$ddiv)
    _ddiv                                    0x080040f5   Thumb Code   552  ddiv.o(x$fpl$ddiv)
    __aeabi_d2iz                             0x080043a5   Thumb Code     0  dfix.o(x$fpl$dfix)
    _dfix                                    0x080043a5   Thumb Code    94  dfix.o(x$fpl$dfix)
    __aeabi_i2d                              0x08004403   Thumb Code     0  dflt_clz.o(x$fpl$dflt)
    _dflt                                    0x08004403   Thumb Code    46  dflt_clz.o(x$fpl$dflt)
    __aeabi_cdcmple                          0x08004431   Thumb Code     0  dleqf.o(x$fpl$dleqf)
    _dcmple                                  0x08004431   Thumb Code   120  dleqf.o(x$fpl$dleqf)
    __fpl_dcmple_InfNaN                      0x08004493   Thumb Code     0  dleqf.o(x$fpl$dleqf)
    __fpl_dnaninf                            0x080044a9   Thumb Code   156  dnaninf.o(x$fpl$dnaninf)
    __fpl_dretinf                            0x08004545   Thumb Code    12  dretinf.o(x$fpl$dretinf)
    __aeabi_cdrcmple                         0x08004551   Thumb Code     0  drleqf.o(x$fpl$drleqf)
    _drcmple                                 0x08004551   Thumb Code   108  drleqf.o(x$fpl$drleqf)
    __aeabi_dsub                             0x080045bd   Thumb Code     0  daddsub_clz.o(x$fpl$dsub)
    _dsub                                    0x080045bd   Thumb Code   464  daddsub_clz.o(x$fpl$dsub)
    __aeabi_f2d                              0x08004791   Thumb Code     0  f2d.o(x$fpl$f2d)
    _f2d                                     0x08004791   Thumb Code    86  f2d.o(x$fpl$f2d)
    __aeabi_fdiv                             0x080047e9   Thumb Code     0  fdiv.o(x$fpl$fdiv)
    _fdiv                                    0x080047e9   Thumb Code   384  fdiv.o(x$fpl$fdiv)
    __aeabi_ui2f                             0x0800496d   Thumb Code     0  fflt_clz.o(x$fpl$ffltu)
    _ffltu                                   0x0800496d   Thumb Code    38  fflt_clz.o(x$fpl$ffltu)
    __aeabi_fmul                             0x08004995   Thumb Code     0  fmul.o(x$fpl$fmul)
    _fmul                                    0x08004995   Thumb Code   258  fmul.o(x$fpl$fmul)
    __fpl_fnaninf                            0x08004a97   Thumb Code   140  fnaninf.o(x$fpl$fnaninf)
    __fpl_fretinf                            0x08004b23   Thumb Code    10  fretinf.o(x$fpl$fretinf)
    __I$use$fp                               0x08004b2c   Number         0  usenofp.o(x$fpl$usenofp)
    AHBPrescTable                            0x08004b92   Data          16  system_stm32f1xx.o(.constdata)
    APBPrescTable                            0x08004ba2   Data           8  system_stm32f1xx.o(.constdata)
    Region$$Table$$Base                      0x08004bac   Number         0  anon$$obj.o(Region$$Table)
    Region$$Table$$Limit                     0x08004bcc   Number         0  anon$$obj.o(Region$$Table)
    flag_cnt_50us                            0x20000000   Data           1  main.o(.data)
    mode_led                                 0x20000001   Data           1  main.o(.data)
    mode_buzzer                              0x20000002   Data           1  main.o(.data)
    rec_ok                                   0x20000003   Data           1  main.o(.data)
    flag_Lora_Rx                             0x20000004   Data           1  main.o(.data)
    slave_status                             0x20000005   Data           1  main.o(.data)
    flag_get_zero                            0x20000006   Data           1  main.o(.data)
    cnt_handle_led                           0x20000008   Data           2  main.o(.data)
    cnt_handle_buzzer                        0x2000000a   Data           2  main.o(.data)
    config_lora                              0x2000000c   Data           2  main.o(.data)
    num_RX_irq_LoRa                          0x2000000e   Data           2  main.o(.data)
    offset_pS                                0x20000010   Data           2  main.o(.data)
    delta_pA                                 0x20000012   Data           2  main.o(.data)
    delta_pB                                 0x20000014   Data           2  main.o(.data)
    delta_pC                                 0x20000016   Data           2  main.o(.data)
    point_pA                                 0x20000018   Data           2  main.o(.data)
    point_pB                                 0x2000001a   Data           2  main.o(.data)
    point_pC                                 0x2000001c   Data           2  main.o(.data)
    tick_slave                               0x20000020   Data           4  main.o(.data)
    cnt_timetick                             0x20000024   Data           4  main.o(.data)
    ovf_tim3                                 0x20000028   Data           4  main.o(.data)
    rx_time                                  0x2000002c   Data           4  main.o(.data)
    deltaT_mod                               0x20000030   Data           4  main.o(.data)
    deltaT_div                               0x20000034   Data           4  main.o(.data)
    adc_raw                                  0x20000038   Data           4  main.o(.data)
    vInfor_default                           0x2000003c   Data          12  flash.o(.data)
    uwTickFreq                               0x20000048   Data           1  stm32f1xx_hal.o(.data)
    uwTickPrio                               0x2000004c   Data           4  stm32f1xx_hal.o(.data)
    uwTick                                   0x20000050   Data           4  stm32f1xx_hal.o(.data)
    SystemCoreClock                          0x20000054   Data           4  system_stm32f1xx.o(.data)
    hadc1                                    0x20000058   Data          48  main.o(.bss)
    hspi1                                    0x20000088   Data          88  main.o(.bss)
    htim1                                    0x200000e0   Data          72  main.o(.bss)
    htim2                                    0x20000128   Data          72  main.o(.bss)
    htim3                                    0x20000170   Data          72  main.o(.bss)
    huart1                                   0x200001b8   Data          72  main.o(.bss)
    vLoRa                                    0x20000200   Data          52  main.o(.bss)
    RX_LoRa_buff                             0x20000234   Data          12  main.o(.bss)
    phaseS                                   0x20000240   Data         240  main.o(.bss)
    battery                                  0x20000330   Data         244  main.o(.bss)
    hdma_adc1                                0x20000424   Data          68  main.o(.bss)
    hdma_usart1_tx                           0x20000468   Data          68  main.o(.bss)
    vInfor_cache                             0x200004ac   Data          12  flash.o(.bss)
    pFlash                                   0x200004b8   Data          32  stm32f1xx_hal_flash.o(.bss)
    __libspace_start                         0x200004d8   Data          96  libspace.o(.bss)
    __temporary_stack_top$libspace           0x20000538   Data           0  libspace.o(.bss)



==============================================================================

Memory Map of the image

  Image Entry point : 0x080000ed

  Load Region LR_IROM1 (Base: 0x08000000, Size: 0x00004c24, Max: 0x00010000, ABSOLUTE)

    Execution Region ER_IROM1 (Exec base: 0x08000000, Load base: 0x08000000, Size: 0x00004bcc, Max: 0x00010000, ABSOLUTE)

    Exec Addr    Load Addr    Size         Type   Attr      Idx    E Section Name        Object

    0x08000000   0x08000000   0x000000ec   Data   RO            3    RESET               startup_stm32f103xb.o
    0x080000ec   0x080000ec   0x00000008   Code   RO         3703  * !!!main             c_w.l(__main.o)
    0x080000f4   0x080000f4   0x00000034   Code   RO         3909    !!!scatter          c_w.l(__scatter.o)
    0x08000128   0x08000128   0x0000001a   Code   RO         3911    !!handler_copy      c_w.l(__scatter_copy.o)
    0x08000142   0x08000142   0x00000002   PAD
    0x08000144   0x08000144   0x0000001c   Code   RO         3913    !!handler_zi        c_w.l(__scatter_zi.o)
    0x08000160   0x08000160   0x00000002   Code   RO         3779    .ARM.Collect$$libinit$$00000000  c_w.l(libinit.o)
    0x08000162   0x08000162   0x00000000   Code   RO         3786    .ARM.Collect$$libinit$$00000002  c_w.l(libinit2.o)
    0x08000162   0x08000162   0x00000000   Code   RO         3788    .ARM.Collect$$libinit$$00000004  c_w.l(libinit2.o)
    0x08000162   0x08000162   0x00000000   Code   RO         3791    .ARM.Collect$$libinit$$0000000A  c_w.l(libinit2.o)
    0x08000162   0x08000162   0x00000000   Code   RO         3793    .ARM.Collect$$libinit$$0000000C  c_w.l(libinit2.o)
    0x08000162   0x08000162   0x00000000   Code   RO         3795    .ARM.Collect$$libinit$$0000000E  c_w.l(libinit2.o)
    0x08000162   0x08000162   0x00000000   Code   RO         3798    .ARM.Collect$$libinit$$00000011  c_w.l(libinit2.o)
    0x08000162   0x08000162   0x00000000   Code   RO         3800    .ARM.Collect$$libinit$$00000013  c_w.l(libinit2.o)
    0x08000162   0x08000162   0x00000000   Code   RO         3802    .ARM.Collect$$libinit$$00000015  c_w.l(libinit2.o)
    0x08000162   0x08000162   0x00000000   Code   RO         3804    .ARM.Collect$$libinit$$00000017  c_w.l(libinit2.o)
    0x08000162   0x08000162   0x00000000   Code   RO         3806    .ARM.Collect$$libinit$$00000019  c_w.l(libinit2.o)
    0x08000162   0x08000162   0x00000000   Code   RO         3808    .ARM.Collect$$libinit$$0000001B  c_w.l(libinit2.o)
    0x08000162   0x08000162   0x00000000   Code   RO         3810    .ARM.Collect$$libinit$$0000001D  c_w.l(libinit2.o)
    0x08000162   0x08000162   0x00000000   Code   RO         3812    .ARM.Collect$$libinit$$0000001F  c_w.l(libinit2.o)
    0x08000162   0x08000162   0x00000000   Code   RO         3814    .ARM.Collect$$libinit$$00000021  c_w.l(libinit2.o)
    0x08000162   0x08000162   0x00000000   Code   RO         3816    .ARM.Collect$$libinit$$00000023  c_w.l(libinit2.o)
    0x08000162   0x08000162   0x00000000   Code   RO         3818    .ARM.Collect$$libinit$$00000025  c_w.l(libinit2.o)
    0x08000162   0x08000162   0x00000000   Code   RO         3822    .ARM.Collect$$libinit$$0000002C  c_w.l(libinit2.o)
    0x08000162   0x08000162   0x00000000   Code   RO         3824    .ARM.Collect$$libinit$$0000002E  c_w.l(libinit2.o)
    0x08000162   0x08000162   0x00000000   Code   RO         3826    .ARM.Collect$$libinit$$00000030  c_w.l(libinit2.o)
    0x08000162   0x08000162   0x00000000   Code   RO         3828    .ARM.Collect$$libinit$$00000032  c_w.l(libinit2.o)
    0x08000162   0x08000162   0x00000002   Code   RO         3829    .ARM.Collect$$libinit$$00000033  c_w.l(libinit2.o)
    0x08000164   0x08000164   0x00000002   Code   RO         3849    .ARM.Collect$$libshutdown$$00000000  c_w.l(libshutdown.o)
    0x08000166   0x08000166   0x00000000   Code   RO         3862    .ARM.Collect$$libshutdown$$00000002  c_w.l(libshutdown2.o)
    0x08000166   0x08000166   0x00000000   Code   RO         3864    .ARM.Collect$$libshutdown$$00000004  c_w.l(libshutdown2.o)
    0x08000166   0x08000166   0x00000000   Code   RO         3867    .ARM.Collect$$libshutdown$$00000007  c_w.l(libshutdown2.o)
    0x08000166   0x08000166   0x00000000   Code   RO         3870    .ARM.Collect$$libshutdown$$0000000A  c_w.l(libshutdown2.o)
    0x08000166   0x08000166   0x00000000   Code   RO         3872    .ARM.Collect$$libshutdown$$0000000C  c_w.l(libshutdown2.o)
    0x08000166   0x08000166   0x00000000   Code   RO         3875    .ARM.Collect$$libshutdown$$0000000F  c_w.l(libshutdown2.o)
    0x08000166   0x08000166   0x00000002   Code   RO         3876    .ARM.Collect$$libshutdown$$00000010  c_w.l(libshutdown2.o)
    0x08000168   0x08000168   0x00000000   Code   RO         3743    .ARM.Collect$$rtentry$$00000000  c_w.l(__rtentry.o)
    0x08000168   0x08000168   0x00000000   Code   RO         3756    .ARM.Collect$$rtentry$$00000002  c_w.l(__rtentry2.o)
    0x08000168   0x08000168   0x00000006   Code   RO         3768    .ARM.Collect$$rtentry$$00000004  c_w.l(__rtentry4.o)
    0x0800016e   0x0800016e   0x00000000   Code   RO         3758    .ARM.Collect$$rtentry$$00000009  c_w.l(__rtentry2.o)
    0x0800016e   0x0800016e   0x00000004   Code   RO         3759    .ARM.Collect$$rtentry$$0000000A  c_w.l(__rtentry2.o)
    0x08000172   0x08000172   0x00000000   Code   RO         3761    .ARM.Collect$$rtentry$$0000000C  c_w.l(__rtentry2.o)
    0x08000172   0x08000172   0x00000008   Code   RO         3762    .ARM.Collect$$rtentry$$0000000D  c_w.l(__rtentry2.o)
    0x0800017a   0x0800017a   0x00000002   Code   RO         3783    .ARM.Collect$$rtexit$$00000000  c_w.l(rtexit.o)
    0x0800017c   0x0800017c   0x00000000   Code   RO         3831    .ARM.Collect$$rtexit$$00000002  c_w.l(rtexit2.o)
    0x0800017c   0x0800017c   0x00000004   Code   RO         3832    .ARM.Collect$$rtexit$$00000003  c_w.l(rtexit2.o)
    0x08000180   0x08000180   0x00000006   Code   RO         3833    .ARM.Collect$$rtexit$$00000004  c_w.l(rtexit2.o)
    0x08000186   0x08000186   0x00000002   PAD
    0x08000188   0x08000188   0x00000040   Code   RO            4    .text               startup_stm32f103xb.o
    0x080001c8   0x080001c8   0x00000026   Code   RO         3693    .text               c_w.l(llushr.o)
    0x080001ee   0x080001ee   0x00000058   Code   RO         3695    .text               c_w.l(memcmp.o)
    0x08000246   0x08000246   0x00000064   Code   RO         3697    .text               c_w.l(rt_memcpy_w.o)
    0x080002aa   0x080002aa   0x0000004e   Code   RO         3699    .text               c_w.l(rt_memclr_w.o)
    0x080002f8   0x080002f8   0x00000006   Code   RO         3701    .text               c_w.l(heapauxi.o)
    0x080002fe   0x080002fe   0x0000004a   Code   RO         3770    .text               c_w.l(sys_stackheap_outer.o)
    0x08000348   0x08000348   0x00000012   Code   RO         3772    .text               c_w.l(exit.o)
    0x0800035a   0x0800035a   0x00000002   PAD
    0x0800035c   0x0800035c   0x00000008   Code   RO         3780    .text               c_w.l(libspace.o)
    0x08000364   0x08000364   0x0000000c   Code   RO         3841    .text               c_w.l(sys_exit.o)
    0x08000370   0x08000370   0x00000002   Code   RO         3852    .text               c_w.l(use_no_semi.o)
    0x08000372   0x08000372   0x00000000   Code   RO         3854    .text               c_w.l(indicate_semi.o)
    0x08000372   0x08000372   0x00000002   PAD
    0x08000374   0x08000374   0x00000056   Code   RO          745    i.ADC_ConversionStop_Disable  stm32f1xx_hal_adc.o
    0x080003ca   0x080003ca   0x0000004e   Code   RO          746    i.ADC_DMAConvCplt   stm32f1xx_hal_adc.o
    0x08000418   0x08000418   0x0000001a   Code   RO          747    i.ADC_DMAError      stm32f1xx_hal_adc.o
    0x08000432   0x08000432   0x0000000a   Code   RO          748    i.ADC_DMAHalfConvCplt  stm32f1xx_hal_adc.o
    0x0800043c   0x0800043c   0x0000007c   Code   RO          749    i.ADC_Enable        stm32f1xx_hal_adc.o
    0x080004b8   0x080004b8   0x00000164   Code   RO          266    i.Battery_Handle    main.o
    0x0800061c   0x0800061c   0x00000022   Code   RO          267    i.Battery_init      main.o
    0x0800063e   0x0800063e   0x00000002   Code   RO          450    i.BusFault_Handler  stm32f1xx_it.o
    0x08000640   0x08000640   0x0000000c   Code   RO          451    i.DMA1_Channel1_IRQHandler  stm32f1xx_it.o
    0x0800064c   0x0800064c   0x0000000c   Code   RO          452    i.DMA1_Channel4_IRQHandler  stm32f1xx_it.o
    0x08000658   0x08000658   0x0000002a   Code   RO         1401    i.DMA_SetConfig     stm32f1xx_hal_dma.o
    0x08000682   0x08000682   0x00000002   Code   RO          453    i.DebugMon_Handler  stm32f1xx_it.o
    0x08000684   0x08000684   0x00000006   Code   RO          454    i.EXTI1_IRQHandler  stm32f1xx_it.o
    0x0800068a   0x0800068a   0x00000008   Code   RO          455    i.EXTI9_5_IRQHandler  stm32f1xx_it.o
    0x08000692   0x08000692   0x00000004   Code   RO          268    i.Error_Handler     main.o
    0x08000696   0x08000696   0x00000002   PAD
    0x08000698   0x08000698   0x00000024   Code   RO         1841    i.FLASH_MassErase   stm32f1xx_hal_flash_ex.o
    0x080006bc   0x080006bc   0x00000024   Code   RO         1846    i.FLASH_PageErase   stm32f1xx_hal_flash_ex.o
    0x080006e0   0x080006e0   0x0000001c   Code   RO         1738    i.FLASH_Program_HalfWord  stm32f1xx_hal_flash.o
    0x080006fc   0x080006fc   0x0000005c   Code   RO         1739    i.FLASH_SetErrorCode  stm32f1xx_hal_flash.o
    0x08000758   0x08000758   0x00000054   Code   RO         1740    i.FLASH_WaitForLastOperation  stm32f1xx_hal_flash.o
    0x080007ac   0x080007ac   0x00000026   Code   RO          641    i.Flash_Erase       flash.o
    0x080007d2   0x080007d2   0x0000001c   Code   RO          642    i.Flash_Read_Array  flash.o
    0x080007ee   0x080007ee   0x00000006   Code   RO          643    i.Flash_Read_Struct  flash.o
    0x080007f4   0x080007f4   0x00000036   Code   RO          644    i.Flash_Write_Array  flash.o
    0x0800082a   0x0800082a   0x0000000c   Code   RO          645    i.Flash_Write_Struct  flash.o
    0x08000836   0x08000836   0x00000002   PAD
    0x08000838   0x08000838   0x00000020   Code   RO          269    i.GetTimeUs         main.o
    0x08000858   0x08000858   0x000000bc   Code   RO          270    i.Get_Offset        main.o
    0x08000914   0x08000914   0x000000fc   Code   RO          751    i.HAL_ADC_ConfigChannel  stm32f1xx_hal_adc.o
    0x08000a10   0x08000a10   0x00000002   Code   RO          752    i.HAL_ADC_ConvCpltCallback  stm32f1xx_hal_adc.o
    0x08000a12   0x08000a12   0x00000002   Code   RO          753    i.HAL_ADC_ConvHalfCpltCallback  stm32f1xx_hal_adc.o
    0x08000a14   0x08000a14   0x00000002   Code   RO          755    i.HAL_ADC_ErrorCallback  stm32f1xx_hal_adc.o
    0x08000a16   0x08000a16   0x00000002   PAD
    0x08000a18   0x08000a18   0x0000011c   Code   RO          760    i.HAL_ADC_Init      stm32f1xx_hal_adc.o
    0x08000b34   0x08000b34   0x0000008c   Code   RO          569    i.HAL_ADC_MspInit   stm32f1xx_hal_msp.o
    0x08000bc0   0x08000bc0   0x0000010c   Code   RO          767    i.HAL_ADC_Start_DMA  stm32f1xx_hal_adc.o
    0x08000ccc   0x08000ccc   0x00000046   Code   RO         1402    i.HAL_DMA_Abort     stm32f1xx_hal_dma.o
    0x08000d12   0x08000d12   0x00000002   PAD
    0x08000d14   0x08000d14   0x00000098   Code   RO         1403    i.HAL_DMA_Abort_IT  stm32f1xx_hal_dma.o
    0x08000dac   0x08000dac   0x00000154   Code   RO         1407    i.HAL_DMA_IRQHandler  stm32f1xx_hal_dma.o
    0x08000f00   0x08000f00   0x0000005c   Code   RO         1408    i.HAL_DMA_Init      stm32f1xx_hal_dma.o
    0x08000f5c   0x08000f5c   0x00000070   Code   RO         1412    i.HAL_DMA_Start_IT  stm32f1xx_hal_dma.o
    0x08000fcc   0x08000fcc   0x00000024   Code   RO         1028    i.HAL_Delay         stm32f1xx_hal.o
    0x08000ff0   0x08000ff0   0x000000a8   Code   RO         1847    i.HAL_FLASHEx_Erase  stm32f1xx_hal_flash_ex.o
    0x08001098   0x08001098   0x00000014   Code   RO         1744    i.HAL_FLASH_Lock    stm32f1xx_hal_flash.o
    0x080010ac   0x080010ac   0x00000080   Code   RO         1749    i.HAL_FLASH_Program  stm32f1xx_hal_flash.o
    0x0800112c   0x0800112c   0x00000028   Code   RO         1751    i.HAL_FLASH_Unlock  stm32f1xx_hal_flash.o
    0x08001154   0x08001154   0x00000020   Code   RO          271    i.HAL_GPIO_EXTI_Callback  main.o
    0x08001174   0x08001174   0x00000018   Code   RO         1337    i.HAL_GPIO_EXTI_IRQHandler  stm32f1xx_hal_gpio.o
    0x0800118c   0x0800118c   0x000001e0   Code   RO         1338    i.HAL_GPIO_Init     stm32f1xx_hal_gpio.o
    0x0800136c   0x0800136c   0x0000000a   Code   RO         1340    i.HAL_GPIO_ReadPin  stm32f1xx_hal_gpio.o
    0x08001376   0x08001376   0x0000000a   Code   RO         1342    i.HAL_GPIO_WritePin  stm32f1xx_hal_gpio.o
    0x08001380   0x08001380   0x0000000c   Code   RO         1032    i.HAL_GetTick       stm32f1xx_hal.o
    0x0800138c   0x0800138c   0x00000010   Code   RO         1038    i.HAL_IncTick       stm32f1xx_hal.o
    0x0800139c   0x0800139c   0x00000024   Code   RO         1039    i.HAL_Init          stm32f1xx_hal.o
    0x080013c0   0x080013c0   0x00000040   Code   RO         1040    i.HAL_InitTick      stm32f1xx_hal.o
    0x08001400   0x08001400   0x0000003c   Code   RO          570    i.HAL_MspInit       stm32f1xx_hal_msp.o
    0x0800143c   0x0800143c   0x0000001a   Code   RO         1498    i.HAL_NVIC_EnableIRQ  stm32f1xx_hal_cortex.o
    0x08001456   0x08001456   0x00000002   PAD
    0x08001458   0x08001458   0x00000040   Code   RO         1504    i.HAL_NVIC_SetPriority  stm32f1xx_hal_cortex.o
    0x08001498   0x08001498   0x00000024   Code   RO         1505    i.HAL_NVIC_SetPriorityGrouping  stm32f1xx_hal_cortex.o
    0x080014bc   0x080014bc   0x000000ec   Code   RO         1300    i.HAL_RCCEx_PeriphCLKConfig  stm32f1xx_hal_rcc_ex.o
    0x080015a8   0x080015a8   0x0000012c   Code   RO         1196    i.HAL_RCC_ClockConfig  stm32f1xx_hal_rcc.o
    0x080016d4   0x080016d4   0x00000020   Code   RO         1203    i.HAL_RCC_GetPCLK1Freq  stm32f1xx_hal_rcc.o
    0x080016f4   0x080016f4   0x00000020   Code   RO         1204    i.HAL_RCC_GetPCLK2Freq  stm32f1xx_hal_rcc.o
    0x08001714   0x08001714   0x0000004c   Code   RO         1205    i.HAL_RCC_GetSysClockFreq  stm32f1xx_hal_rcc.o
    0x08001760   0x08001760   0x00000320   Code   RO         1208    i.HAL_RCC_OscConfig  stm32f1xx_hal_rcc.o
    0x08001a80   0x08001a80   0x00000006   Code   RO         2007    i.HAL_SPI_GetState  stm32f1xx_hal_spi.o
    0x08001a86   0x08001a86   0x000000b2   Code   RO         2009    i.HAL_SPI_Init      stm32f1xx_hal_spi.o
    0x08001b38   0x08001b38   0x00000070   Code   RO          572    i.HAL_SPI_MspInit   stm32f1xx_hal_msp.o
    0x08001ba8   0x08001ba8   0x00000154   Code   RO         2012    i.HAL_SPI_Receive   stm32f1xx_hal_spi.o
    0x08001cfc   0x08001cfc   0x00000166   Code   RO         2017    i.HAL_SPI_Transmit  stm32f1xx_hal_spi.o
    0x08001e62   0x08001e62   0x000001f0   Code   RO         2018    i.HAL_SPI_TransmitReceive  stm32f1xx_hal_spi.o
    0x08002052   0x08002052   0x00000028   Code   RO         1509    i.HAL_SYSTICK_Config  stm32f1xx_hal_cortex.o
    0x0800207a   0x0800207a   0x00000002   Code   RO         3026    i.HAL_TIMEx_BreakCallback  stm32f1xx_hal_tim_ex.o
    0x0800207c   0x0800207c   0x00000002   Code   RO         3027    i.HAL_TIMEx_CommutCallback  stm32f1xx_hal_tim_ex.o
    0x0800207e   0x0800207e   0x00000002   PAD
    0x08002080   0x08002080   0x00000068   Code   RO         3045    i.HAL_TIMEx_MasterConfigSynchronization  stm32f1xx_hal_tim_ex.o
    0x080020e8   0x080020e8   0x0000005a   Code   RO         2322    i.HAL_TIM_Base_Init  stm32f1xx_hal_tim.o
    0x08002142   0x08002142   0x00000002   PAD
    0x08002144   0x08002144   0x000000bc   Code   RO          574    i.HAL_TIM_Base_MspInit  stm32f1xx_hal_msp.o
    0x08002200   0x08002200   0x00000058   Code   RO         2327    i.HAL_TIM_Base_Start_IT  stm32f1xx_hal_tim.o
    0x08002258   0x08002258   0x000000dc   Code   RO         2331    i.HAL_TIM_ConfigClockSource  stm32f1xx_hal_tim.o
    0x08002334   0x08002334   0x00000002   Code   RO         2356    i.HAL_TIM_IC_CaptureCallback  stm32f1xx_hal_tim.o
    0x08002336   0x08002336   0x00000124   Code   RO         2358    i.HAL_TIM_IC_ConfigChannel  stm32f1xx_hal_tim.o
    0x0800245a   0x0800245a   0x0000005a   Code   RO         2361    i.HAL_TIM_IC_Init   stm32f1xx_hal_tim.o
    0x080024b4   0x080024b4   0x00000002   Code   RO         2363    i.HAL_TIM_IC_MspInit  stm32f1xx_hal_tim.o
    0x080024b6   0x080024b6   0x00000130   Code   RO         2370    i.HAL_TIM_IRQHandler  stm32f1xx_hal_tim.o
    0x080025e6   0x080025e6   0x00000002   Code   RO         2373    i.HAL_TIM_OC_DelayElapsedCallback  stm32f1xx_hal_tim.o
    0x080025e8   0x080025e8   0x00000002   Code   RO         2400    i.HAL_TIM_PWM_PulseFinishedCallback  stm32f1xx_hal_tim.o
    0x080025ea   0x080025ea   0x00000002   PAD
    0x080025ec   0x080025ec   0x0000005c   Code   RO          272    i.HAL_TIM_PeriodElapsedCallback  main.o
    0x08002648   0x08002648   0x00000002   Code   RO         2413    i.HAL_TIM_TriggerCallback  stm32f1xx_hal_tim.o
    0x0800264a   0x0800264a   0x00000002   Code   RO         3305    i.HAL_UARTEx_RxEventCallback  stm32f1xx_hal_uart.o
    0x0800264c   0x0800264c   0x00000002   Code   RO         3319    i.HAL_UART_ErrorCallback  stm32f1xx_hal_uart.o
    0x0800264e   0x0800264e   0x00000002   PAD
    0x08002650   0x08002650   0x0000026c   Code   RO         3322    i.HAL_UART_IRQHandler  stm32f1xx_hal_uart.o
    0x080028bc   0x080028bc   0x00000064   Code   RO         3323    i.HAL_UART_Init     stm32f1xx_hal_uart.o
    0x08002920   0x08002920   0x000000b0   Code   RO          576    i.HAL_UART_MspInit  stm32f1xx_hal_msp.o
    0x080029d0   0x080029d0   0x00000002   Code   RO         3329    i.HAL_UART_RxCpltCallback  stm32f1xx_hal_uart.o
    0x080029d2   0x080029d2   0x00000002   Code   RO         3334    i.HAL_UART_TxCpltCallback  stm32f1xx_hal_uart.o
    0x080029d4   0x080029d4   0x0000004c   Code   RO          273    i.Handle_Buzzer     main.o
    0x08002a20   0x08002a20   0x0000009c   Code   RO          274    i.Handle_LED        main.o
    0x08002abc   0x08002abc   0x00000178   Code   RO          275    i.Handle_LoRa_RX    main.o
    0x08002c34   0x08002c34   0x00000002   Code   RO          456    i.HardFault_Handler  stm32f1xx_it.o
    0x08002c36   0x08002c36   0x000000e4   Code   RO           15    i.LoRa_Config       lora.o
    0x08002d1a   0x08002d1a   0x00000086   Code   RO           17    i.LoRa_gotoMode     lora.o
    0x08002da0   0x08002da0   0x0000001e   Code   RO           19    i.LoRa_read         lora.o
    0x08002dbe   0x08002dbe   0x00000058   Code   RO           20    i.LoRa_readReg      lora.o
    0x08002e16   0x08002e16   0x0000007c   Code   RO           21    i.LoRa_receive      lora.o
    0x08002e92   0x08002e92   0x00000028   Code   RO           22    i.LoRa_reset        lora.o
    0x08002eba   0x08002eba   0x00000002   PAD
    0x08002ebc   0x08002ebc   0x0000004c   Code   RO           23    i.LoRa_setAutoLDO   lora.o
    0x08002f08   0x08002f08   0x00000040   Code   RO           24    i.LoRa_setFrequency  lora.o
    0x08002f48   0x08002f48   0x0000002a   Code   RO           25    i.LoRa_setLowDaraRateOptimization  lora.o
    0x08002f72   0x08002f72   0x0000003e   Code   RO           26    i.LoRa_setOCP       lora.o
    0x08002fb0   0x08002fb0   0x00000014   Code   RO           27    i.LoRa_setPower     lora.o
    0x08002fc4   0x08002fc4   0x00000040   Code   RO           28    i.LoRa_setSpreadingFactor  lora.o
    0x08003004   0x08003004   0x00000020   Code   RO           30    i.LoRa_setTOMsb_setCRCon  lora.o
    0x08003024   0x08003024   0x00000006   Code   RO           31    i.LoRa_startReceiving  lora.o
    0x0800302a   0x0800302a   0x0000001e   Code   RO           33    i.LoRa_write        lora.o
    0x08003048   0x08003048   0x00000058   Code   RO           34    i.LoRa_writeReg     lora.o
    0x080030a0   0x080030a0   0x000000dc   Code   RO          646    i.Load_Infor_Func   flash.o
    0x0800317c   0x0800317c   0x00000044   Code   RO           35    i.Lora_Init         lora.o
    0x080031c0   0x080031c0   0x0000002e   Code   RO          276    i.MA_Init           main.o
    0x080031ee   0x080031ee   0x00000044   Code   RO          277    i.MA_Update         main.o
    0x08003232   0x08003232   0x00000002   PAD
    0x08003234   0x08003234   0x00000068   Code   RO          278    i.MX_ADC1_Init      main.o
    0x0800329c   0x0800329c   0x00000138   Code   RO          279    i.MX_GPIO_Init      main.o
    0x080033d4   0x080033d4   0x00000044   Code   RO          280    i.MX_SPI1_Init      main.o
    0x08003418   0x08003418   0x00000068   Code   RO          281    i.MX_TIM1_Init      main.o
    0x08003480   0x08003480   0x00000090   Code   RO          282    i.MX_TIM2_Init      main.o
    0x08003510   0x08003510   0x00000068   Code   RO          283    i.MX_TIM3_Init      main.o
    0x08003578   0x08003578   0x00000002   Code   RO          457    i.MemManage_Handler  stm32f1xx_it.o
    0x0800357a   0x0800357a   0x00000002   Code   RO          458    i.NMI_Handler       stm32f1xx_it.o
    0x0800357c   0x0800357c   0x00000024   Code   RO          284    i.OFF_LED_STATUS    main.o
    0x080035a0   0x080035a0   0x00000020   Code   RO          285    i.ON_LED_STATUS_G   main.o
    0x080035c0   0x080035c0   0x00000024   Code   RO          286    i.ON_LED_STATUS_R   main.o
    0x080035e4   0x080035e4   0x00000002   Code   RO          459    i.PendSV_Handler    stm32f1xx_it.o
    0x080035e6   0x080035e6   0x0000003a   Code   RO          287    i.Phase_init        main.o
    0x08003620   0x08003620   0x0000010c   Code   RO          288    i.Process_Phase_ZC  main.o
    0x0800372c   0x0800372c   0x0000005c   Code   RO         2046    i.SPI_EndRxTransaction  stm32f1xx_hal_spi.o
    0x08003788   0x08003788   0x00000034   Code   RO         2047    i.SPI_EndRxTxTransaction  stm32f1xx_hal_spi.o
    0x080037bc   0x080037bc   0x000000b8   Code   RO         2052    i.SPI_WaitFlagStateUntilTimeout  stm32f1xx_hal_spi.o
    0x08003874   0x08003874   0x00000002   Code   RO          460    i.SVC_Handler       stm32f1xx_it.o
    0x08003876   0x08003876   0x00000004   Code   RO          461    i.SysTick_Handler   stm32f1xx_it.o
    0x0800387a   0x0800387a   0x00000078   Code   RO          289    i.SystemClock_Config  main.o
    0x080038f2   0x080038f2   0x00000002   Code   RO         3657    i.SystemInit        system_stm32f1xx.o
    0x080038f4   0x080038f4   0x0000000c   Code   RO          462    i.TIM1_UP_IRQHandler  stm32f1xx_it.o
    0x08003900   0x08003900   0x0000000c   Code   RO          463    i.TIM3_IRQHandler   stm32f1xx_it.o
    0x0800390c   0x0800390c   0x00000078   Code   RO         2415    i.TIM_Base_SetConfig  stm32f1xx_hal_tim.o
    0x08003984   0x08003984   0x00000014   Code   RO         2426    i.TIM_ETR_SetConfig  stm32f1xx_hal_tim.o
    0x08003998   0x08003998   0x00000010   Code   RO         2427    i.TIM_ITRx_SetConfig  stm32f1xx_hal_tim.o
    0x080039a8   0x080039a8   0x00000022   Code   RO         2433    i.TIM_TI1_ConfigInputStage  stm32f1xx_hal_tim.o
    0x080039ca   0x080039ca   0x00000002   PAD
    0x080039cc   0x080039cc   0x00000058   Code   RO         2434    i.TIM_TI1_SetConfig  stm32f1xx_hal_tim.o
    0x08003a24   0x08003a24   0x00000024   Code   RO         2435    i.TIM_TI2_ConfigInputStage  stm32f1xx_hal_tim.o
    0x08003a48   0x08003a48   0x00000036   Code   RO         2436    i.TIM_TI2_SetConfig  stm32f1xx_hal_tim.o
    0x08003a7e   0x08003a7e   0x00000010   Code   RO         3336    i.UART_DMAAbortOnError  stm32f1xx_hal_uart.o
    0x08003a8e   0x08003a8e   0x0000004e   Code   RO         3346    i.UART_EndRxTransfer  stm32f1xx_hal_uart.o
    0x08003adc   0x08003adc   0x000000c2   Code   RO         3348    i.UART_Receive_IT   stm32f1xx_hal_uart.o
    0x08003b9e   0x08003b9e   0x00000002   PAD
    0x08003ba0   0x08003ba0   0x000000b8   Code   RO         3349    i.UART_SetConfig    stm32f1xx_hal_uart.o
    0x08003c58   0x08003c58   0x0000000c   Code   RO          464    i.USART1_IRQHandler  stm32f1xx_it.o
    0x08003c64   0x08003c64   0x00000068   Code   RO          647    i.Update_NEW_Infor  flash.o
    0x08003ccc   0x08003ccc   0x00000002   Code   RO          465    i.UsageFault_Handler  stm32f1xx_it.o
    0x08003cce   0x08003cce   0x00000020   Code   RO         1511    i.__NVIC_SetPriority  stm32f1xx_hal_cortex.o
    0x08003cee   0x08003cee   0x00000002   PAD
    0x08003cf0   0x08003cf0   0x0000029c   Code   RO          290    i.main              main.o
    0x08003f8c   0x08003f8c   0x00000150   Code   RO         3705    x$fpl$dadd          fz_ws.l(daddsub_clz.o)
    0x080040dc   0x080040dc   0x00000018   Code   RO         3744    x$fpl$dcmpinf       fz_ws.l(dcmpi.o)
    0x080040f4   0x080040f4   0x000002b0   Code   RO         3712    x$fpl$ddiv          fz_ws.l(ddiv.o)
    0x080043a4   0x080043a4   0x0000005e   Code   RO         3715    x$fpl$dfix          fz_ws.l(dfix.o)
    0x08004402   0x08004402   0x0000002e   Code   RO         3720    x$fpl$dflt          fz_ws.l(dflt_clz.o)
    0x08004430   0x08004430   0x00000078   Code   RO         3725    x$fpl$dleqf         fz_ws.l(dleqf.o)
    0x080044a8   0x080044a8   0x0000009c   Code   RO         3746    x$fpl$dnaninf       fz_ws.l(dnaninf.o)
    0x08004544   0x08004544   0x0000000c   Code   RO         3748    x$fpl$dretinf       fz_ws.l(dretinf.o)
    0x08004550   0x08004550   0x0000006c   Code   RO         3727    x$fpl$drleqf        fz_ws.l(drleqf.o)
    0x080045bc   0x080045bc   0x000001d4   Code   RO         3707    x$fpl$dsub          fz_ws.l(daddsub_clz.o)
    0x08004790   0x08004790   0x00000056   Code   RO         3729    x$fpl$f2d           fz_ws.l(f2d.o)
    0x080047e6   0x080047e6   0x00000002   PAD
    0x080047e8   0x080047e8   0x00000184   Code   RO         3732    x$fpl$fdiv          fz_ws.l(fdiv.o)
    0x0800496c   0x0800496c   0x00000026   Code   RO         3735    x$fpl$ffltu         fz_ws.l(fflt_clz.o)
    0x08004992   0x08004992   0x00000002   PAD
    0x08004994   0x08004994   0x00000102   Code   RO         3741    x$fpl$fmul          fz_ws.l(fmul.o)
    0x08004a96   0x08004a96   0x0000008c   Code   RO         3750    x$fpl$fnaninf       fz_ws.l(fnaninf.o)
    0x08004b22   0x08004b22   0x0000000a   Code   RO         3752    x$fpl$fretinf       fz_ws.l(fretinf.o)
    0x08004b2c   0x08004b2c   0x00000000   Code   RO         3754    x$fpl$usenofp       fz_ws.l(usenofp.o)
    0x08004b2c   0x08004b2c   0x00000004   PAD
    0x08004b30   0x08004b30   0x00000050   Data   RO           36    .constdata          lora.o
    0x08004b80   0x08004b80   0x00000012   Data   RO         1209    .constdata          stm32f1xx_hal_rcc.o
    0x08004b92   0x08004b92   0x00000010   Data   RO         3658    .constdata          system_stm32f1xx.o
    0x08004ba2   0x08004ba2   0x00000008   Data   RO         3659    .constdata          system_stm32f1xx.o
    0x08004baa   0x08004baa   0x00000002   PAD
    0x08004bac   0x08004bac   0x00000020   Data   RO         3907    Region$$Table       anon$$obj.o


    Execution Region RW_IRAM1 (Exec base: 0x20000000, Load base: 0x08004bcc, Size: 0x00000b38, Max: 0x00005000, ABSOLUTE)

    Exec Addr    Load Addr    Size         Type   Attr      Idx    E Section Name        Object

    0x20000000   0x08004bcc   0x0000003c   Data   RW          296    .data               main.o
    0x2000003c   0x08004c08   0x0000000c   Data   RW          649    .data               flash.o
    0x20000048   0x08004c14   0x0000000c   Data   RW         1046    .data               stm32f1xx_hal.o
    0x20000054   0x08004c20   0x00000004   Data   RW         3660    .data               system_stm32f1xx.o
    0x20000058        -       0x000003cc   Zero   RW          291    .bss                main.o
    0x20000424        -       0x00000044   Zero   RW          292    .bss                main.o
    0x20000468        -       0x00000044   Zero   RW          293    .bss                main.o
    0x200004ac        -       0x0000000c   Zero   RW          648    .bss                flash.o
    0x200004b8        -       0x00000020   Zero   RW         1752    .bss                stm32f1xx_hal_flash.o
    0x200004d8        -       0x00000060   Zero   RW         3781    .bss                c_w.l(libspace.o)
    0x20000538        -       0x00000200   Zero   RW            2    HEAP                startup_stm32f103xb.o
    0x20000738        -       0x00000400   Zero   RW            1    STACK               startup_stm32f103xb.o


==============================================================================

Image component sizes


      Code (inc. data)   RO Data    RW Data    ZI Data      Debug   Object Name

       462         34          0         12         12      31238   flash.o
      1196         16         80          0          0     468453   lora.o
      3514        256          0         60       1108      21204   main.o
        64         26        236          0       1536        852   startup_stm32f103xb.o
       164         28          0         12          0       6241   stm32f1xx_hal.o
      1134         56          0          0          0       9042   stm32f1xx_hal_adc.o
       198         14          0          0          0      29199   stm32f1xx_hal_cortex.o
       808         36          0          0          0       5286   stm32f1xx_hal_dma.o
       392         46          0          0         32       5066   stm32f1xx_hal_flash.o
       240         26          0          0          0       3413   stm32f1xx_hal_flash_ex.o
       524         40          0          0          0       4322   stm32f1xx_hal_gpio.o
       676         82          0          0          0       4271   stm32f1xx_hal_msp.o
      1240         84         18          0          0       5376   stm32f1xx_hal_rcc.o
       236         12          0          0          0       1468   stm32f1xx_hal_rcc_ex.o
      1706          4          0          0          0       8997   stm32f1xx_hal_spi.o
      1462         36          0          0          0      14447   stm32f1xx_hal_tim.o
       108         12          0          0          0       2577   stm32f1xx_hal_tim_ex.o
      1200         10          0          0          0       8440   stm32f1xx_hal_uart.o
        94         30          0          0          0       7631   stm32f1xx_it.o
         2          0         24          4          0       1247   system_stm32f1xx.o

    ----------------------------------------------------------------------
     15448        848        392         88       2688     638770   Object Totals
         0          0         32          0          0          0   (incl. Generated)
        28          0          2          0          0          0   (incl. Padding)

    ----------------------------------------------------------------------

      Code (inc. data)   RO Data    RW Data    ZI Data      Debug   Library Member Name

         8          0          0          0          0         68   __main.o
         0          0          0          0          0          0   __rtentry.o
        12          0          0          0          0          0   __rtentry2.o
         6          0          0          0          0          0   __rtentry4.o
        52          8          0          0          0          0   __scatter.o
        26          0          0          0          0          0   __scatter_copy.o
        28          0          0          0          0          0   __scatter_zi.o
        18          0          0          0          0         80   exit.o
         6          0          0          0          0        152   heapauxi.o
         0          0          0          0          0          0   indicate_semi.o
         2          0          0          0          0          0   libinit.o
         2          0          0          0          0          0   libinit2.o
         2          0          0          0          0          0   libshutdown.o
         2          0          0          0          0          0   libshutdown2.o
         8          4          0          0         96         68   libspace.o
        38          0          0          0          0         68   llushr.o
        88          0          0          0          0         76   memcmp.o
        78          0          0          0          0         80   rt_memclr_w.o
       100          0          0          0          0         80   rt_memcpy_w.o
         2          0          0          0          0          0   rtexit.o
        10          0          0          0          0          0   rtexit2.o
        12          4          0          0          0         68   sys_exit.o
        74          0          0          0          0         80   sys_stackheap_outer.o
         2          0          0          0          0         68   use_no_semi.o
       804         16          0          0          0        272   daddsub_clz.o
        24          0          0          0          0         68   dcmpi.o
       688        140          0          0          0        208   ddiv.o
        94          4          0          0          0         92   dfix.o
        46          0          0          0          0         68   dflt_clz.o
       120          4          0          0          0         92   dleqf.o
       156          4          0          0          0         92   dnaninf.o
        12          0          0          0          0         68   dretinf.o
       108          0          0          0          0         80   drleqf.o
        86          4          0          0          0         84   f2d.o
       388         76          0          0          0         96   fdiv.o
        38          0          0          0          0         68   fflt_clz.o
       258          4          0          0          0         84   fmul.o
       140          4          0          0          0         84   fnaninf.o
        10          0          0          0          0         68   fretinf.o
         0          0          0          0          0          0   usenofp.o

    ----------------------------------------------------------------------
      3564        272          0          0         96       2412   Library Totals
        16          0          0          0          0          0   (incl. Padding)

    ----------------------------------------------------------------------

      Code (inc. data)   RO Data    RW Data    ZI Data      Debug   Library Name

       576         16          0          0         96        888   c_w.l
      2972        256          0          0          0       1524   fz_ws.l

    ----------------------------------------------------------------------
      3564        272          0          0         96       2412   Library Totals

    ----------------------------------------------------------------------

==============================================================================


      Code (inc. data)   RO Data    RW Data    ZI Data      Debug   

     19012       1120        392         88       2784     632182   Grand Totals
     19012       1120        392         88       2784     632182   ELF Image Totals
     19012       1120        392         88          0          0   ROM Totals

==============================================================================

    Total RO  Size (Code + RO Data)                19404 (  18.95kB)
    Total RW  Size (RW Data + ZI Data)              2872 (   2.80kB)
    Total ROM Size (Code + RO Data + RW Data)      19492 (  19.04kB)

==============================================================================

